03-06 01:47:12.714  4800  4838 I chatty  : uid=10063 com.android.vending:instant_app_installer expire 1 line
03-06 01:47:12.714  4800  4829 I chatty  : uid=10063 com.android.vending:instant_app_installer expire 1 line
03-06 01:47:12.722  4527  4527 I chatty  : uid=10063(com.android.vending) expire 4 lines
03-06 01:47:12.728  4527  4792 I chatty  : uid=10063(com.android.vending) expire 2 lines
03-06 01:47:12.728  4527  4527 I chatty  : uid=10063(com.android.vending) expire 6 lines
03-06 01:47:12.733  4527  4792 I chatty  : uid=10063(com.android.vending) expire 2 lines
03-06 01:47:12.735  4527  4527 I chatty  : uid=10063(com.android.vending) expire 6 lines
03-06 01:47:12.792  4800  4838 I chatty  : uid=10063 com.android.vending:instant_app_installer expire 1 line
03-06 01:47:12.793  4800  4842 I chatty  : uid=10063 com.android.vending:instant_app_installer expire 1 line
03-06 01:47:12.797  4800  4835 I chatty  : uid=10063 com.android.vending:instant_app_installer expire 1 line
03-06 01:47:12.816  4800  4842 I chatty  : uid=10063 com.android.vending:instant_app_installer expire 2 lines
03-06 01:47:12.866  4527  4527 I chatty  : uid=10063(com.android.vending) expire 81 lines
03-06 01:47:12.977  4527  4793 I chatty  : uid=10063(com.android.vending) expire 11 lines
03-06 01:47:12.977  4527  4604 I chatty  : uid=10063(com.android.vending) expire 1 line
03-06 01:47:12.982  4527  4591 I chatty  : uid=10063(com.android.vending) expire 4 lines
03-06 01:47:13.011  4800  4829 I chatty  : uid=10063 com.android.vending:instant_app_installer expire 3 lines
03-06 01:47:13.032  4527  4792 I chatty  : uid=10063(com.android.vending) expire 1 line
03-06 01:47:13.096  4800  4842 I chatty  : uid=10063 com.android.vending:instant_app_installer expire 3 lines
03-06 01:47:13.104  4800  4829 E ActivityThread: Failed to find provider info for com.google.android.instantapps.supervisor.SupervisorArchiveProvider
03-06 01:47:13.171  4527  4794 I chatty  : uid=10063(com.android.vending) expire 1 line
03-06 01:47:14.313   579  1999 I ActivityManager: Killing 2584:com.android.defcontainer/u0a7 (adj 906): empty #17
03-06 01:47:14.495  3152  3152 I GAv4-SVC: Google Analytics 15.0.90 is starting up.
03-06 01:47:18.043  4527  4610 I chatty  : uid=10063(com.android.vending) expire 2 lines
03-06 01:47:18.068   784   798 D TelephonyProvider: subIdString = 1 subId = 1
03-06 01:47:18.068   784   798 D TelephonyProvider: getPreferredApnIdFromApn: for subId 1
03-06 01:47:18.226  4527  4571 I chatty  : uid=10063(com.android.vending) expire 6 lines
03-06 01:47:18.227  4527  4573 I chatty  : uid=10063(com.android.vending) expire 2 lines
03-06 01:47:18.238   579   881 I ActivityManager: Killing 2656:com.android.keychain/1000 (adj 906): empty #17
03-06 01:47:18.251   579   646 I chatty  : uid=1000(system) WifiScanningSer expire 36 lines
03-06 01:47:18.547  4527  4612 I chatty  : uid=10063(com.android.vending) expire 8 lines
03-06 01:47:18.581  4527  4572 I chatty  : uid=10063(com.android.vending) expire 5 lines
03-06 01:47:18.593  4527  4623 I chatty  : uid=10063(com.android.vending) expire 10 lines
03-06 01:47:18.798  4527  4563 I chatty  : uid=10063(com.android.vending) expire 2 lines
03-06 01:47:18.799  4527  4574 I chatty  : uid=10063(com.android.vending) expire 2 lines
03-06 01:47:21.337   272   355 W GraphicBufferSource: Dropped back down to Loaded without Executing
03-06 01:47:21.341   272   853 D         : HostConnection::get() New Host Connection established 0xed09ec30, tid 853
03-06 01:47:21.345  3838  3838 D MPEG4Writer: Video track stopping
03-06 01:47:21.345  3838  3838 D MPEG4Writer: Video track source stopping
03-06 01:47:21.345  3838  3838 D MPEG4Writer: Video track source stopped
03-06 01:47:21.345  3838  3849 I MPEG4Writer: Received total/0-length (141/0) buffers and encoded 141 frames. - Video
03-06 01:47:21.346   272   762 E BufferQueueProducer: [GraphicBufferSource] cancelBuffer: BufferQueue has been abandoned
03-06 01:47:21.346  3838  3838 D MPEG4Writer: Video track stopped
03-06 01:47:21.346  3838  3838 D MPEG4Writer: Stopping writer thread
03-06 01:47:21.347  3838  3848 D MPEG4Writer: 0 chunks are written in the last batch
03-06 01:47:21.348  3838  3838 D MPEG4Writer: Writer thread stopped
03-06 01:47:21.355  3838  3838 D MPEG4Writer: Video track stopping
03-06 01:47:21.569  4880  4880 D AndroidRuntime: >>>>>> START com.android.internal.os.RuntimeInit uid 0 <<<<<<
03-06 01:47:21.570  4880  4880 D AndroidRuntime: CheckJNI is OFF
03-06 01:47:21.584  4880  4880 W art     : Unexpected CPU variant for X86 using defaults: x86
03-06 01:47:21.586  4880  4880 D ICU     : No timezone override file found: /data/misc/zoneinfo/current/icu/icu_tzdata.dat
03-06 01:47:21.596  4880  4880 E memtrack: Couldn't load memtrack module (No such file or directory)
03-06 01:47:21.596  4880  4880 E android.os.Debug: failed to load memtrack module: -2
03-06 01:47:21.596  4880  4880 I Radio-JNI: register_android_hardware_Radio DONE
03-06 01:47:21.600  4880  4880 D AndroidRuntime: Calling main entry com.android.commands.am.Am
03-06 01:47:21.608  1109  1109 D MediaScannerReceiver: action: android.intent.action.MEDIA_SCANNER_SCAN_FILE path: /storage/emulated/0/adbShell_GooglePlay.mp4
03-06 01:47:21.610  4880  4880 D AndroidRuntime: Shutting down VM
03-06 01:47:21.632  3838  3838 D ScreenRecord: success
03-06 01:47:21.716   274   354 V FFmpegExtractor: SniffFFMPEG
03-06 01:47:21.716   274   354 I FFmpegExtractor: android-source:0xf15d6000
03-06 01:47:21.716   274   354 D FFMPEG  : android source begin open
03-06 01:47:21.716   274   354 D FFMPEG  : android open, url: android-source:0xf15d6000
03-06 01:47:21.716   274   354 D FFMPEG  : ffmpeg open android data source success, source ptr: 0xf15d6000
03-06 01:47:21.716   274   354 D FFMPEG  : android source open success
03-06 01:47:21.800   274   354 I FFMPEG  : Input #0, mov,mp4,m4a,3gp,3g2,mj2, from 'android-source:0xf15d6000':
03-06 01:47:21.800   274   354 I FFMPEG  :   Metadata:
03-06 01:47:21.800   274   354 I FFMPEG  :     major_brand     : mp42
03-06 01:47:21.800   274   354 I FFMPEG  :     minor_version   : 0
03-06 01:47:21.800   274   354 I FFMPEG  :     compatible_brands: isommp42
03-06 01:47:21.800   274   354 I FFMPEG  :     creation_time   : 2019-03-06 06:47:21
03-06 01:47:21.800   274   354 I FFMPEG  :   Duration: 00:00:32.57, start: 0.000000, bitrate: 152 kb/s
03-06 01:47:21.800   274   354 I FFMPEG  :     Stream #0:0(eng): Video: h264 (Constrained Baseline) (avc1 / 0x31637661), yuv420p, 768x1280, 151 kb/s, SAR 65536:65536 DAR 3:5, 4.33 fps, 90k tbr, 90k tbn, 180k tbc (default)
03-06 01:47:21.800   274   354 I FFMPEG  :     Metadata:
03-06 01:47:21.800   274   354 I FFMPEG  :       creation_time   : 2019-03-06 06:47:21
03-06 01:47:21.800   274   354 I FFMPEG  :       handler_name    : VideoHandle
03-06 01:47:21.800   274   354 I FFmpegExtractor: FFmpegExtrator, url: android-source:0xf15d6000, format_name: mov,mp4,m4a,3gp,3g2,mj2, format_long_name: QuickTime / MOV
03-06 01:47:21.800   274   354 I FFmpegExtractor: list the formats suppoted by ffmpeg: 
03-06 01:47:21.800   274   354 I FFmpegExtractor: ========================================
03-06 01:47:21.800   274   354 V FFmpegExtractor: format_names[00]: mpeg
03-06 01:47:21.800   274   354 V FFmpegExtractor: format_names[01]: mpegts
03-06 01:47:21.800   274   354 V FFmpegExtractor: format_names[02]: mov,mp4,m4a,3gp,3g2,mj2
03-06 01:47:21.800   274   354 V FFmpegExtractor: format_names[03]: matroska,webm
03-06 01:47:21.800   274   354 V FFmpegExtractor: format_names[04]: asf
03-06 01:47:21.800   274   354 V FFmpegExtractor: format_names[05]: rm
03-06 01:47:21.800   274   354 V FFmpegExtractor: format_names[06]: flv
03-06 01:47:21.800   274   354 V FFmpegExtractor: format_names[07]: swf
03-06 01:47:21.800   274   354 V FFmpegExtractor: format_names[08]: avi
03-06 01:47:21.800   274   354 V FFmpegExtractor: format_names[09]: ape
03-06 01:47:21.800   274   354 V FFmpegExtractor: format_names[10]: dts
03-06 01:47:21.800   274   354 V FFmpegExtractor: format_names[11]: flac
03-06 01:47:21.800   274   354 V FFmpegExtractor: format_names[12]: ac3
03-06 01:47:21.800   274   354 V FFmpegExtractor: format_names[13]: wav
03-06 01:47:21.800   274   354 V FFmpegExtractor: format_names[14]: ogg
03-06 01:47:21.800   274   354 V FFmpegExtractor: format_names[15]: vc1
03-06 01:47:21.800   274   354 V FFmpegExtractor: format_names[16]: hevc
03-06 01:47:21.800   274   354 I FFmpegExtractor: ========================================
03-06 01:47:21.800   274   354 V FFmpegExtractor: major_brand tag is:mp42
03-06 01:47:21.800   274   354 D FFmpegExtractor: suppoted codec(h264) by official Stagefright
03-06 01:47:21.800   274   354 D FFMPEG  : android source close
03-06 01:47:21.800   274   354 I FFmpegExtractor: sniff through BetterSniffFFMPEG success
03-06 01:47:21.800   274   354 D FFmpegExtractor: ffmpeg detected media content as 'video/mp4' with confidence 0.08
03-06 01:47:26.548   579  3079 I ActivityManager: Killing 2630:com.android.gallery3d/u0a45 (adj 906): empty #17
03-06 01:47:48.270   579   579 I ActivityManager: Killing 2749:com.genymotion.superuser/1000 (adj 906): empty #17
03-06 01:47:48.341  4527  4570 I chatty  : uid=10063(com.android.vending) expire 1 line
03-06 01:47:48.342  4527  4901 I chatty  : uid=10063(com.android.vending) expire 1 line
03-06 01:47:48.348   579  1762 I ActivityManager: Killing 1884:com.google.android.partnersetup/u0a68 (adj 906): empty #17
03-06 01:47:51.274   579   642 I chatty  : uid=1000(system) WifiStateMachin expire 10 lines
03-06 01:48:08.051  4527  4548 I chatty  : uid=10063(com.android.vending) expire 9 lines
03-06 01:48:10.342  4668  4668 W twa     : Already started: twa@4f43d7d
03-06 01:48:11.300   579   642 I chatty  : uid=1000(system) WifiStateMachin expire 14 lines
03-06 01:48:41.796  3152  3391 I Icing   : Indexing com.google.android.gm-internal.3p:EmailMessage from com.google.android.gm
03-06 01:48:41.927  3152  3391 I Icing   : Indexing done com.google.android.gm-internal.3p:EmailMessage
03-06 01:48:42.933  3152  3391 I Icing   : Indexing com.google.android.gm-internal.3p:EmailMessage from com.google.android.gm
03-06 01:48:42.945  3152  3391 I Icing   : Indexing done com.google.android.gm-internal.3p:EmailMessage
03-06 01:48:43.980  3152  3391 I Icing   : Indexing com.google.android.gm-internal.3p:EmailMessage from com.google.android.gm
03-06 01:48:43.992  3152  3391 I Icing   : Indexing done com.google.android.gm-internal.3p:EmailMessage
03-06 01:48:45.041  3152  3391 I Icing   : Indexing com.google.android.gm-internal.3p:EmailMessage from com.google.android.gm
03-06 01:48:45.076  3152  3391 I Icing   : Indexing done com.google.android.gm-internal.3p:EmailMessage
03-06 01:48:46.135  3152  3391 I Icing   : Indexing com.google.android.gm-internal.3p:EmailMessage from com.google.android.gm
03-06 01:48:46.146  3152  3391 I Icing   : Indexing done com.google.android.gm-internal.3p:EmailMessage
03-06 01:48:46.337   579   646 I chatty  : uid=1000(system) WifiScanningSer expire 16 lines
03-06 01:48:46.338   579   642 I chatty  : uid=1000(system) WifiStateMachin expire 16 lines
03-06 01:48:47.276  3152  3391 I Icing   : Indexing com.google.android.gm-internal.3p:EmailMessage from com.google.android.gm
03-06 01:48:47.347  3152  3391 I Icing   : Indexing done com.google.android.gm-internal.3p:EmailMessage
03-06 01:48:47.347  4668  4673 I art     : Do partial code cache collection, code=121KB, data=104KB
03-06 01:48:47.348  4668  4673 I art     : After code cache collection, code=119KB, data=103KB
03-06 01:48:47.348  4668  4673 I art     : Increasing code cache capacity to 512KB
03-06 01:48:47.425  4668  4673 I art     : Compiler allocated 5MB to compile void aaqa.a(java.lang.Object, aaqk, aany)
03-06 01:48:47.481  4668  4673 I art     : Compiler allocated 5MB to compile void aaqa.a(java.lang.Object, aaqk, aany)
03-06 01:48:48.756  3152  3391 I Icing   : Indexing com.google.android.gm-internal.3p:EmailMessage from com.google.android.gm
03-06 01:48:48.974  4668  4673 I art     : Do full code cache collection, code=222KB, data=191KB
03-06 01:48:48.974  4668  4673 I art     : After code cache collection, code=126KB, data=119KB
03-06 01:48:48.993  3152  3391 I Icing   : Indexing done com.google.android.gm-internal.3p:EmailMessage
03-06 01:48:50.153  3152  3394 I Icing   : Indexing com.google.android.gm-internal.3p:EmailMessage from com.google.android.gm
03-06 01:48:50.315  3152  3394 I Icing   : Indexing done com.google.android.gm-internal.3p:EmailMessage
03-06 01:49:23.260   276   510 E Netd    : Failed to dump IPv4 sockets for UID: No such file or directory
03-06 01:49:23.260   579   594 E NetworkManagement: Error closing sockets after enabling chain standby: android.os.ServiceSpecificException: destroySockets: No such file or directory
03-06 01:49:26.382   579   646 I chatty  : uid=1000(system) WifiScanningSer expire 16 lines
03-06 01:49:26.383   579   642 I chatty  : uid=1000(system) WifiStateMachin expire 16 lines
03-06 01:50:06.202  1158  1215 W GenydService: unknown message set_device_clipboard 
03-06 01:50:06.411   579   646 I chatty  : uid=1000(system) WifiScanningSer expire 26 lines
03-06 01:50:06.417   579   642 I chatty  : uid=1000(system) WifiStateMachin expire 28 lines
03-06 01:50:07.720  1158  1215 W GenydService: unknown message set_device_clipboard 
03-06 01:50:07.721  1158  1215 W GenydService: unknown message set_device_clipboard 
03-06 01:50:16.083  1158  1215 W GenydService: unknown message set_device_clipboard 
03-06 01:50:17.719  1158  1215 W GenydService: unknown message set_device_clipboard 
03-06 01:50:17.719  1158  1215 W GenydService: unknown message set_device_clipboard 
03-06 01:51:12.502   579   646 I chatty  : uid=1000(system) WifiScanningSer expire 66 lines
03-06 01:51:12.503   579   642 I chatty  : uid=1000(system) WifiStateMachin expire 68 lines
03-06 01:53:55.418   267   513 D AudioFlinger: mixer(0xf3903d40) throttle end: throttle time(3)
03-06 01:53:55.496   267   513 D AudioFlinger: mixer(0xf3903d40) throttle end: throttle time(2)
03-06 01:53:58.821   667   667 W InputMethodService: Window size has been changed. This may cause jankiness of resizing window: -1 -> -2
03-06 01:53:58.830   667   667 I LatinIME: Starting input. Cursor position = 0,0
03-06 01:53:58.905   579   646 I chatty  : uid=1000(system) WifiScanningSer expire 46 lines
03-06 01:53:58.905   579   642 I chatty  : uid=1000(system) WifiStateMachin expire 46 lines
03-06 01:54:00.278   579   920 I ActivityManager: START u0 {act=android.intent.action.MAIN cat=[android.intent.category.LAUNCHER] flg=0x10200000 cmp=com.android.calculator2/.Calculator (has extras)} from uid 10014 on display 0
03-06 01:54:00.308  5006  5006 W art     : Unexpected CPU variant for X86 using defaults: x86
03-06 01:54:00.313   579   591 I ActivityManager: Start proc 5006:com.android.calculator2/u0a43 for activity com.android.calculator2/.Calculator
03-06 01:54:00.350  5006  5006 W System  : ClassLoader referenced unknown path: /system/app/ExactCalculator/lib/x86
03-06 01:54:00.553  5006  5006 D         : HostConnection::get() New Host Connection established 0xe1d1c5c0, tid 5006
03-06 01:54:00.699  5006  5021 D libEGL  : Emulator has host GPU support, qemu.gles is set to 1.
03-06 01:54:00.700  5006  5021 E libEGL  : load_driver(/system/lib/egl/libGLES_emulation.so): dlopen failed: library "/system/lib/egl/libGLES_emulation.so" not found
03-06 01:54:00.703  5006  5021 D libEGL  : loaded /system/lib/egl/libEGL_emulation.so
03-06 01:54:00.706  5006  5021 D libEGL  : loaded /system/lib/egl/libGLESv1_CM_emulation.so
03-06 01:54:00.722  5006  5021 D libEGL  : loaded /system/lib/egl/libGLESv2_emulation.so
03-06 01:54:00.755  5006  5021 D         : HostConnection::get() New Host Connection established 0xe1d1c800, tid 5021
03-06 01:54:00.852   579   602 I chatty  : uid=1000(system) android.display expire 6 lines
03-06 01:54:00.853  5006  5021 I OpenGLRenderer: Initialized EGL, version 1.4
03-06 01:54:00.853  5006  5021 D OpenGLRenderer: Swap behavior 1
03-06 01:54:01.090   667   667 W InputMethodService: Window size has been changed. This may cause jankiness of resizing window: -1 -> -2
03-06 01:54:01.091  1182  1182 W IInputConnectionWrapper: finishComposingText on inactive InputConnection
03-06 01:54:01.094  1182  1182 W IInputConnectionWrapper: reportFullscreenMode on inexistent InputConnection
03-06 01:54:01.094  1182  1182 W IInputConnectionWrapper: finishComposingText on inactive InputConnection
03-06 01:54:01.302   579   591 I WindowManager: Destroying surface Surface(name=com.android.launcher3/com.android.launcher3.Launcher) called by com.android.server.wm.WindowStateAnimator.destroySurface:2014 com.android.server.wm.WindowStateAnimator.destroySurfaceLocked:881 com.android.server.wm.WindowState.destroyOrSaveSurface:2073 com.android.server.wm.AppWindowToken.destroySurfaces:363 com.android.server.wm.AppWindowToken.notifyAppStopped:389 com.android.server.wm.WindowManagerService.notifyAppStopped:4456 com.android.server.am.ActivityStack.activityStoppedLocked:1252 com.android.server.am.ActivityManagerService.activityStopped:6947 
03-06 01:54:01.304   579   602 I WindowManager: Destroying surface Surface(name=Starting com.android.calculator2) called by com.android.server.wm.WindowStateAnimator.destroySurface:2014 com.android.server.wm.WindowStateAnimator.destroySurfaceLocked:881 com.android.server.wm.WindowState.destroyOrSaveSurface:2073 com.android.server.wm.AppWindowToken.destroySurfaces:363 com.android.server.wm.WindowStateAnimator.finishExit:565 com.android.server.wm.WindowStateAnimator.stepAnimationLocked:491 com.android.server.wm.WindowAnimator.updateWindowsLocked:303 com.android.server.wm.WindowAnimator.animateLocked:704 
03-06 01:54:01.306   579   602 I WindowManager: Destroying surface Surface(name=InputMethod) called by com.android.server.wm.WindowStateAnimator.destroySurface:2014 com.android.server.wm.WindowStateAnimator.destroySurfaceLocked:881 com.android.server.wm.WindowState.destroyOrSaveSurface:2073 com.android.server.wm.WindowSurfacePlacer.performSurfacePlacementInner:429 com.android.server.wm.WindowSurfacePlacer.performSurfacePlacementLoop:232 com.android.server.wm.WindowSurfacePlacer.performSurfacePlacement:180 com.android.server.wm.WindowManagerService.removeWindowInnerLocked:2548 com.android.server.wm.AppWindowToken.destroySurfaces:365 
03-06 01:55:53.915  5057  5057 D AndroidRuntime: >>>>>> START com.android.internal.os.RuntimeInit uid 0 <<<<<<
03-06 01:55:53.917  5057  5057 D AndroidRuntime: CheckJNI is OFF
03-06 01:55:53.931  5057  5057 W art     : Unexpected CPU variant for X86 using defaults: x86
03-06 01:55:53.933  5057  5057 D ICU     : No timezone override file found: /data/misc/zoneinfo/current/icu/icu_tzdata.dat
03-06 01:55:53.943  5057  5057 E memtrack: Couldn't load memtrack module (No such file or directory)
03-06 01:55:53.943  5057  5057 E android.os.Debug: failed to load memtrack module: -2
03-06 01:55:53.944  5057  5057 I Radio-JNI: register_android_hardware_Radio DONE
03-06 01:55:53.949  5057  5057 D AndroidRuntime: Calling main entry com.android.commands.input.Input
03-06 01:55:53.951  5057  5057 D AndroidRuntime: Shutting down VM
03-06 01:55:54.158   579   646 I chatty  : uid=1000(system) WifiScanningSer expire 16 lines
03-06 01:55:54.158   579   642 I chatty  : uid=1000(system) WifiStateMachin expire 18 lines
03-06 01:55:59.509  5067  5067 D AndroidRuntime: >>>>>> START com.android.internal.os.RuntimeInit uid 0 <<<<<<
03-06 01:55:59.512  5067  5067 D AndroidRuntime: CheckJNI is OFF
03-06 01:55:59.529  5067  5067 W art     : Unexpected CPU variant for X86 using defaults: x86
03-06 01:55:59.531  5067  5067 D ICU     : No timezone override file found: /data/misc/zoneinfo/current/icu/icu_tzdata.dat
03-06 01:55:59.541  5067  5067 E memtrack: Couldn't load memtrack module (No such file or directory)
03-06 01:55:59.541  5067  5067 E android.os.Debug: failed to load memtrack module: -2
03-06 01:55:59.541  5067  5067 I Radio-JNI: register_android_hardware_Radio DONE
03-06 01:55:59.546  5067  5067 D AndroidRuntime: Calling main entry com.android.commands.input.Input
03-06 01:55:59.546  5067  5067 I Input   : injectKeyEvent: KeyEvent { action=ACTION_DOWN, keyCode=KEYCODE_2, scanCode=0, metaState=0, flags=0x0, repeatCount=0, eventTime=1025883, downTime=1025883, deviceId=-1, source=0x101 }
03-06 01:55:59.549  5067  5067 I Input   : injectKeyEvent: KeyEvent { action=ACTION_UP, keyCode=KEYCODE_2, scanCode=0, metaState=0, flags=0x0, repeatCount=0, eventTime=1025883, downTime=1025883, deviceId=-1, source=0x101 }
03-06 01:55:59.553  5006  5006 V Calculator: Setting local to: en_US
03-06 01:55:59.553  5006  5006 V Calculator: Setting local to: en_US
03-06 01:55:59.553  5006  5006 V Calculator: Setting local to: en_US
03-06 01:55:59.554  5006  5006 V Calculator: Setting local to: en_US
03-06 01:55:59.554  5067  5067 D AndroidRuntime: Shutting down VM
03-06 01:56:06.821  5079  5079 D AndroidRuntime: >>>>>> START com.android.internal.os.RuntimeInit uid 0 <<<<<<
03-06 01:56:06.823  5079  5079 D AndroidRuntime: CheckJNI is OFF
03-06 01:56:06.838  5079  5079 W art     : Unexpected CPU variant for X86 using defaults: x86
03-06 01:56:06.840  5079  5079 D ICU     : No timezone override file found: /data/misc/zoneinfo/current/icu/icu_tzdata.dat
03-06 01:56:06.850  5079  5079 E memtrack: Couldn't load memtrack module (No such file or directory)
03-06 01:56:06.850  5079  5079 E android.os.Debug: failed to load memtrack module: -2
03-06 01:56:06.850  5079  5079 I Radio-JNI: register_android_hardware_Radio DONE
03-06 01:56:06.854  5079  5079 D AndroidRuntime: Calling main entry com.android.commands.input.Input
03-06 01:56:06.855  5079  5079 I Input   : injectKeyEvent: KeyEvent { action=ACTION_DOWN, keyCode=KEYCODE_1, scanCode=0, metaState=0, flags=0x0, repeatCount=0, eventTime=1033191, downTime=1033191, deviceId=-1, source=0x101 }
03-06 01:56:06.856  5079  5079 I Input   : injectKeyEvent: KeyEvent { action=ACTION_UP, keyCode=KEYCODE_1, scanCode=0, metaState=0, flags=0x0, repeatCount=0, eventTime=1033191, downTime=1033191, deviceId=-1, source=0x101 }
03-06 01:56:06.857  5006  5006 V Calculator: Setting local to: en_US
03-06 01:56:06.857  5006  5006 V Calculator: Setting local to: en_US
03-06 01:56:06.857  5006  5006 V Calculator: Setting local to: en_US
03-06 01:56:06.858  5006  5006 V Calculator: Setting local to: en_US
03-06 01:56:06.858  5079  5079 D AndroidRuntime: Shutting down VM
03-06 01:56:11.261  5089  5089 D AndroidRuntime: >>>>>> START com.android.internal.os.RuntimeInit uid 0 <<<<<<
03-06 01:56:11.263  5089  5089 D AndroidRuntime: CheckJNI is OFF
03-06 01:56:11.280  5089  5089 W art     : Unexpected CPU variant for X86 using defaults: x86
03-06 01:56:11.283  5089  5089 D ICU     : No timezone override file found: /data/misc/zoneinfo/current/icu/icu_tzdata.dat
03-06 01:56:11.292  5089  5089 E memtrack: Couldn't load memtrack module (No such file or directory)
03-06 01:56:11.292  5089  5089 E android.os.Debug: failed to load memtrack module: -2
03-06 01:56:11.292  5089  5089 I Radio-JNI: register_android_hardware_Radio DONE
03-06 01:56:11.296  5089  5089 D AndroidRuntime: Calling main entry com.android.commands.input.Input
03-06 01:56:11.296  5089  5089 I Input   : injectKeyEvent: KeyEvent { action=ACTION_DOWN, keyCode=KEYCODE_SPACE, scanCode=0, metaState=0, flags=0x0, repeatCount=0, eventTime=1037633, downTime=1037633, deviceId=-1, source=0x101 }
03-06 01:56:11.297  5089  5089 I Input   : injectKeyEvent: KeyEvent { action=ACTION_UP, keyCode=KEYCODE_SPACE, scanCode=0, metaState=0, flags=0x0, repeatCount=0, eventTime=1037633, downTime=1037633, deviceId=-1, source=0x101 }
03-06 01:56:11.298  5089  5089 D AndroidRuntime: Shutting down VM
03-06 01:56:33.789  5101  5101 D AndroidRuntime: >>>>>> START com.android.internal.os.RuntimeInit uid 0 <<<<<<
03-06 01:56:33.791  5101  5101 D AndroidRuntime: CheckJNI is OFF
03-06 01:56:33.805  5101  5101 W art     : Unexpected CPU variant for X86 using defaults: x86
03-06 01:56:33.807  5101  5101 D ICU     : No timezone override file found: /data/misc/zoneinfo/current/icu/icu_tzdata.dat
03-06 01:56:33.817  5101  5101 E memtrack: Couldn't load memtrack module (No such file or directory)
03-06 01:56:33.817  5101  5101 E android.os.Debug: failed to load memtrack module: -2
03-06 01:56:33.817  5101  5101 I Radio-JNI: register_android_hardware_Radio DONE
03-06 01:56:33.821  5101  5101 D AndroidRuntime: Calling main entry com.android.commands.input.Input
03-06 01:56:33.821  5101  5101 I Input   : injectKeyEvent: KeyEvent { action=ACTION_DOWN, keyCode=KEYCODE_PLUS, scanCode=0, metaState=0, flags=0x0, repeatCount=0, eventTime=1060158, downTime=1060158, deviceId=-1, source=0x101 }
03-06 01:56:33.823  5101  5101 I Input   : injectKeyEvent: KeyEvent { action=ACTION_UP, keyCode=KEYCODE_PLUS, scanCode=0, metaState=0, flags=0x0, repeatCount=0, eventTime=1060158, downTime=1060158, deviceId=-1, source=0x101 }
03-06 01:56:33.823  5006  5006 V Calculator: Setting local to: en_US
03-06 01:56:33.824  5006  5006 V Calculator: Setting local to: en_US
03-06 01:56:33.824  5006  5006 V Calculator: Setting local to: en_US
03-06 01:56:33.824  5006  5006 V Calculator: Setting local to: en_US
03-06 01:56:33.825  5101  5101 D AndroidRuntime: Shutting down VM
03-06 01:56:35.216   579   646 I chatty  : uid=1000(system) WifiScanningSer expire 10 lines
03-06 01:56:35.218   579   642 I chatty  : uid=1000(system) WifiStateMachin expire 10 lines
03-06 01:56:37.558  5111  5111 D AndroidRuntime: >>>>>> START com.android.internal.os.RuntimeInit uid 0 <<<<<<
03-06 01:56:37.560  5111  5111 D AndroidRuntime: CheckJNI is OFF
03-06 01:56:37.574  5111  5111 W art     : Unexpected CPU variant for X86 using defaults: x86
03-06 01:56:37.576  5111  5111 D ICU     : No timezone override file found: /data/misc/zoneinfo/current/icu/icu_tzdata.dat
03-06 01:56:37.586  5111  5111 E memtrack: Couldn't load memtrack module (No such file or directory)
03-06 01:56:37.586  5111  5111 E android.os.Debug: failed to load memtrack module: -2
03-06 01:56:37.587  5111  5111 I Radio-JNI: register_android_hardware_Radio DONE
03-06 01:56:37.591  5111  5111 D AndroidRuntime: Calling main entry com.android.commands.input.Input
03-06 01:56:37.592  5111  5111 I Input   : injectKeyEvent: KeyEvent { action=ACTION_DOWN, keyCode=KEYCODE_9, scanCode=0, metaState=0, flags=0x0, repeatCount=0, eventTime=1063928, downTime=1063928, deviceId=-1, source=0x101 }
03-06 01:56:37.593  5111  5111 I Input   : injectKeyEvent: KeyEvent { action=ACTION_UP, keyCode=KEYCODE_9, scanCode=0, metaState=0, flags=0x0, repeatCount=0, eventTime=1063928, downTime=1063928, deviceId=-1, source=0x101 }
03-06 01:56:37.594  5006  5006 V Calculator: Setting local to: en_US
03-06 01:56:37.594  5006  5006 V Calculator: Setting local to: en_US
03-06 01:56:37.594  5006  5006 V Calculator: Setting local to: en_US
03-06 01:56:37.594  5006  5006 V Calculator: Setting local to: en_US
03-06 01:56:37.595  5006  5006 V Calculator: Setting local to: en_US
03-06 01:56:37.595  5006  5006 V Calculator: Setting local to: en_US
03-06 01:56:37.595  5111  5111 D AndroidRuntime: Shutting down VM
03-06 01:56:37.596  5006  5006 V Calculator: Setting local to: en_US
03-06 01:56:41.157  5122  5122 D AndroidRuntime: >>>>>> START com.android.internal.os.RuntimeInit uid 0 <<<<<<
03-06 01:56:41.160  5122  5122 D AndroidRuntime: CheckJNI is OFF
03-06 01:56:41.177  5122  5122 W art     : Unexpected CPU variant for X86 using defaults: x86
03-06 01:56:41.179  5122  5122 D ICU     : No timezone override file found: /data/misc/zoneinfo/current/icu/icu_tzdata.dat
03-06 01:56:41.188  5122  5122 E memtrack: Couldn't load memtrack module (No such file or directory)
03-06 01:56:41.188  5122  5122 E android.os.Debug: failed to load memtrack module: -2
03-06 01:56:41.189  5122  5122 I Radio-JNI: register_android_hardware_Radio DONE
03-06 01:56:41.193  5122  5122 D AndroidRuntime: Calling main entry com.android.commands.input.Input
03-06 01:56:41.193  5122  5122 I Input   : injectKeyEvent: KeyEvent { action=ACTION_DOWN, keyCode=KEYCODE_ENTER, scanCode=0, metaState=0, flags=0x0, repeatCount=0, eventTime=1067530, downTime=1067530, deviceId=-1, source=0x101 }
03-06 01:56:41.195  5122  5122 I Input   : injectKeyEvent: KeyEvent { action=ACTION_UP, keyCode=KEYCODE_ENTER, scanCode=0, metaState=0, flags=0x0, repeatCount=0, eventTime=1067530, downTime=1067530, deviceId=-1, source=0x101 }
03-06 01:56:41.195  5006  5006 V Calculator: Setting local to: en_US
03-06 01:56:41.196  5122  5122 D AndroidRuntime: Shutting down VM
03-06 01:56:56.756   579   801 I ActivityManager: START u0 {flg=0x10804000 cmp=com.android.systemui/.recents.RecentsActivity} from uid 10023 on display 0
03-06 01:56:56.794   579   801 I chatty  : uid=1000(system) Binder:579_4 expire 1 line
03-06 01:56:56.827   526   526 E EGL_emulation: tid 526: eglCreateSyncKHR(1285): error 0x3004 (EGL_BAD_ATTRIBUTE)
03-06 01:56:56.835   267   513 D AudioFlinger: mixer(0xf3903d40) throttle end: throttle time(1)
03-06 01:56:56.896   579   595 I chatty  : uid=1000(system) ActivityManager expire 1 line
03-06 01:56:56.897   579   594 I chatty  : uid=1000(system) android.bg expire 1 line
03-06 01:57:00.165   579   916 I ActivityManager: Killing 2784:com.svox.pico/u0a54 (adj 906): empty #17
03-06 01:57:00.165   579   916 I ActivityManager: Killing 5006:com.android.calculator2/u0a43 (adj 900): remove task
03-06 01:57:00.183   579   629 I chatty  : uid=1000(system) InputDispatcher expire 4 lines
03-06 01:57:00.185   579  1763 I chatty  : uid=1000(system) Binder:579_C expire 1 line
03-06 01:57:00.185   579   591 I WindowManager: WIN DEATH: Window{823f16 u0 com.android.calculator2/com.android.calculator2.Calculator}
03-06 01:57:00.185   579   591 I chatty  : uid=1000(system) Binder:579_2 expire 1 line
03-06 01:57:00.185   579   591 I WindowManager: Destroying surface Surface(name=com.android.calculator2/com.android.calculator2.Calculator) called by com.android.server.wm.WindowStateAnimator.destroySurface:2014 com.android.server.wm.WindowStateAnimator.destroySurfaceLocked:881 com.android.server.wm.WindowState.removeLocked:1449 com.android.server.wm.WindowManagerService.removeWindowInnerLocked:2478 com.android.server.wm.WindowManagerService.removeWindowLocked:2436 com.android.server.wm.WindowState$DeathRecipient.binderDied:1780 android.os.BinderProxy.sendDeathNotice:688 <bottom of call stack> 
03-06 01:57:00.245   579   646 I chatty  : uid=1000(system) WifiScanningSer expire 10 lines
03-06 01:57:00.245   579   642 I chatty  : uid=1000(system) WifiStateMachin expire 10 lines
03-06 01:57:01.269   579  1491 I ActivityManager: Killing 4800:com.android.vending:instant_app_installer/u0a63 (adj 902): remove task
03-06 01:57:01.269   579  1491 I ActivityManager: Killing 4527:com.android.vending/u0a63 (adj 900): remove task
03-06 01:57:01.275   579   728 W ActivityManager: Request to remove task ignored for non-existent task 82
03-06 01:57:02.382   579  1998 I ActivityManager: Killing 4648:com.android.chrome/u0a75 (adj 902): remove task
03-06 01:57:02.385   579  1763 W ActivityManager: Request to remove task ignored for non-existent task 80
03-06 01:57:02.400   579  1755 I ActivityManager: START u0 {act=android.intent.action.MAIN cat=[android.intent.category.HOME] flg=0x10200000 cmp=com.android.launcher3/.Launcher} from uid 10023 on display 0
03-06 01:57:02.576  1182  1182 W IInputConnectionWrapper: finishComposingText on inactive InputConnection
03-06 01:57:02.627   579   602 I WindowManager: Destroying surface Surface(name=com.android.systemui/com.android.systemui.recents.RecentsActivity) called by com.android.server.wm.WindowStateAnimator.destroySurface:2014 com.android.server.wm.WindowStateAnimator.destroySurfaceLocked:881 com.android.server.wm.WindowState.destroyOrSaveSurface:2073 com.android.server.wm.AppWindowToken.destroySurfaces:363 com.android.server.wm.WindowStateAnimator.finishExit:565 com.android.server.wm.AppWindowAnimator.stepAnimationLocked:427 com.android.server.wm.WindowAnimator.updateAppWindowsLocked:176 com.android.server.wm.WindowAnimator.animateLocked:678 
03-06 01:57:03.096  1182  1282 W OpenGLRenderer: Incorrectly called buildLayer on View: ShortcutAndWidgetContainer, destroying layer...
03-06 01:57:03.096  1182  1282 W OpenGLRenderer: Incorrectly called buildLayer on View: ShortcutAndWidgetContainer, destroying layer...
03-06 01:57:14.252   667   667 W InputMethodService: Window size has been changed. This may cause jankiness of resizing window: -1 -> -2
03-06 01:57:14.256   667   667 I LatinIME: Starting input. Cursor position = 0,0
03-06 01:57:19.464   579  1998 I ActivityManager: START u0 {act=android.intent.action.MAIN cat=[android.intent.category.LAUNCHER] flg=0x10200000 cmp=com.android.vending/.AssetBrowserActivity (has extras)} from uid 10014 on display 0
03-06 01:57:19.494  5149  5149 I chatty  : uid=10063(com.android.vending) expire 16 lines
03-06 01:57:19.498   579   881 I ActivityManager: Start proc 5149:com.android.vending/u0a63 for activity com.android.vending/.AssetBrowserActivity
03-06 01:57:19.722  5149  5169 I chatty  : uid=10063(com.android.vending) expire 4 lines
03-06 01:57:19.801  5149  5167 I chatty  : uid=10063(com.android.vending) expire 1 line
03-06 01:57:19.868  5149  5168 I chatty  : uid=10063(com.android.vending) expire 6 lines
03-06 01:57:19.923  5149  5172 I chatty  : uid=10063(com.android.vending) expire 2 lines
03-06 01:57:20.001  5149  5185 I chatty  : uid=10063(com.android.vending) expire 1 line
03-06 01:57:20.018  5149  5190 I chatty  : uid=10063(com.android.vending) expire 1 line
03-06 01:57:20.026  5149  5203 I chatty  : uid=10063(com.android.vending) expire 1 line
03-06 01:57:20.392  5149  5187 I chatty  : uid=10063(com.android.vending) expire 1 line
03-06 01:57:20.468  5149  5154 I chatty  : uid=10063(com.android.vending) expire 12 lines
03-06 01:57:20.504  5149  5209 I chatty  : uid=10063(com.android.vending) expire 8 lines
03-06 01:57:20.695  1182  1182 W IInputConnectionWrapper: finishComposingText on inactive InputConnection
03-06 01:57:20.695   667   667 W InputMethodService: Window size has been changed. This may cause jankiness of resizing window: -1 -> -2
03-06 01:57:20.700  5149  5213 I chatty  : uid=10063(com.android.vending) expire 2 lines
03-06 01:57:20.729  1182  1182 W IInputConnectionWrapper: reportFullscreenMode on inexistent InputConnection
03-06 01:57:20.729  1182  1182 W IInputConnectionWrapper: finishComposingText on inactive InputConnection
03-06 01:57:20.729   579  1763 I WindowManager: Destroying surface Surface(name=com.android.launcher3/com.android.launcher3.Launcher) called by com.android.server.wm.WindowStateAnimator.destroySurface:2014 com.android.server.wm.WindowStateAnimator.destroySurfaceLocked:881 com.android.server.wm.WindowState.destroyOrSaveSurface:2073 com.android.server.wm.AppWindowToken.destroySurfaces:363 com.android.server.wm.AppWindowToken.notifyAppStopped:389 com.android.server.wm.WindowManagerService.notifyAppStopped:4456 com.android.server.am.ActivityStack.activityStoppedLocked:1252 com.android.server.am.ActivityManagerService.activityStopped:6947 
03-06 01:57:20.879   579   602 I WindowManager: Destroying surface Surface(name=Starting com.android.vending) called by com.android.server.wm.WindowStateAnimator.destroySurface:2014 com.android.server.wm.WindowStateAnimator.destroySurfaceLocked:881 com.android.server.wm.WindowState.destroyOrSaveSurface:2073 com.android.server.wm.AppWindowToken.destroySurfaces:363 com.android.server.wm.WindowStateAnimator.finishExit:565 com.android.server.wm.WindowStateAnimator.stepAnimationLocked:491 com.android.server.wm.WindowAnimator.updateWindowsLocked:303 com.android.server.wm.WindowAnimator.animateLocked:704 
03-06 01:57:20.897   579   602 I WindowManager: Destroying surface Surface(name=InputMethod) called by com.android.server.wm.WindowStateAnimator.destroySurface:2014 com.android.server.wm.WindowStateAnimator.destroySurfaceLocked:881 com.android.server.wm.WindowState.destroyOrSaveSurface:2073 com.android.server.wm.WindowSurfacePlacer.performSurfacePlacementInner:429 com.android.server.wm.WindowSurfacePlacer.performSurfacePlacementLoop:232 com.android.server.wm.WindowSurfacePlacer.performSurfacePlacement:180 com.android.server.wm.WindowManagerService$H.handleMessage:8079 android.os.Handler.dispatchMessage:102 
03-06 01:57:21.103  5149  5226 I chatty  : uid=10063(com.android.vending) expire 2 lines
03-06 01:57:22.488  5149  5154 I chatty  : uid=10063(com.android.vending) expire 1 line
03-06 01:57:25.272   579   646 I chatty  : uid=1000(system) WifiScanningSer expire 16 lines
03-06 01:57:25.272   579   642 I chatty  : uid=1000(system) WifiStateMachin expire 16 lines
03-06 01:57:29.519   579  1762 I ActivityManager: START u0 {flg=0x10804000 cmp=com.android.systemui/.recents.RecentsActivity} from uid 10023 on display 0
03-06 01:57:29.534   579  1762 I chatty  : uid=1000(system) Binder:579_B expire 1 line
03-06 01:57:29.562   526   526 E EGL_emulation: tid 526: eglCreateSyncKHR(1285): error 0x3004 (EGL_BAD_ATTRIBUTE)
03-06 01:57:29.617  5149  5149 I chatty  : uid=10063(com.android.vending) expire 7 lines
03-06 01:57:29.761  5149  5179 I chatty  : uid=10063(com.android.vending) expire 1 line
03-06 01:57:29.777  5149  5213 I chatty  : uid=10063(com.android.vending) expire 1 line
03-06 01:57:29.800  5149  5180 I chatty  : uid=10063(com.android.vending) expire 4 lines
03-06 01:57:29.865  5149  5213 I chatty  : uid=10063(com.android.vending) expire 1 line
03-06 01:57:29.865  5149  5212 I chatty  : uid=10063(com.android.vending) expire 1 line
03-06 01:57:29.920  5149  5179 I chatty  : uid=10063(com.android.vending) expire 1 line
03-06 01:57:29.922  5149  5181 I chatty  : uid=10063(com.android.vending) expire 1 line
03-06 01:57:29.922  5149  5172 I chatty  : uid=10063(com.android.vending) expire 2 lines
03-06 01:57:29.932  5149  5181 I chatty  : uid=10063(com.android.vending) expire 1 line
03-06 01:57:29.951  5149  5212 I chatty  : uid=10063(com.android.vending) expire 3 lines
03-06 01:57:29.954  5149  5183 I chatty  : uid=10063(com.android.vending) expire 5 lines
03-06 01:57:29.972  5149  5154 I chatty  : uid=10063(com.android.vending) expire 4 lines
03-06 01:57:30.726  5149  5149 I chatty  : uid=10063(com.android.vending) expire 1 line
03-06 01:57:30.726  5149  5246 I chatty  : uid=10063(com.android.vending) expire 1 line
03-06 01:57:32.192   579  3079 I ActivityManager: Killing 5149:com.android.vending/u0a63 (adj 900): remove task
03-06 01:57:32.220   579  1764 I ActivityManager: START u0 {act=android.intent.action.MAIN cat=[android.intent.category.HOME] flg=0x10200000 cmp=com.android.launcher3/.Launcher} from uid 10023 on display 0
03-06 01:57:32.225   579   590 I chatty  : uid=1000(system) Binder:579_1 expire 1 line
03-06 01:57:32.225   579  1755 I WindowManager: WIN DEATH: Window{f2dbbe8 u0 com.android.vending/com.android.vending.AssetBrowserActivity}
03-06 01:57:32.225   579  1755 I chatty  : uid=1000(system) Binder:579_A expire 1 line
03-06 01:57:32.225   579  1755 I WindowManager: Destroying surface Surface(name=com.android.vending/com.android.vending.AssetBrowserActivity) called by com.android.server.wm.WindowStateAnimator.destroySurface:2014 com.android.server.wm.WindowStateAnimator.destroySurfaceLocked:881 com.android.server.wm.WindowState.removeLocked:1449 com.android.server.wm.WindowManagerService.removeWindowInnerLocked:2478 com.android.server.wm.WindowManagerService.removeWindowLocked:2436 com.android.server.wm.WindowState$DeathRecipient.binderDied:1780 android.os.BinderProxy.sendDeathNotice:688 <bottom of call stack> 
03-06 01:57:32.319   672  1102 D OpenGLRenderer: endAllActiveAnimators on 0xd1dbde80 (RippleDrawable) with handle 0xd1778150
03-06 01:57:32.494  1182  1182 W IInputConnectionWrapper: finishComposingText on inactive InputConnection
03-06 01:57:32.556   579   602 I WindowManager: Destroying surface Surface(name=com.android.systemui/com.android.systemui.recents.RecentsActivity) called by com.android.server.wm.WindowStateAnimator.destroySurface:2014 com.android.server.wm.WindowStateAnimator.destroySurfaceLocked:881 com.android.server.wm.WindowState.destroyOrSaveSurface:2073 com.android.server.wm.AppWindowToken.destroySurfaces:363 com.android.server.wm.WindowStateAnimator.finishExit:565 com.android.server.wm.AppWindowAnimator.stepAnimationLocked:427 com.android.server.wm.WindowAnimator.updateAppWindowsLocked:176 com.android.server.wm.WindowAnimator.animateLocked:678 
03-06 01:57:32.950  1182  1282 W OpenGLRenderer: Incorrectly called buildLayer on View: ShortcutAndWidgetContainer, destroying layer...
03-06 01:57:32.950  1182  1282 W OpenGLRenderer: Incorrectly called buildLayer on View: ShortcutAndWidgetContainer, destroying layer...
03-06 01:58:02.900  5260  5260 D AndroidRuntime: >>>>>> START com.android.internal.os.RuntimeInit uid 0 <<<<<<
03-06 01:58:02.901  5260  5260 D AndroidRuntime: CheckJNI is OFF
03-06 01:58:02.916  5260  5260 W art     : Unexpected CPU variant for X86 using defaults: x86
03-06 01:58:02.918  5260  5260 D ICU     : No timezone override file found: /data/misc/zoneinfo/current/icu/icu_tzdata.dat
03-06 01:58:02.927  5260  5260 E memtrack: Couldn't load memtrack module (No such file or directory)
03-06 01:58:02.927  5260  5260 E android.os.Debug: failed to load memtrack module: -2
03-06 01:58:02.927  5260  5260 I Radio-JNI: register_android_hardware_Radio DONE
03-06 01:58:02.931  5260  5260 D AndroidRuntime: Calling main entry com.android.commands.am.Am
03-06 01:58:02.933   579  1763 I ActivityManager: START u0 {flg=0x10000000 cmp=com.android.vending/.AssetBrowserActivity} from uid 0 on display 0
03-06 01:58:02.936  5260  5260 D AndroidRuntime: Shutting down VM
03-06 01:58:02.940  5270  5270 I chatty  : uid=10063(com.android.vending) expire 17 lines
03-06 01:58:02.947   579  1762 I ActivityManager: Start proc 5270:com.android.vending/u0a63 for activity com.android.vending/.AssetBrowserActivity
03-06 01:58:03.110  5270  5291 I chatty  : uid=10063(com.android.vending) expire 4 lines
03-06 01:58:03.145  5270  5289 I chatty  : uid=10063(com.android.vending) expire 5 lines
03-06 01:58:03.202  5270  5288 I chatty  : uid=10063(com.android.vending) expire 2 lines
03-06 01:58:03.204  5270  5302 I chatty  : uid=10063(com.android.vending) expire 4 lines
03-06 01:58:03.345  5270  5273 I chatty  : uid=10063(com.android.vending) expire 12 lines
03-06 01:58:03.365  5270  5328 I chatty  : uid=10063(com.android.vending) expire 8 lines
03-06 01:58:03.712  5270  5327 I chatty  : uid=10063(com.android.vending) expire 4 lines
03-06 01:58:03.888  5270  5340 I chatty  : uid=10063(com.android.vending) expire 2 lines
03-06 01:58:03.968   579   602 I WindowManager: Destroying surface Surface(name=Starting com.android.vending) called by com.android.server.wm.WindowStateAnimator.destroySurface:2014 com.android.server.wm.WindowStateAnimator.destroySurfaceLocked:881 com.android.server.wm.WindowState.destroyOrSaveSurface:2073 com.android.server.wm.AppWindowToken.destroySurfaces:363 com.android.server.wm.WindowStateAnimator.finishExit:565 com.android.server.wm.WindowStateAnimator.stepAnimationLocked:491 com.android.server.wm.WindowAnimator.updateWindowsLocked:303 com.android.server.wm.WindowAnimator.animateLocked:704 
03-06 01:58:05.113   579  2107 I WindowManager: Destroying surface Surface(name=com.android.launcher3/com.android.launcher3.Launcher) called by com.android.server.wm.WindowStateAnimator.destroySurface:2014 com.android.server.wm.WindowStateAnimator.destroySurfaceLocked:881 com.android.server.wm.WindowState.destroyOrSaveSurface:2073 com.android.server.wm.AppWindowToken.destroySurfaces:363 com.android.server.wm.AppWindowToken.notifyAppStopped:389 com.android.server.wm.WindowManagerService.notifyAppStopped:4456 com.android.server.am.ActivityStack.activityStoppedLocked:1252 com.android.server.am.ActivityManagerService.activityStopped:6947 
03-06 01:58:05.307   579   646 I chatty  : uid=1000(system) WifiScanningSer expire 96 lines
03-06 01:58:05.308   579   642 I chatty  : uid=1000(system) WifiStateMachin expire 98 lines
03-06 01:58:13.141  5270  5299 I chatty  : uid=10063(com.android.vending) expire 2 lines
03-06 01:58:13.150  5270  5300 I chatty  : uid=10063(com.android.vending) expire 4 lines
03-06 01:58:13.203  5270  5293 I chatty  : uid=10063(com.android.vending) expire 2 lines
03-06 01:58:13.230  5270  5304 I chatty  : uid=10063(com.android.vending) expire 4 lines
03-06 01:58:13.241  5270  5326 I chatty  : uid=10063(com.android.vending) expire 4 lines
03-06 01:58:13.744  5270  5357 I chatty  : uid=10063(com.android.vending) expire 1 line
03-06 01:59:03.022  5270  5286 I chatty  : uid=10063(com.android.vending) expire 6 lines
03-06 01:59:18.986   579   594 I UsageStatsService: User[0] Flushing usage stats to disk
03-06 02:02:06.655   579   646 I chatty  : uid=1000(system) WifiScanningSer expire 24 lines
03-06 02:02:06.655   579   642 I chatty  : uid=1000(system) WifiStateMachin expire 24 lines
03-06 02:03:03.261  5270  5317 I chatty  : uid=10063(com.android.vending) expire 5 lines
03-06 02:03:06.719   579   646 I chatty  : uid=1000(system) WifiScanningSer expire 20 lines
03-06 02:03:06.721   579   642 I chatty  : uid=1000(system) WifiStateMachin expire 16 lines
03-06 02:03:41.243  5431  5431 D AndroidRuntime: >>>>>> START com.android.internal.os.RuntimeInit uid 0 <<<<<<
03-06 02:03:41.244  5431  5431 D AndroidRuntime: CheckJNI is OFF
03-06 02:03:41.268  5431  5431 W art     : Unexpected CPU variant for X86 using defaults: x86
03-06 02:03:41.270  5431  5431 D ICU     : No timezone override file found: /data/misc/zoneinfo/current/icu/icu_tzdata.dat
03-06 02:03:41.279  5431  5431 E memtrack: Couldn't load memtrack module (No such file or directory)
03-06 02:03:41.279  5431  5431 E android.os.Debug: failed to load memtrack module: -2
03-06 02:03:41.280  5431  5431 I Radio-JNI: register_android_hardware_Radio DONE
03-06 02:03:41.283  5431  5431 D AndroidRuntime: Calling main entry com.android.commands.input.Input
03-06 02:03:41.284  5431  5431 I Input   : injectKeyEvent: KeyEvent { action=ACTION_DOWN, keyCode=KEYCODE_F, scanCode=0, metaState=0, flags=0x0, repeatCount=0, eventTime=1487621, downTime=1487621, deviceId=-1, source=0x101 }
03-06 02:03:41.288   667   667 W InputMethodService: Window size has been changed. This may cause jankiness of resizing window: -1 -> -2
03-06 02:03:41.289   667   667 I LatinIME: Starting input. Cursor position = 0,0
03-06 02:03:41.289   667   667 W LatinIME: Deprecated private IME option specified: nm
03-06 02:03:41.289   667   667 W LatinIME: Use com.android.inputmethod.latin.noMicrophoneKey instead
03-06 02:03:41.292  5431  5431 I Input   : injectKeyEvent: KeyEvent { action=ACTION_UP, keyCode=KEYCODE_F, scanCode=0, metaState=0, flags=0x0, repeatCount=0, eventTime=1487621, downTime=1487621, deviceId=-1, source=0x101 }
03-06 02:03:41.299  5270  5270 I chatty  : uid=10063(com.android.vending) expire 4 lines
03-06 02:03:41.454   667   667 E RichInputConnection: Unable to connect to the editor to retrieve text.
03-06 02:03:41.454   667   667 D RichInputConnection: Will try to retrieve text later.
03-06 02:03:41.480   667   667 E RichInputConnection: Unable to connect to the editor to retrieve text.
03-06 02:03:41.480   667   667 W RichInputConnection: Unable to connect to the editor. Setting caps mode without knowing text.
03-06 02:03:41.487   667   667 I LatinIME: Starting input. Cursor position = 0,0
03-06 02:03:41.487   667   667 W LatinIME: Deprecated private IME option specified: nm
03-06 02:03:41.487   667   667 W LatinIME: Use com.android.inputmethod.latin.noMicrophoneKey instead
03-06 02:03:41.510  5431  5431 I Input   : injectKeyEvent: KeyEvent { action=ACTION_DOWN, keyCode=KEYCODE_A, scanCode=0, metaState=0, flags=0x0, repeatCount=0, eventTime=1487621, downTime=1487621, deviceId=-1, source=0x101 }
03-06 02:03:41.697  5431  5431 I Input   : injectKeyEvent: KeyEvent { action=ACTION_UP, keyCode=KEYCODE_A, scanCode=0, metaState=0, flags=0x0, repeatCount=0, eventTime=1487621, downTime=1487621, deviceId=-1, source=0x101 }
03-06 02:03:41.775  5431  5431 I Input   : injectKeyEvent: KeyEvent { action=ACTION_DOWN, keyCode=KEYCODE_C, scanCode=0, metaState=0, flags=0x0, repeatCount=0, eventTime=1487621, downTime=1487621, deviceId=-1, source=0x101 }
03-06 02:03:41.820  5431  5431 I Input   : injectKeyEvent: KeyEvent { action=ACTION_UP, keyCode=KEYCODE_C, scanCode=0, metaState=0, flags=0x0, repeatCount=0, eventTime=1487621, downTime=1487621, deviceId=-1, source=0x101 }
03-06 02:03:41.889  5431  5431 I Input   : injectKeyEvent: KeyEvent { action=ACTION_DOWN, keyCode=KEYCODE_E, scanCode=0, metaState=0, flags=0x0, repeatCount=0, eventTime=1487621, downTime=1487621, deviceId=-1, source=0x101 }
03-06 02:03:41.975  5431  5431 I Input   : injectKeyEvent: KeyEvent { action=ACTION_UP, keyCode=KEYCODE_E, scanCode=0, metaState=0, flags=0x0, repeatCount=0, eventTime=1487621, downTime=1487621, deviceId=-1, source=0x101 }
03-06 02:03:41.994  5431  5431 I Input   : injectKeyEvent: KeyEvent { action=ACTION_DOWN, keyCode=KEYCODE_B, scanCode=0, metaState=0, flags=0x0, repeatCount=0, eventTime=1487621, downTime=1487621, deviceId=-1, source=0x101 }
03-06 02:03:42.010  5431  5431 I Input   : injectKeyEvent: KeyEvent { action=ACTION_UP, keyCode=KEYCODE_B, scanCode=0, metaState=0, flags=0x0, repeatCount=0, eventTime=1487621, downTime=1487621, deviceId=-1, source=0x101 }
03-06 02:03:42.058  5431  5431 I Input   : injectKeyEvent: KeyEvent { action=ACTION_DOWN, keyCode=KEYCODE_O, scanCode=0, metaState=0, flags=0x0, repeatCount=0, eventTime=1487621, downTime=1487621, deviceId=-1, source=0x101 }
