03-06 01:40:09.899  2334  2448 I chatty  : uid=10063 com.android.vending:instant_app_installer expire 10 lines
03-06 01:40:09.982  1342  1780 I chatty  : uid=10063(com.android.vending) expire 2 lines
03-06 01:40:09.986  1414  2447 I chatty  : uid=10066(com.google.android.gms) expire 6 lines
03-06 01:40:10.223   672   712 W art     : Suspending all threads took: 11.224ms
03-06 01:40:10.235   672   712 I art     : Background partial concurrent mark sweep GC freed 7605(426KB) AllocSpace objects, 3(204KB) LOS objects, 39% free, 8MB/14MB, paused 11.692ms total 95.749ms
03-06 01:40:10.239  1342  2453 I chatty  : uid=10063(com.android.vending) expire 6 lines
03-06 01:40:10.240  1342  2454 I chatty  : uid=10063(com.android.vending) expire 3 lines
03-06 01:40:10.241  1342  2452 I chatty  : uid=10063(com.android.vending) expire 2 lines
03-06 01:40:10.241  1342  1379 I chatty  : uid=10063(com.android.vending) expire 4 lines
03-06 01:40:10.272  1342  2455 I chatty  : uid=10063(com.android.vending) expire 6 lines
03-06 01:40:10.384  1109  2317 D DownloadManager: [157] Finished with status SUCCESS
03-06 01:40:10.815   579  1998 I chatty  : uid=1000(system) Binder:579_E expire 3 lines
03-06 01:40:10.816   579  2107 I chatty  : uid=1000(system) Binder:579_10 expire 2 lines
03-06 01:40:10.818   579  1763 I chatty  : uid=1000(system) Binder:579_C expire 1 line
03-06 01:40:10.821   579   651 I chatty  : uid=1000(system) ranker expire 1 line
03-06 01:40:10.834   579   630 I chatty  : uid=1000(system) InputReader expire 10 lines
03-06 01:40:10.938   579   594 I chatty  : uid=1000(system) android.bg expire 10 lines
03-06 01:40:10.994   784   784 D CarrierSvcBindHelper: No carrier app for: 0
03-06 01:40:10.995  2463  2463 W art     : Unexpected CPU variant for X86 using defaults: x86
03-06 01:40:10.996   579   594 I ActivityManager: Start proc 2463:com.android.printspooler/u0a56 for service com.android.printspooler/.model.PrintSpoolerService
03-06 01:40:11.289   268  1276 V EmulatedCamera_Camera: getCameraInfo
03-06 01:40:11.289   268  1276 V EmulatedCamera_BaseCamera: getCameraInfo
03-06 01:40:11.293   672   672 I Choreographer: Skipped 58 frames!  The application may be doing too much work on its main thread.
03-06 01:40:11.332  1557  1557 W twa     : Already started: twa@d1bfa7
03-06 01:40:11.841  1069  2401 I chatty  : uid=10066 com.google.android.gms.persistent expire 10 lines
03-06 01:40:12.208   672   672 I Choreographer: Skipped 51 frames!  The application may be doing too much work on its main thread.
03-06 01:40:12.447  1414  2436 I chatty  : uid=10066(com.google.android.gms) expire 10 lines
03-06 01:40:12.454   579   595 I ActivityManager: Waited long enough for: ServiceRecord{fdb0618 u0 com.android.cellbroadcastreceiver/.CellBroadcastConfigService}
03-06 01:40:12.785  1414  2511 I chatty  : uid=10066(com.google.android.gms) expire 2 lines
03-06 01:40:12.897  1069  2506 I chatty  : uid=10066 com.google.android.gms.persistent expire 7 lines
03-06 01:40:12.903  1414  2438 I chatty  : uid=10066(com.google.android.gms) expire 8 lines
03-06 01:40:12.942  1069  2400 I chatty  : uid=10066 com.google.android.gms.persistent expire 15 lines
03-06 01:40:13.165  1069  2513 I chatty  : uid=10066 com.google.android.gms.persistent expire 5 lines
03-06 01:40:13.218  1069  2519 I chatty  : uid=10066 com.google.android.gms.persistent expire 3 lines
03-06 01:40:13.624   278   558 D baseband-sms: index:1/1
03-06 01:40:13.624   278   558 D baseband-sms: txt:'FQKf.:et#W'
03-06 01:40:13.625   784  1268 D IccSmsInterfaceManager: [IccSmsInterfaceManager] Failed to add GSM cell broadcast subscription for MID range 4370 to 4370 from client com.android.cellbroadcastreceiver
03-06 01:40:13.625   278   558 D baseband-sms: newsms
03-06 01:40:13.625   278   558 D baseband-sms: sender:(N/A)
03-06 01:40:13.625   278   558 D baseband-sms: receiver:122
03-06 01:40:13.629   784   797 D IccSmsInterfaceManager: [IccSmsInterfaceManager] Calling setGsmBroadcastConfig with 1 configurations
03-06 01:40:13.852  1414  2516 I chatty  : uid=10066(com.google.android.gms) expire 3 lines
03-06 01:40:14.010  1414  2518 I chatty  : uid=10066(com.google.android.gms) expire 12 lines
03-06 01:40:14.094  1414  2525 I chatty  : uid=10066(com.google.android.gms) expire 3 lines
03-06 01:40:14.193  1109  2531 D DownloadManager: [158] Starting
03-06 01:40:14.228  1109  2531 D NetworkSecurityConfig: No Network Security Config specified, using platform default
03-06 01:40:15.686  1109  2531 W DownloadManager: fallocate() not supported; falling back to ftruncate()
03-06 01:40:16.190   579   591 I ActivityManager: Killing 1693:com.android.managedprovisioning/u0a15 (adj 906): empty #17
03-06 01:40:16.203   579   920 I ActivityManager: Killing 1766:com.genymotion.superuser/1000 (adj 906): empty #17
03-06 01:40:16.801  1414  2428 I chatty  : uid=10066(com.google.android.gms) expire 2 lines
03-06 01:40:17.336  1414  2536 I chatty  : uid=10066(com.google.android.gms) expire 8 lines
03-06 01:40:17.738  1109  2531 D DownloadManager: [158] Finished with status SUCCESS
03-06 01:40:17.818   273   273 E Drm     : Failed to find drm plugin
03-06 01:40:17.859  1342  1342 I chatty  : uid=10063(com.android.vending) expire 33 lines
03-06 01:40:18.536  2334  2373 I PackageParser: com.google.android.instantapps.dna.archive: compat added android.permission.WRITE_EXTERNAL_STORAGE android.permission.READ_PHONE_STATE
03-06 01:40:18.559  1109  1124 V DownloadManager: Deleting /storage/emulated/0/Android/data/com.android.vending/files/dna_data/1551854414121 via provider delete
03-06 01:40:18.567  1109  1124 D MediaProvider: object removed 31
03-06 01:40:18.608  1414  1902 I chatty  : uid=10066(com.google.android.gms) expire 6 lines
03-06 01:40:18.747  1414  2042 I chatty  : uid=10066(com.google.android.gms) expire 11 lines
03-06 01:40:18.964  1069  2398 I chatty  : uid=10066 com.google.android.gms.persistent expire 12 lines
03-06 01:40:19.242   268  1276 V EmulatedCamera_Camera: getCameraInfo
03-06 01:40:19.242   268  1276 V EmulatedCamera_BaseCamera: getCameraInfo
03-06 01:40:19.620  1414  2554 I chatty  : uid=10066(com.google.android.gms) expire 3 lines
03-06 01:40:19.907  1069  1681 I chatty  : uid=10066 com.google.android.gms.persistent expire 2 lines
03-06 01:40:20.018  1069  1069 I chatty  : uid=10066 com.google.android.gms.persistent expire 11 lines
03-06 01:40:20.030  1414  2537 I chatty  : uid=10066(com.google.android.gms) expire 7 lines
03-06 01:40:20.280   278   558 D baseband-sms: index:1/1
03-06 01:40:20.281   278   558 D baseband-sms: txt:'FQKf.:et#W'
03-06 01:40:20.327   784   797 D IccSmsInterfaceManager: [IccSmsInterfaceManager] Failed to add GSM cell broadcast subscription for MID range 4371 to 4372 from client com.android.cellbroadcastreceiver
03-06 01:40:20.378   784   798 D IccSmsInterfaceManager: [IccSmsInterfaceManager] Calling setGsmBroadcastConfig with 1 configurations
03-06 01:40:20.379   784   798 D IccSmsInterfaceManager: [IccSmsInterfaceManager] Failed to add GSM cell broadcast subscription for MID range 4373 to 4378 from client com.android.cellbroadcastreceiver
03-06 01:40:20.400   784  1279 D IccSmsInterfaceManager: [IccSmsInterfaceManager] Calling setGsmBroadcastConfig with 1 configurations
03-06 01:40:20.404   784  1279 D IccSmsInterfaceManager: [IccSmsInterfaceManager] Failed to add GSM cell broadcast subscription for MID range 4379 to 4379 from client com.android.cellbroadcastreceiver
03-06 01:40:20.413   784   798 D IccSmsInterfaceManager: [IccSmsInterfaceManager] Failed to remove GSM cell broadcast subscription for MID range 4380 to 4382 from client com.android.cellbroadcastreceiver
03-06 01:40:20.443   784  1279 D IccSmsInterfaceManager: [IccSmsInterfaceManager] Calling setGsmBroadcastConfig with 1 configurations
03-06 01:40:20.444   784  1279 D IccSmsInterfaceManager: [IccSmsInterfaceManager] Failed to add GSM cell broadcast subscription for MID range 4383 to 4383 from client com.android.cellbroadcastreceiver
03-06 01:40:20.461  1069  1473 I chatty  : uid=10066 com.google.android.gms.persistent expire 2 lines
03-06 01:40:20.472   784   798 D IccSmsInterfaceManager: [IccSmsInterfaceManager] Calling setGsmBroadcastConfig with 1 configurations
03-06 01:40:20.474   784   798 D IccSmsInterfaceManager: [IccSmsInterfaceManager] Failed to add GSM cell broadcast subscription for MID range 4384 to 4385 from client com.android.cellbroadcastreceiver
03-06 01:40:20.496   784  1279 D IccSmsInterfaceManager: [IccSmsInterfaceManager] Calling setGsmBroadcastConfig with 1 configurations
03-06 01:40:20.498   784  1279 D IccSmsInterfaceManager: [IccSmsInterfaceManager] Failed to add GSM cell broadcast subscription for MID range 4386 to 4391 from client com.android.cellbroadcastreceiver
03-06 01:40:20.507   784   798 D IccSmsInterfaceManager: [IccSmsInterfaceManager] Calling setGsmBroadcastConfig with 1 configurations
03-06 01:40:20.508   784   798 D IccSmsInterfaceManager: [IccSmsInterfaceManager] Failed to add GSM cell broadcast subscription for MID range 4392 to 4392 from client com.android.cellbroadcastreceiver
03-06 01:40:20.528   784  1279 D IccSmsInterfaceManager: [IccSmsInterfaceManager] Failed to remove GSM cell broadcast subscription for MID range 4393 to 4395 from client com.android.cellbroadcastreceiver
03-06 01:40:20.537   784   798 D IccSmsInterfaceManager: [IccSmsInterfaceManager] Failed to remove GSM cell broadcast subscription for MID range 50 to 50 from client com.android.cellbroadcastreceiver
03-06 01:40:20.540   579  1764 I ActivityManager: Killing 1590:com.google.android.play.games.ui/u0a66 (adj 906): empty #17
03-06 01:40:20.564  1414  2555 I chatty  : uid=10066(com.google.android.gms) expire 3 lines
03-06 01:40:20.795  1414  1904 I chatty  : uid=10066(com.google.android.gms) expire 1 line
03-06 01:40:20.810  1342  2566 I chatty  : uid=10063(com.android.vending) expire 1 line
03-06 01:40:20.830   579   801 W NetworkIdentity: Active mobile network without subscriber!
03-06 01:40:20.831   579  1764 W NetworkIdentity: Active mobile network without subscriber!
03-06 01:40:20.903  1342  1387 I chatty  : uid=10063(com.android.vending) expire 1 line
03-06 01:40:20.953   579  1754 W NetworkIdentity: Active mobile network without subscriber!
03-06 01:40:20.954   579  1998 W NetworkIdentity: Active mobile network without subscriber!
03-06 01:40:21.109  1069  1518 I chatty  : uid=10066 com.google.android.gms.persistent expire 4 lines
03-06 01:40:21.220  2463  2474 I art     : HomogeneousSpaceCompact marksweep + semispace GC freed 8215(626KB) AllocSpace objects, 0(0B) LOS objects, 39% free, 3MB/5MB, paused 11.723ms total 11.723ms
03-06 01:40:21.226   784   784 D CarrierSvcBindHelper: No carrier app for: 0
03-06 01:40:21.262   784   784 D CarrierSvcBindHelper: No carrier app for: 0
03-06 01:40:22.002  1069  2558 I chatty  : uid=10066 com.google.android.gms.persistent expire 1 line
03-06 01:40:22.069  1069  2579 I chatty  : uid=10066 com.google.android.gms.persistent expire 1 line
03-06 01:40:22.111  1069  2060 I chatty  : uid=10066 com.google.android.gms.persistent expire 9 lines
03-06 01:40:22.844  1342  1398 I chatty  : uid=10063(com.android.vending) expire 4 lines
03-06 01:40:22.970  1342  1426 I chatty  : uid=10063(com.android.vending) expire 1 line
03-06 01:40:23.147  2584  2584 W art     : Unexpected CPU variant for X86 using defaults: x86
03-06 01:40:23.157   579   606 I ActivityManager: Start proc 2584:com.android.defcontainer/u0a7 for service com.android.defcontainer/.DefaultContainerService
03-06 01:40:23.377  1414  2095 I chatty  : uid=10066(com.google.android.gms) expire 1 line
03-06 01:40:23.379  1414  2583 I chatty  : uid=10066(com.google.android.gms) expire 1 line
03-06 01:40:23.386  1069  1985 I chatty  : uid=10066 com.google.android.gms.persistent expire 1 line
03-06 01:40:23.424  1342  1399 I chatty  : uid=10063(com.android.vending) expire 4 lines
03-06 01:40:23.511   579   606 I chatty  : uid=1000(system) PackageManager expire 6 lines
03-06 01:40:23.534  2599  2599 W dex2oat : Unexpected CPU variant for X86 using defaults: x86
03-06 01:40:23.534  2599  2599 I dex2oat : /system/bin/dex2oat --compiler-filter=interpret-only
03-06 01:40:23.534  2599  2599 E cutils-trace: Error opening trace file: Permission denied (13)
03-06 01:40:23.545  1069  1462 I chatty  : uid=10066 com.google.android.gms.persistent expire 14 lines
03-06 01:40:23.861  1414  2601 I chatty  : uid=10066(com.google.android.gms) expire 1 line
03-06 01:40:23.884  1414  1717 I chatty  : uid=10066(com.google.android.gms) expire 11 lines
03-06 01:40:24.307  2407  2608 I cr_BackgroundService: [FetchSnippetsFallback] Woken up at Wed Mar 06 01:40:24 EST 2019
03-06 01:40:24.307  2407  2407 I cr_BackgroundService: Launching browser
03-06 01:40:24.692  1069  1445 I chatty  : uid=10066 com.google.android.gms.persistent expire 9 lines
03-06 01:40:24.821  2407  2615 I cr_ui   : Using UI locale en, system locale: en (Android name: en)
03-06 01:40:24.821  2407  2615 I cr_ui   : Missing asset file: locales#lang_en/en-US.pak
03-06 01:40:24.855  2407  2615 I cr_ui   : Found asset file: locales/en-GB.pak
03-06 01:40:24.855  2407  2615 I cr_ui   : Using app bundle locale directory: locales
03-06 01:40:24.855  2407  2615 I cr_ui   : UI Language: en requires .pak files: [en-GB, en-US]
03-06 01:40:24.895  2407  2613 W DynamiteModule: Local module descriptor class for com.google.android.gms.googlecertificates not found.
03-06 01:40:24.925  2407  2407 I cr_LibraryLoader: Time to load native libraries: 104 ms (timestamps 1158-1262)
03-06 01:40:25.840   579   646 I chatty  : uid=1000(system) WifiScanningSer expire 10 lines
03-06 01:40:25.841   579   642 I chatty  : uid=1000(system) WifiStateMachin expire 10 lines
03-06 01:40:25.945  2407  2613 I DynamiteModule: Considering local module com.google.android.gms.googlecertificates:0 and remote module com.google.android.gms.googlecertificates:4
03-06 01:40:25.945  2407  2613 I DynamiteModule: Selected remote version of com.google.android.gms.googlecertificates, version >= 4
03-06 01:40:26.071  2407  2613 W System  : ClassLoader referenced unknown path: 
03-06 01:40:26.356  2407  2613 W System  : ClassLoader referenced unknown path: /data/user_de/0/com.google.android.gms/app_chimera/m/0000001a/n/x86
03-06 01:40:27.435  2599  2599 I dex2oat : dex2oat took 3.901s (threads: 4) arena alloc=735KB (753064B) java alloc=33MB (34710536B) native alloc=29MB (30822288B) free=4MB (4305008B)
03-06 01:40:27.441   579   595 I ActivityManager: Force stopping com.android.vending appid=10063 user=-1: installPackageLI
03-06 01:40:27.441   579   595 I ActivityManager: Killing 2334:com.android.vending:instant_app_installer/u0a63 (adj 900): stop com.android.vending
03-06 01:40:27.442   579   595 I ActivityManager: Killing 1342:com.android.vending/u0a63 (adj 900): stop com.android.vending
03-06 01:40:27.516   579   606 W PackageManager: Trying to update system app code path from /data/app/com.android.vending-1 to /data/app/com.android.vending-2
03-06 01:40:27.516   579   606 W PackageManager: Code path for com.android.vending changing from /data/app/com.android.vending-1 to /data/app/com.android.vending-2
03-06 01:40:27.516   579   606 W PackageManager: Resource path for com.android.vending changing from /data/app/com.android.vending-1 to /data/app/com.android.vending-2
03-06 01:40:27.517   579   606 W PackageManager: Permission com.android.vending.appdiscoveryservice.permission.ACCESS_APP_DISCOVERY_SERVICE from package com.android.vending in an unknown group android.permission-group.NETWORK
03-06 01:40:27.517   579   606 W PackageManager: Permission com.android.vending.CHECK_LICENSE from package com.android.vending in an unknown group android.permission-group.NETWORK
03-06 01:40:27.517   579   606 W PackageManager: Permission com.android.vending.BILLING from package com.android.vending in an unknown group android.permission-group.NETWORK
03-06 01:40:27.517   579   606 W PackageManager: Permission com.android.vending.p2p.APP_INSTALL_API from package com.android.vending in an unknown group android.permission-group.NETWORK
03-06 01:40:27.655  2407  2407 I chromium: [INFO:library_loader_hooks.cc(36)] Chromium logging enabled: level = 0, default verbosity = 0
03-06 01:40:27.655  2407  2407 I cr_LibraryLoader: Expected native library version number "70.0.3538.80", actual native library version number "70.0.3538.80"
03-06 01:40:27.886  2407  2407 I cr_BrowserStartup: Initializing chromium process, singleProcess=false
03-06 01:40:30.533   579   606 W PackageManager: Not granting permission android.permission.READ_PRIVILEGED_PHONE_STATE to package com.android.vending (protectionLevel=18 flags=0x384abec5)
03-06 01:40:30.533   579   606 W PackageManager: Not granting permission android.permission.SEND_DOWNLOAD_COMPLETED_INTENTS to package com.android.vending (protectionLevel=2 flags=0x384abec5)
03-06 01:40:30.533   579   606 W PackageManager: Unknown permission android.permission.USE_BIOMETRIC in package com.android.vending
03-06 01:40:30.533   579   606 W PackageManager: Not granting permission android.permission.BACKUP to package com.android.vending (protectionLevel=18 flags=0x384abec5)
03-06 01:40:30.533   579   606 W PackageManager: Unknown permission android.permission.ALLOCATE_AGGRESSIVE in package com.android.vending
03-06 01:40:30.533   579   606 W PackageManager: Not granting permission android.permission.SET_PREFERRED_APPLICATIONS to package com.android.vending (protectionLevel=2 flags=0x384abec5)
03-06 01:40:30.533   579   606 W PackageManager: Unknown permission android.permission.ACCESS_INSTANT_APPS in package com.android.vending
03-06 01:40:30.534   579   606 W PackageManager: Not granting permission android.permission.UPDATE_DEVICE_STATS to package com.android.vending (protectionLevel=18 flags=0x384abec5)
03-06 01:40:30.534   579   606 W PackageManager: Unknown permission android.permission.MANAGE_APP_OPS_MODES in package com.android.vending
03-06 01:40:30.534   579   606 W PackageManager: Unknown permission android.permission.MANAGE_ROLLBACKS in package com.android.vending
03-06 01:40:30.534   579   606 W PackageManager: Unknown permission android.permission.SET_HARMFUL_APP_WARNINGS in package com.android.vending
03-06 01:40:30.534   579   606 W PackageManager: Unknown permission com.sec.android.provider.badge.permission.READ in package com.android.vending
03-06 01:40:30.534   579   606 W PackageManager: Unknown permission com.sec.android.provider.badge.permission.WRITE in package com.android.vending
03-06 01:40:30.534   579   606 W PackageManager: Unknown permission com.htc.launcher.permission.READ_SETTINGS in package com.android.vending
03-06 01:40:30.534   579   606 W PackageManager: Unknown permission com.htc.launcher.permission.UPDATE_SHORTCUT in package com.android.vending
03-06 01:40:30.534   579   606 W PackageManager: Unknown permission com.sonyericsson.home.permission.BROADCAST_BADGE in package com.android.vending
03-06 01:40:30.534   579   606 W PackageManager: Unknown permission com.sonymobile.home.permission.PROVIDER_INSERT_BADGE in package com.android.vending
03-06 01:40:30.534   579   606 W PackageManager: Unknown permission com.anddoes.launcher.permission.UPDATE_COUNT in package com.android.vending
03-06 01:40:30.534   579   606 W PackageManager: Unknown permission com.majeur.launcher.permission.UPDATE_BADGE in package com.android.vending
03-06 01:40:30.534   579   606 W PackageManager: Unknown permission com.huawei.android.launcher.permission.CHANGE_BADGE in package com.android.vending
03-06 01:40:30.534   579   606 W PackageManager: Unknown permission com.huawei.android.launcher.permission.READ_SETTINGS in package com.android.vending
03-06 01:40:30.534   579   606 W PackageManager: Unknown permission com.huawei.android.launcher.permission.WRITE_SETTINGS in package com.android.vending
03-06 01:40:30.534   579   606 W PackageManager: Unknown permission android.permission.READ_APP_BADGE in package com.android.vending
03-06 01:40:30.534   579   606 W PackageManager: Unknown permission com.oppo.launcher.permission.READ_SETTINGS in package com.android.vending
03-06 01:40:30.534   579   606 W PackageManager: Unknown permission com.oppo.launcher.permission.WRITE_SETTINGS in package com.android.vending
03-06 01:40:30.534   579   606 W PackageManager: Unknown permission org.chromium.arc.apkcacheprovider.permission.READ_CACHE in package com.android.vending
03-06 01:40:30.534   579   606 W PackageManager: Unknown permission org.chromium.arc.apkcacheprovider.permission.WRITE_CACHE in package com.android.vending
03-06 01:40:30.535   579   606 W PackageManager: Not granting permission android.permission.SUBSTITUTE_NOTIFICATION_APP_NAME to package com.android.vending (protectionLevel=18 flags=0x384abec5)
03-06 01:40:30.535   579   606 W PackageManager: Unknown permission android.permission.READ_RUNTIME_PROFILES in package com.android.vending
03-06 01:40:30.535   579   606 W PackageManager: Unknown permission android.permission.FOREGROUND_SERVICE in package com.android.vending
03-06 01:40:30.535   579   606 W PackageManager: Not granting permission android.permission.REBOOT to package com.android.vending (protectionLevel=18 flags=0x384abec5)
03-06 01:40:30.535   579   606 W PackageManager: Unknown permission android.permission.START_ACTIVITIES_FROM_BACKGROUND in package com.android.vending
03-06 01:40:30.964   579  1754 I chatty  : uid=1000(system) Binder:579_9 expire 1 line
03-06 01:40:30.967   579   624 I chatty  : uid=1000(system) AlarmManager expire 1 line
03-06 01:40:31.216   579   606 I ActivityManager: Force stopping com.android.vending appid=10063 user=0: pkg removed
03-06 01:40:31.239  2630  2630 W art     : Unexpected CPU variant for X86 using defaults: x86
03-06 01:40:31.241   579   595 I ActivityManager: Start proc 2630:com.android.gallery3d/u0a45 for broadcast com.android.gallery3d/.app.PackagesMonitor
03-06 01:40:31.306   784   784 D CarrierSvcBindHelper: No carrier app for: 0
03-06 01:40:31.308   784   784 D CarrierSvcBindHelper: No carrier app for: 0
03-06 01:40:31.309   784   784 D CarrierConfigLoader: mHandler: 9 phoneId: 0
03-06 01:40:31.776   579   594 W VoiceInteractionManagerService: no available voice recognition services found for user 0
03-06 01:40:32.224  1069  2650 I chatty  : uid=10066 com.google.android.gms.persistent expire 12 lines
03-06 01:40:32.285   273   353 E Drm     : Failed to find drm plugin
03-06 01:40:32.576  1069  1716 I chatty  : uid=10066 com.google.android.gms.persistent expire 6 lines
03-06 01:40:32.653  2656  2656 W art     : Unexpected CPU variant for X86 using defaults: x86
03-06 01:40:32.660   579  1999 I ActivityManager: Start proc 2656:com.android.keychain/1000 for broadcast com.android.keychain/.KeyChainBroadcastReceiver
03-06 01:40:32.664  2656  2656 W System  : ClassLoader referenced unknown path: /system/app/KeyChain/lib/x86
03-06 01:40:32.668  2656  2656 W ContextImpl: Calling a method in the system process without a qualified user: android.app.ContextImpl.startService:1385 android.content.ContextWrapper.startService:613 android.content.ContextWrapper.startService:613 com.android.keychain.KeyChainBroadcastReceiver.onReceive:12 android.app.ActivityThread.handleReceiver:3011 
03-06 01:40:32.673  2671  2671 W art     : Unexpected CPU variant for X86 using defaults: x86
03-06 01:40:32.681   579  1754 I ActivityManager: Start proc 2671:com.android.musicfx/u0a16 for broadcast com.android.musicfx/.Compatibility$Receiver
03-06 01:40:32.686  2671  2671 W System  : ClassLoader referenced unknown path: /system/priv-app/MusicFX/lib/x86
03-06 01:40:32.710  2687  2687 I chatty  : uid=10063(com.android.vending) expire 42 lines
03-06 01:40:32.717   579  1999 I ActivityManager: Start proc 2687:com.android.vending/u0a63 for broadcast com.android.vending/com.google.android.finsky.packagemanager.impl.PackageMonitorReceiverImpl$RegisteredReceiver
03-06 01:40:32.788  2687  2707 I chatty  : uid=10063(com.android.vending) expire 2 lines
03-06 01:40:32.795  2687  2710 I chatty  : uid=10063(com.android.vending) expire 11 lines
03-06 01:40:32.916  2687  2706 I chatty  : uid=10063(com.android.vending) expire 6 lines
03-06 01:40:32.970  2687  2705 I chatty  : uid=10063(com.android.vending) expire 2 lines
03-06 01:40:33.069   579   594 I chatty  : uid=1000(system) android.bg expire 4 lines
03-06 01:40:33.074  2687  2747 I chatty  : uid=10063(com.android.vending) expire 11 lines
03-06 01:40:33.075  2687  2721 I chatty  : uid=10063(com.android.vending) expire 316 lines
03-06 01:40:33.080  1109  1123 V DownloadManager: Deleting /data/data/com.android.providers.downloads/cache/downloadfile.bin via provider delete
03-06 01:40:33.246  2749  2749 W art     : Unexpected CPU variant for X86 using defaults: x86
03-06 01:40:33.252   579   591 I ActivityManager: Start proc 2749:com.genymotion.superuser/1000 for broadcast com.genymotion.superuser/com.koushikdutta.superuser.PackageChangeReceiver
03-06 01:40:33.253   579   591 I ActivityManager: Killing 1852:com.google.android.onetimeinitializer/u0a67 (adj 906): empty #17
03-06 01:40:33.266  2749  2749 W System  : ClassLoader referenced unknown path: /system/app/Superuser/lib/x86
03-06 01:40:33.282  2687  2740 I chatty  : uid=10063(com.android.vending) expire 8 lines
03-06 01:40:33.324   579   591 I ActivityManager: Killing 929:com.android.deskclock/u0a38 (adj 906): empty #17
03-06 01:40:33.352  2687  2742 I chatty  : uid=10063(com.android.vending) expire 1 line
03-06 01:40:33.446   273   273 E Drm     : Failed to find drm plugin
03-06 01:40:33.594  2784  2784 W art     : Unexpected CPU variant for X86 using defaults: x86
03-06 01:40:33.602   579   881 I ActivityManager: Start proc 2784:com.svox.pico/u0a54 for broadcast com.svox.pico/.VoiceDataInstallerReceiver
03-06 01:40:33.646  1414  2769 I chatty  : uid=10066(com.google.android.gms) expire 2 lines
03-06 01:40:33.650  1414  2771 I chatty  : uid=10066(com.google.android.gms) expire 7 lines
03-06 01:40:33.681  1414  2800 I chatty  : uid=10066(com.google.android.gms) expire 8 lines
03-06 01:40:34.307  1414  2772 I chatty  : uid=10066(com.google.android.gms) expire 10 lines
03-06 01:40:34.393   579  1755 I ActivityManager: Killing 1476:com.android.cellbroadcastreceiver/u0a4 (adj 906): empty #17
03-06 01:40:34.398   579  1491 I ActivityManager: Killing 1719:com.android.messaging/u0a59 (adj 906): empty #17
03-06 01:40:34.419  1414  2106 I chatty  : uid=10066(com.google.android.gms) expire 4 lines
03-06 01:40:34.517  1414  2271 I chatty  : uid=10066(com.google.android.gms) expire 9 lines
03-06 01:40:35.125  2687  2745 I chatty  : uid=10063(com.android.vending) expire 8 lines
03-06 01:40:35.154  1414  1493 I chatty  : uid=10066(com.google.android.gms) expire 1 line
03-06 01:40:35.880  1414  2808 I chatty  : uid=10066(com.google.android.gms) expire 2 lines
03-06 01:40:37.974  1414  2767 I chatty  : uid=10066(com.google.android.gms) expire 17 lines
03-06 01:40:38.295  2687  2708 I chatty  : uid=10063(com.android.vending) expire 1 line
03-06 01:40:38.542  2407  2407 W cr_KnoxSettingsProvider: Permission to read device policy denied.
03-06 01:40:38.573  2687  2716 I chatty  : uid=10063(com.android.vending) expire 4 lines
03-06 01:40:38.582  2687  2722 I chatty  : uid=10063(com.android.vending) expire 1 line
03-06 01:40:38.584  2687  2728 I chatty  : uid=10063(com.android.vending) expire 1 line
03-06 01:40:38.823  2407  2844 I cr_BackgroundService: [FetchSnippetsWifi] Woken up at Wed Mar 06 01:40:38 EST 2019
03-06 01:40:38.829   579  1998 I ActivityManager: Killing 802:com.android.settings/1000 (adj 906): empty #17
03-06 01:40:38.939  1069  1462 I chatty  : uid=10066 com.google.android.gms.persistent expire 7 lines
03-06 01:40:39.061   579  1763 I ActivityManager: Killing 1643:com.android.email/u0a42 (adj 906): empty #17
03-06 01:40:39.094  2687  2718 I chatty  : uid=10063(com.android.vending) expire 5 lines
03-06 01:40:39.396  2851  2851 I chatty  : uid=10066(com.google.android.gms) /system/bin/dex2oat expire 4 lines
03-06 01:40:39.433   273   353 E Drm     : Failed to find drm plugin
03-06 01:40:39.831  1928  1940 I chatty  : uid=10066 com.google.android.gms.unstable expire 1 line
03-06 01:40:39.898  1414  1717 I chatty  : uid=10066(com.google.android.gms) expire 10 lines
03-06 01:40:40.375  1414  1425 I chatty  : uid=10066(com.google.android.gms) expire 1 line
03-06 01:40:40.571  2687  2835 I chatty  : uid=10063(com.android.vending) expire 1 line
03-06 01:40:40.593   273   273 E Drm     : Failed to find drm plugin
03-06 01:40:40.601   784   797 D TelephonyProvider: subIdString = 1 subId = 1
03-06 01:40:40.601   784   797 D TelephonyProvider: getPreferredApnIdFromApn: for subId 1
03-06 01:40:40.828  1069  1494 I chatty  : uid=10066 com.google.android.gms.persistent expire 7 lines
03-06 01:40:41.182   273   353 E Drm     : Failed to find drm plugin
03-06 01:40:41.213  1069  2009 I chatty  : uid=10066 com.google.android.gms.persistent expire 14 lines
03-06 01:40:41.487  1414  2770 I chatty  : uid=10066(com.google.android.gms) expire 23 lines
03-06 01:40:41.488  1069  2778 I chatty  : uid=10066 com.google.android.gms.persistent expire 18 lines
03-06 01:40:41.524  1069  2897 I chatty  : uid=10066 com.google.android.gms.persistent expire 13 lines
03-06 01:40:41.569  1414  2768 I chatty  : uid=10066(com.google.android.gms) expire 7 lines
03-06 01:40:41.610  1414  2896 I chatty  : uid=10066(com.google.android.gms) expire 8 lines
03-06 01:40:41.623  1414  2905 I chatty  : uid=10066(com.google.android.gms) expire 7 lines
03-06 01:40:41.690  1414  2902 I chatty  : uid=10066(com.google.android.gms) expire 16 lines
03-06 01:40:41.707  1069  2899 I chatty  : uid=10066 com.google.android.gms.persistent expire 23 lines
03-06 01:40:41.714  1069  2910 I chatty  : uid=10066 com.google.android.gms.persistent expire 8 lines
03-06 01:40:41.718  1414  2906 I chatty  : uid=10066(com.google.android.gms) expire 9 lines
03-06 01:40:41.727  1069  2909 I chatty  : uid=10066 com.google.android.gms.persistent expire 2 lines
03-06 01:40:41.862  1069  2898 I chatty  : uid=10066 com.google.android.gms.persistent expire 12 lines
03-06 01:40:41.900  1414  2903 I chatty  : uid=10066(com.google.android.gms) expire 7 lines
03-06 01:40:41.940  1069  2911 I chatty  : uid=10066 com.google.android.gms.persistent expire 9 lines
03-06 01:40:41.944  1414  2901 I chatty  : uid=10066(com.google.android.gms) expire 8 lines
03-06 01:40:41.986  1069  2900 I chatty  : uid=10066 com.google.android.gms.persistent expire 8 lines
03-06 01:40:42.303  1069  2892 I chatty  : uid=10066 com.google.android.gms.persistent expire 1 line
03-06 01:40:42.364  2687  2692 I chatty  : uid=10063(com.android.vending) expire 12 lines
03-06 01:40:42.482   579  2107 W NetworkIdentity: Active mobile network without subscriber!
03-06 01:40:42.483   579   728 W NetworkIdentity: Active mobile network without subscriber!
03-06 01:40:42.550   579  1998 W NetworkIdentity: Active mobile network without subscriber!
03-06 01:40:42.550   579  1491 W NetworkIdentity: Active mobile network without subscriber!
03-06 01:40:42.601  2407  2814 D NetworkSecurityConfig: Using Network Security Config from resource network_security_config debugBuild: false
03-06 01:40:42.679  2687  2743 I chatty  : uid=10063(com.android.vending) expire 15 lines
03-06 01:40:42.813  1069  1079 I chatty  : uid=10066 com.google.android.gms.persistent expire 2 lines
03-06 01:40:42.942   268  1276 V EmulatedCamera_Camera: getCameraInfo
03-06 01:40:42.942   268  1276 V EmulatedCamera_BaseCamera: getCameraInfo
03-06 01:40:42.969  1069  2916 I chatty  : uid=10066 com.google.android.gms.persistent expire 6 lines
03-06 01:40:42.994  2687  2717 I chatty  : uid=10063(com.android.vending) expire 4 lines
03-06 01:40:43.086  2687  2687 I chatty  : uid=10063(com.android.vending) expire 225 lines
03-06 01:40:43.121  1414  2904 I chatty  : uid=10066(com.google.android.gms) expire 7 lines
03-06 01:40:43.180  1069  2922 I chatty  : uid=10066 com.google.android.gms.persistent expire 2 lines
03-06 01:40:43.196  1069  1069 I chatty  : uid=10066 com.google.android.gms.persistent expire 3 lines
03-06 01:40:43.546  1414  2935 I chatty  : uid=10066(com.google.android.gms) expire 9 lines
03-06 01:40:43.839  1414  2936 I chatty  : uid=10066(com.google.android.gms) expire 2 lines
03-06 01:40:44.268   268  1276 V EmulatedCamera_Camera: getCameraInfo
03-06 01:40:44.268   268  1276 V EmulatedCamera_BaseCamera: getCameraInfo
03-06 01:40:44.303  2687  2747 I chatty  : uid=10063(com.android.vending) expire 3 lines
03-06 01:40:46.178   784  1279 D TelephonyProvider: subIdString = 1 subId = 1
03-06 01:40:46.178   784  1279 D TelephonyProvider: getPreferredApnIdFromApn: for subId 1
03-06 01:40:46.767  1557  1557 W twa     : Already started: twa@d1bfa7
03-06 01:40:49.610   579   801 I ActivityManager: Killing 1788:com.google.android.configupdater/u0a69 (adj 906): empty #17
03-06 01:40:49.611   579   801 I ActivityManager: Killing 1618:com.android.calendar/u0a31 (adj 906): empty #18
03-06 01:40:51.409  2687  2954 I chatty  : uid=10063(com.android.vending) expire 37 lines
03-06 01:40:51.410  2687  2955 I chatty  : uid=10063(com.android.vending) expire 5 lines
03-06 01:40:51.422  2687  2956 I chatty  : uid=10063(com.android.vending) expire 23 lines
03-06 01:40:51.583  2687  2735 I chatty  : uid=10063(com.android.vending) expire 4 lines
03-06 01:40:52.013  2687  2741 I chatty  : uid=10063(com.android.vending) expire 2 lines
03-06 01:40:52.168  2962  2962 I chatty  : uid=10063 com.android.vending:instant_app_installer expire 9 lines
03-06 01:40:52.174   579  1998 I ActivityManager: Start proc 2962:com.android.vending:instant_app_installer/u0a63 for service com.android.vending/com.google.android.finsky.instantapps.statussync.EnabledStatusSyncService
03-06 01:40:52.305  2962  2990 I chatty  : uid=10063 com.android.vending:instant_app_installer expire 6 lines
03-06 01:40:52.344   784   797 D TelephonyProvider: subIdString = 1 subId = 1
03-06 01:40:52.344   784   797 D TelephonyProvider: getPreferredApnIdFromApn: for subId 1
03-06 01:40:52.415  2962  2999 I chatty  : uid=10063 com.android.vending:instant_app_installer expire 4 lines
03-06 01:40:52.435  1069  1447 I chatty  : uid=10066 com.google.android.gms.persistent expire 1 line
03-06 01:40:52.476   579   646 I chatty  : uid=1000(system) WifiScanningSer expire 14 lines
03-06 01:40:52.477   579   642 I chatty  : uid=1000(system) WifiStateMachin expire 14 lines
03-06 01:40:52.532  2962  3001 I chatty  : uid=10063 com.android.vending:instant_app_installer expire 6 lines
03-06 01:40:52.581  2687  2748 I chatty  : uid=10063(com.android.vending) expire 1 line
03-06 01:40:52.747  2962  2994 I chatty  : uid=10063 com.android.vending:instant_app_installer expire 3 lines
03-06 01:40:52.775  1109  3023 D DownloadManager: [159] Starting
03-06 01:40:52.800  2962  2994 E ActivityThread: Failed to find provider info for com.google.android.instantapps.supervisor.SupervisorArchiveProvider
03-06 01:40:52.811   579  1754 I ActivityManager: Killing 1543:com.google.process.gapps/u0a72 (adj 906): empty #17
03-06 01:40:52.862  1109  3023 D NetworkSecurityConfig: No Network Security Config specified, using platform default
03-06 01:40:53.007   784   784 D CarrierSvcBindHelper: No carrier app for: 0
03-06 01:40:54.446   579   624 W ActivityManager: Unable to start service Intent { act=com.google.android.gms.drive.ApiService.RESET_AFTER_BOOT flg=0x4 cmp=com.google.android.gms/.drive.api.ApiService (has extras) } U=0: not found
03-06 01:40:54.974  1109  3023 D DownloadManager: [159] Finished with status SUCCESS
03-06 01:40:55.515  1069  2231 I chatty  : uid=10066 com.google.android.gms.persistent expire 3 lines
03-06 01:40:55.540  1414  3031 I chatty  : uid=10066(com.google.android.gms) expire 1 line
03-06 01:40:55.565  1069  3044 I chatty  : uid=10066 com.google.android.gms.persistent expire 1 line
03-06 01:40:55.599   268  1276 V EmulatedCamera_Camera: getCameraInfo
03-06 01:40:55.599   268  1276 V EmulatedCamera_BaseCamera: getCameraInfo
03-06 01:40:55.600  1414  3032 I chatty  : uid=10066(com.google.android.gms) expire 4 lines
03-06 01:40:58.020   579  2107 I ActivityManager: Killing 1571:com.google.android.syncadapters.calendar/u0a73 (adj 906): empty #17
03-06 01:41:02.485   579   590 I ActivityManager: Killing 1557:com.google.android.gm/u0a12 (adj 906): empty #17
03-06 01:41:04.815   579   916 I ActivityManager: Killing 944:com.android.providers.calendar/u0a2 (adj 906): empty #17
03-06 01:41:14.097  1069  1517 I chatty  : uid=10066 com.google.android.gms.persistent expire 7 lines
03-06 01:41:14.123  1414  3054 I chatty  : uid=10066(com.google.android.gms) expire 6 lines
03-06 01:41:14.349   273   273 E Drm     : Failed to find drm plugin
03-06 01:41:14.770  1069  1472 I chatty  : uid=10066 com.google.android.gms.persistent expire 12 lines
03-06 01:41:15.587   579   646 I chatty  : uid=1000(system) WifiScanningSer expire 12 lines
03-06 01:41:15.587   579   642 I chatty  : uid=1000(system) WifiStateMachin expire 12 lines
03-06 01:41:16.214  2687  2687 I chatty  : uid=10063(com.android.vending) expire 5 lines
03-06 01:41:16.220  1109  1124 V DownloadManager: Deleting /data/data/com.android.providers.downloads/cache/downloadfile.bin via provider delete
03-06 01:41:18.037   579   606 W PackageManager: Package com.google.android.gms desires unavailable shared library com.google.android.ble; ignoring!
03-06 01:41:18.037   579   606 W PackageManager: Package com.google.android.gms desires unavailable shared library com.google.android.wearable; ignoring!
03-06 01:41:18.090  3069  3069 W dex2oat : Unexpected CPU variant for X86 using defaults: x86
03-06 01:41:18.090  3069  3069 I dex2oat : /system/bin/dex2oat --compiler-filter=interpret-only
03-06 01:41:18.090  3069  3069 E cutils-trace: Error opening trace file: Permission denied (13)
03-06 01:41:19.849  3069  3069 I dex2oat : Large app, accepted running with swap.
03-06 01:41:21.454  3069  3073 W dex2oat : Before Android 4.1, method double java.util.concurrent.ThreadLocalRandom.internalNextDouble(double, double) would have incorrectly overridden the package-private method in java.util.Random
03-06 01:41:21.454  3069  3073 W dex2oat : Before Android 4.1, method int java.util.concurrent.ThreadLocalRandom.internalNextInt(int, int) would have incorrectly overridden the package-private method in java.util.Random
03-06 01:41:21.454  3069  3073 W dex2oat : Before Android 4.1, method long java.util.concurrent.ThreadLocalRandom.internalNextLong(long, long) would have incorrectly overridden the package-private method in java.util.Random
03-06 01:41:22.694  3069  3071 W dex2oat : Verification of void qfx.c() took 158.880ms
03-06 01:41:26.177  3069  3069 I dex2oat : dex2oat took 8.086s (threads: 4) arena alloc=620KB (635008B) java alloc=70MB (74241136B) native alloc=45MB (47518400B) free=4MB (4648256B) swap=16MB (16777216B)
03-06 01:41:26.188   579   595 I ActivityManager: Force stopping com.google.android.gms appid=10066 user=-1: installPackageLI
03-06 01:41:26.188   579   595 I ActivityManager: Killing 1069:com.google.android.gms.persistent/u0a66 (adj 100): stop com.google.android.gms
03-06 01:41:26.189   579   595 W ActivityManager: Scheduling restart of crashed service com.google.android.gms/.thunderbird.EmergencyPersistentService in 1000ms
03-06 01:41:26.189   579   595 W ActivityManager: Scheduling restart of crashed service com.google.android.gms/.gcm.GcmService in 11000ms
03-06 01:41:26.189   579   595 W ActivityManager: Scheduling restart of crashed service com.google.android.gms/com.google.android.location.fused.FusedLocationService in 21000ms
03-06 01:41:26.189   579   595 W ActivityManager: Scheduling restart of crashed service com.google.android.gms/.backup.BackupTransportService in 31000ms
03-06 01:41:26.189   579   595 W ActivityManager: Scheduling restart of crashed service com.google.android.gms/.common.stats.GmsCoreStatsService in 41000ms
03-06 01:41:26.189   579   595 W ActivityManager: Scheduling restart of crashed service com.google.android.gms/.chimera.PersistentApiService in 51000ms
03-06 01:41:26.189   579   595 W ActivityManager: Scheduling restart of crashed service com.google.android.gms/com.google.android.location.geofencer.service.GeofenceProviderService in 61000ms
03-06 01:41:26.189   579   595 W ActivityManager: Scheduling restart of crashed service com.google.android.gms/.auth.setup.devicesignals.LockScreenService in 71000ms
03-06 01:41:26.189   579   595 W ActivityManager: Scheduling restart of crashed service com.google.android.gms/com.google.android.contextmanager.service.ContextManagerService in 81000ms
03-06 01:41:26.189   579   595 W ActivityManager: Scheduling restart of crashed service com.google.android.gms/com.google.android.location.internal.GoogleLocationManagerService in 91000ms
03-06 01:41:26.189   579   595 W ActivityManager: Scheduling restart of crashed service com.google.android.gms/.chimera.PersistentBoundBrokerService in 101000ms
03-06 01:41:26.189   579   595 W ActivityManager: Scheduling restart of crashed service com.google.android.gms/com.google.android.location.geocode.GeocodeService in 111000ms
03-06 01:41:26.189   579   595 W ActivityManager: Scheduling restart of crashed service com.google.android.gms/com.google.android.location.internal.server.HardwareArProviderService in 121000ms
03-06 01:41:26.189   579   595 W ActivityManager: Scheduling restart of crashed service com.google.android.gms/.clearcut.debug.ClearcutDebugDumpService in 131000ms
03-06 01:41:26.189   579   595 W ActivityManager: Scheduling restart of crashed service com.google.android.gms/.auth.proximity.firstparty.SystemMemoryCacheService in 141000ms
03-06 01:41:26.189   579   595 W ActivityManager: Scheduling restart of crashed service com.google.android.gms/.instantapps.service.InstantAppsService in 141000ms
03-06 01:41:26.189   579   595 W ActivityManager: Scheduling restart of crashed service com.google.android.gms/.chimera.PersistentDirectBootAwareApiService in 151000ms
03-06 01:41:26.189   579   595 W ActivityManager: Scheduling restart of crashed service com.google.android.gms/.usagereporting.service.UsageReportingService in 161000ms
03-06 01:41:26.189   579   595 W ActivityManager: Scheduling restart of crashed service com.google.android.gms/com.google.android.location.reporting.service.ReportingAndroidService in 171000ms
03-06 01:41:26.189   579   595 W ActivityManager: Scheduling restart of crashed service com.google.android.gms/.deviceconnection.service.DeviceConnectionWatcherService in 181000ms
03-06 01:41:26.189   579   595 W ActivityManager: Scheduling restart of crashed service com.google.android.gms/com.google.android.location.internal.server.GoogleLocationService in 191000ms
03-06 01:41:26.189   579   595 W ActivityManager: Scheduling restart of crashed service com.google.android.gms/.lockbox.service.LockboxBrokerService in 201000ms
03-06 01:41:26.189   579   595 W ActivityManager: Scheduling restart of crashed service com.google.android.gms/com.google.android.location.network.NetworkLocationService in 211000ms
03-06 01:41:26.190   579   595 I ActivityManager: Killing 2687:com.android.vending/u0a63 (adj 900): stop com.google.android.gms
03-06 01:41:26.190  1414  1414 I ActivityThread: Removing dead content provider:android.content.ContentProviderProxy@ec04fa4
03-06 01:41:26.190   579   595 I ActivityManager: Killing 1928:com.google.android.gms.unstable/u0a66 (adj 900): stop com.google.android.gms
03-06 01:41:26.191   579   595 I ActivityManager: Killing 2125:com.google.android.gms.ui/u0a66 (adj 900): stop com.google.android.gms
03-06 01:41:26.191   579   595 I ActivityManager: Killing 1414:com.google.android.gms/u0a66 (adj 500): stop com.google.android.gms
03-06 01:41:26.191   579   595 W ActivityManager: Scheduling restart of crashed service com.google.android.gms/.chimera.GmsIntentOperationService in 150998ms
03-06 01:41:26.192   579   595 I ActivityManager:   Force stopping service ServiceRecord{df72e05 u0 com.google.android.gms/.backup.BackupTransportService}
03-06 01:41:26.192   579   595 I ActivityManager:   Force stopping service ServiceRecord{5bbff51 u0 com.google.android.gms/com.google.android.location.internal.server.HardwareArProviderService}
03-06 01:41:26.192   579   595 I ActivityManager:   Force stopping service ServiceRecord{d93ef76 u0 com.google.android.gms/.common.stats.GmsCoreStatsService}
03-06 01:41:26.192   579   595 I ActivityManager:   Force stopping service ServiceRecord{6e3309b u0 com.google.android.gms/com.google.android.location.internal.GoogleLocationManagerService}
03-06 01:41:26.192   579   595 I ActivityManager:   Force stopping service ServiceRecord{9459f4 u0 com.google.android.gms/com.google.android.location.network.NetworkLocationService}
03-06 01:41:26.192   579   595 I ActivityManager:   Force stopping service ServiceRecord{a49f114 u0 com.google.android.gms/com.google.android.contextmanager.service.ContextManagerService}
03-06 01:41:26.192   579   595 I ActivityManager:   Force stopping service ServiceRecord{10b1ef1 u0 com.google.android.gms/com.google.android.location.internal.server.GoogleLocationService}
03-06 01:41:26.192   579   595 I ActivityManager:   Force stopping service ServiceRecord{fcd8911 u0 com.google.android.gms/.thunderbird.EmergencyPersistentService}
03-06 01:41:26.192   579   595 I ActivityManager:   Force stopping service ServiceRecord{bf632ea u0 com.google.android.gms/com.google.android.location.geofencer.service.GeofenceProviderService}
03-06 01:41:26.192   579   595 I ActivityManager:   Force stopping service ServiceRecord{e1af163 u0 com.google.android.gms/com.google.android.location.fused.FusedLocationService}
03-06 01:41:26.192   579   595 I ActivityManager:   Force stopping service ServiceRecord{57b52aa u0 com.google.android.gms/.clearcut.debug.ClearcutDebugDumpService}
03-06 01:41:26.192   579   595 I ActivityManager:   Force stopping service ServiceRecord{eb3d9f3 u0 com.google.android.gms/.gcm.GcmService}
03-06 01:41:26.192   579   595 I ActivityManager:   Force stopping service ServiceRecord{baec099 u0 com.google.android.gms/.auth.setup.devicesignals.LockScreenService}
03-06 01:41:26.192   579   595 I ActivityManager:   Force stopping service ServiceRecord{64140bf u0 com.google.android.gms/com.google.android.location.geocode.GeocodeService}
03-06 01:41:26.192   579   595 I ActivityManager:   Force stopping service ServiceRecord{55ec7de u0 com.google.android.gms/.instantapps.service.InstantAppsService}
03-06 01:41:26.192   579   595 I ActivityManager:   Force stopping service ServiceRecord{1413ab2 u0 com.google.android.gms/.deviceconnection.service.DeviceConnectionWatcherService}
03-06 01:41:26.193   579   579 V BackupManagerService: Disconnected from transport ComponentInfo{com.google.android.gms/com.google.android.gms.backup.BackupTransportService}
03-06 01:41:26.193   579   579 V BackupManagerService: Registering transport com.google.android.gms/.backup.BackupTransportService::null = null
03-06 01:41:26.238   579  1998 D ConnectivityService: ConnectivityService NetworkRequestInfo binderDied(NetworkRequest [ id=6, legacyType=-1, [ Capabilities: INTERNET&NOT_RESTRICTED&TRUSTED&NOT_VPN] ], android.os.BinderProxy@c81f339)
03-06 01:41:26.239   579   648 E ConnectivityService: RemoteException caught trying to send a callback msg for NetworkRequest [ id=6, legacyType=-1, [ Capabilities: INTERNET&NOT_RESTRICTED&TRUSTED&NOT_VPN] ]
03-06 01:41:26.358   579   606 W PackageManager: Trying to update system app code path from /data/app/com.google.android.gms-1 to /data/app/com.google.android.gms-2
03-06 01:41:26.358   579   606 W PackageManager: Package com.google.android.gms desires unavailable shared library com.google.android.ble; ignoring!
03-06 01:41:26.358   579   606 W PackageManager: Package com.google.android.gms desires unavailable shared library com.google.android.wearable; ignoring!
03-06 01:41:26.358   579   606 W PackageManager: Code path for com.google.android.gms changing from /data/app/com.google.android.gms-1 to /data/app/com.google.android.gms-2
03-06 01:41:26.358   579   606 W PackageManager: Resource path for com.google.android.gms changing from /data/app/com.google.android.gms-1 to /data/app/com.google.android.gms-2
03-06 01:41:26.362   579   606 W PackageManager: Permission group com.google.android.gms.permission.CAR_INFORMATION from package com.google.android.gms ignored: original from com.google.android.gms
03-06 01:41:26.362   579   606 W PackageManager: Permission com.google.android.gms.permission.ACTIVITY_RECOGNITION from package com.google.android.gms in an unknown group android.permission-group.PERSONAL_INFO
03-06 01:41:26.377   579   606 W PackageManager: Unknown permission android.permission.FOREGROUND_SERVICE in package com.google.android.gms
03-06 01:41:26.377   579   606 W PackageManager: Unknown permission android.permission.REMOTE_DISPLAY_PROVIDER in package com.google.android.gms
03-06 01:41:26.377   579   606 W PackageManager: Unknown permission android.permission.RECOVER_KEYSTORE in package com.google.android.gms
03-06 01:41:26.377   579   606 W PackageManager: Unknown permission android.permission.PRE_FACTORY_RESET in package com.google.android.gms
03-06 01:41:26.377   579   606 W PackageManager: Unknown permission com.google.android.apps.enterprise.dmagent.permission.AutoSyncPermission in package com.google.android.gms
03-06 01:41:26.377   579   606 W PackageManager: Unknown permission android.permission.CONNECTIVITY_USE_RESTRICTED_NETWORKS in package com.google.android.gms
03-06 01:41:26.377   579   606 W PackageManager: Unknown permission android.permission.ALLOCATE_AGGRESSIVE in package com.google.android.gms
03-06 01:41:26.377   579   606 W PackageManager: Unknown permission android.car.permission.CAR_POWER in package com.google.android.gms
