03-06 01:39:19.970   579   579 D ZenLog  : subscribe: condition://android/event?userId=-10000&calendar=&reply=1,ok
03-06 01:39:19.970   579   579 D ConditionProviders: Subscribing to condition://android/schedule?days=1.2.3.4.5&start=22.0&end=7.0&exitAtAlarm=false with ComponentInfo{android/com.android.server.notification.ScheduleConditionProvider}
03-06 01:39:19.971   579   579 D ZenLog  : subscribe: condition://android/schedule?days=1.2.3.4.5&start=22.0&end=7.0&exitAtAlarm=false,ok
03-06 01:39:20.014   579   579 D ZenLog  : set_zen_mode: off,cleanUpZenRules
03-06 01:39:20.176   579   598 E BatteryStatsService: no controller energy info supplied
03-06 01:39:20.178   579   598 E BatteryStatsService: no controller energy info supplied
03-06 01:39:21.186   579   579 I Telecom : SystemStateProvider: Registering car mode receiver: android.content.IntentFilter@2918e71: TS.init@AAA
03-06 01:39:21.227   579   870 I Telecom : Telecom: Non-call EVENT: AUDIO_ROUTE, Entering state QuiescentEarpieceRoute
03-06 01:39:21.236   579   873 I Telecom : CallAudioModeStateMachine: Message received: null.: TS.init->CAMSM.pM_1@AAA_0
03-06 01:39:21.245   579   874 E ActivityThread: Failed to find provider info for call_log
03-06 01:39:21.290   579   579 I Telecom : Class: TelecomSystem.INSTANCE being set
03-06 01:39:21.339   672   672 V FingerprintManager: FingerprintManagerService was null
03-06 01:39:21.386   579   579 V WiredAccessoryManager: init()
03-06 01:39:21.516   579   595 I SystemServiceManager: Starting phase 1000
03-06 01:39:21.534   579   595 I ActivityManager: Start proc 899:com.google.android.ext.services/u0a70 for on-hold
03-06 01:39:21.547   579   595 D ActivityManager: Finishing user boot 0
03-06 01:39:21.560   579   595 D CryptdConnector: SND -> {3 cryptfs prepare_user_storage ! 0 0 2}
03-06 01:39:21.561   124   131 D vold    : e4crypt_prepare_user_storage for volume null, user 0, serial 0, flags 2
03-06 01:39:21.561   124   131 D vold    : Preparing: /data/system_ce/0
03-06 01:39:21.561   124   131 D vold    : Preparing: /data/misc_ce/0
03-06 01:39:21.561   124   131 D vold    : Preparing: /data/media/0
03-06 01:39:21.561   124   131 D vold    : Preparing: /data/data
03-06 01:39:21.561   579   633 D CryptdConnector: RCV <- {200 3 Command succeeded}
03-06 01:39:21.561   579   595 V UserManagerService: Found /data/user/0 with serial number 0
03-06 01:39:21.561   579   595 V UserManagerService: Found /data/system_ce/0 with serial number 0
03-06 01:39:21.561   579   595 V PackageManager: reconcileAppsData for null u0 0x2
03-06 01:39:21.748   579   595 V PackageManager: reconcileAppsData finished 100 packages; restoreconNeeded was false
03-06 01:39:21.755   579   595 W KeyguardServiceDelegate: onScreenTurningOn(): no keyguard service!
03-06 01:39:21.791   579   595 D MountService: onUnlockUser 0
03-06 01:39:21.791   579   595 D VoldConnector: SND -> {7 volume user_started 0}
03-06 01:39:21.792   124   130 D vold    : Linking /storage/emulated/0 to /mnt/user/0/primary
03-06 01:39:21.792   579   632 D VoldConnector: RCV <- {200 7 Command succeeded}
03-06 01:39:21.793   579   631 D MountService: Volume emulated broadcasting mounted to UserHandle{0}
03-06 01:39:21.822   579   579 I ActivityManager: Start proc 929:com.android.deskclock/u0a38 for broadcast com.android.deskclock/.AlarmInitReceiver
03-06 01:39:21.823   579   579 D ConditionProviders.SCP: onSubscribe condition://android/schedule?days=6.7&start=23.30&end=10.0&exitAtAlarm=false
03-06 01:39:21.823   579   579 D ConditionProviders.SCP: setRegistered true
03-06 01:39:21.824   579   579 D ConditionProviders.SCP: notifyCondition condition://android/schedule?days=6.7&start=23.30&end=10.0&exitAtAlarm=false STATE_FALSE reason=!meetsSchedule
03-06 01:39:21.824   579   594 I SyncManager: Got SyncJobService instance.
03-06 01:39:21.825   579   579 D ConditionProviders.SCP: Scheduling evaluate for Wed Mar 06 10:00:00 EST 2019 (1551884400000), in +8h20m38s177ms, now=Wed Mar 06 01:39:21 EST 2019 (1551854361823)
03-06 01:39:21.836   579   579 D ConditionProviders.SCP: onSubscribe condition://android/schedule?days=1.2.3.4.5&start=22.0&end=7.0&exitAtAlarm=false
03-06 01:39:21.837   579   579 D ConditionProviders.SCP: notifyCondition condition://android/schedule?days=6.7&start=23.30&end=10.0&exitAtAlarm=false STATE_FALSE reason=!meetsSchedule
03-06 01:39:21.837   579   579 D ConditionProviders.SCP: notifyCondition condition://android/schedule?days=1.2.3.4.5&start=22.0&end=7.0&exitAtAlarm=false STATE_TRUE reason=meetsSchedule
03-06 01:39:21.837   579   579 D ConditionProviders.SCP: Scheduling evaluate for Wed Mar 06 07:00:00 EST 2019 (1551873600000), in +5h20m38s163ms, now=Wed Mar 06 01:39:21 EST 2019 (1551854361837)
03-06 01:39:21.845   579   653 I ActivityManager: Start proc 944:com.android.providers.calendar/u0a2 for content provider com.android.providers.calendar/.CalendarProvider2
03-06 01:39:21.956   579   579 I Telecom : WiredHeadsetManager: ACTION_HEADSET_PLUG event, plugged in: false, : WHC.oADA@AAE
03-06 01:39:22.009   579   590 I ActivityManager: Start proc 970:android.process.acore/u0a1 for content provider com.android.providers.userdictionary/.UserDictionaryProvider
03-06 01:39:22.222   579   579 I ActivityManager: user 0 is still locked. Cannot load recents
03-06 01:39:22.264   579   579 I Telecom : PhoneAccountRegistrar: SimCallManager queried, returning: null: TSI.gSCM@AAM
03-06 01:39:22.725   579   591 I ActivityManager: Start proc 1009:com.android.smspush/u0a58 for service com.android.smspush/.WapPushManager
03-06 01:39:22.798   579   596 W WindowManager: Keyguard drawn timeout. Setting mKeyguardDrawComplete
03-06 01:39:22.977   579   595 V BackupManagerService: No ancestral data
03-06 01:39:23.172   579   648 D ConnectivityService: Got NetworkFactory Messenger for WIFI
03-06 01:39:23.173   579   648 D ConnectivityService: Got NetworkFactory Messenger for WIFI_UT
03-06 01:39:23.173   579   648 D ConnectivityService: Ignoring this network
03-06 01:39:23.268   579   602 I WindowManager: Destroying surface Surface(name=Android is starting) called by com.android.server.wm.WindowStateAnimator.destroySurface:2014 com.android.server.wm.WindowStateAnimator.destroySurfaceLocked:881 com.android.server.wm.WindowState.destroyOrSaveSurface:2073 com.android.server.wm.WindowSurfacePlacer.performSurfacePlacementInner:429 com.android.server.wm.WindowSurfacePlacer.performSurfacePlacementLoop:232 com.android.server.wm.WindowSurfacePlacer.performSurfacePlacement:180 com.android.server.wm.WindowManagerService$H.handleMessage:8079 android.os.Handler.dispatchMessage:102 
03-06 01:39:23.611   579   595 V KeyValueBackupJob: Scheduling k/v pass in 241 minutes
03-06 01:39:23.631   579   642 D ConnectivityService: registerNetworkAgent NetworkAgentInfo{ ni{[type: WIFI[], state: CONNECTING/CONNECTING, reason: (unspecified), extra: "WiredSSID", failover: false, available: true, roaming: false, metered: false]}  network{100}  nethandle{429513165534}  lp{{LinkAddresses: []  Routes: [] DnsAddresses: [] Domains: null MTU: 0}}  nc{[ Transports: WIFI Capabilities: NOT_METERED&INTERNET&NOT_RESTRICTED&TRUSTED&NOT_VPN LinkUpBandwidth>=1048576Kbps LinkDnBandwidth>=1048576Kbps]}  Score{20}  everValidated{false}  lastValidated{false}  created{false} lingering{false} explicitlySelected{false} acceptUnvalidated{false} everCaptivePortalDetected{false} lastCaptivePortalDetected{false} }
03-06 01:39:23.631   579   648 D ConnectivityService: NetworkAgentInfo [WIFI () - 100] EVENT_NETWORK_INFO_CHANGED, going from null to CONNECTING
03-06 01:39:23.663   579   648 D ConnectivityService: NetworkAgentInfo [WIFI () - 100] EVENT_NETWORK_INFO_CHANGED, going from CONNECTING to CONNECTED
03-06 01:39:23.663   579   648 D ConnectivityService: Adding iface eth1 to network 100
03-06 01:39:23.831   579   648 D ConnectivityService: Setting DNS servers for network 100 to [/11.11.11.11, /10.250.186.103]
03-06 01:39:23.834   579   648 D ConnectivityService: Switching to new default network: NetworkAgentInfo{ ni{[type: WIFI[], state: CONNECTED/CONNECTED, reason: (unspecified), extra: "WiredSSID", failover: false, available: true, roaming: false, metered: false]}  network{100}  nethandle{429513165534}  lp{{InterfaceName: eth1 LinkAddresses: [fe80::a00:27ff:fe06:2c74/64,10.0.3.15/24,]  Routes: [fe80::/64 -> :: eth1,10.0.3.0/24 -> 0.0.0.0 eth1,0.0.0.0/0 -> 10.0.3.2 eth1,] DnsAddresses: [11.11.11.11,10.250.186.103,] Domains: null MTU: 0 TcpBufferSizes: 524288,1048576,2097152,262144,524288,1048576}}  nc{[ Transports: WIFI Capabilities: NOT_METERED&INTERNET&NOT_RESTRICTED&TRUSTED&NOT_VPN LinkUpBandwidth>=1048576Kbps LinkDnBandwidth>=1048576Kbps SignalStrength: -65]}  Score{16}  everValidated{false}  lastValidated{false}  created{true} lingering{false} explicitlySelected{false} acceptUnvalidated{false} everCaptivePortalDetected{false} lastCaptivePortalDetected{false} }
03-06 01:39:23.854   579   648 D ConnectivityService: Sending CONNECTED broadcast for type 1 NetworkAgentInfo [WIFI () - 100] isDefaultNetwork=true
03-06 01:39:25.233   579   648 D ConnectivityService: Got NetworkFactory Messenger for PhoneSwitcherNetworkRequstListener
03-06 01:39:25.233   579   648 D ConnectivityService: Ignoring this network
03-06 01:39:25.242   579   648 D ConnectivityService: Got NetworkFactory Messenger for TelephonyNetworkFactory[0]
03-06 01:39:25.242   579   648 D ConnectivityService: Ignoring this network
03-06 01:39:25.261   579   595 V BackupManagerService: Starting with transport com.google.android.gms/.backup.BackupTransportService
03-06 01:39:25.261   579   595 V BackupManagerService: Found transports: 2
03-06 01:39:25.278   579   595 I ActivityManager: Start proc 1069:com.google.android.gms.persistent/u0a66 for service com.google.android.gms/.backup.BackupTransportService
03-06 01:39:25.278   579   595 I BackupManagerService: Found stale backup journal, scheduling
03-06 01:39:25.362   579   579 V BackupManagerService: Connected to transport ComponentInfo{android/com.android.internal.backup.LocalTransportService}
03-06 01:39:25.362   579   579 V BackupManagerService: Registering transport android/com.android.internal.backup.LocalTransportService::android/com.android.internal.backup.LocalTransport = android.app.backup.BackupTransport$TransportImpl@6bdf0f1
03-06 01:39:25.375   579   595 I BackupManagerService: Backup enabled => false
03-06 01:39:25.820   579   636 W NetworkStats: problem registering for global alert: java.lang.IllegalStateException: command '42 bandwidth setglobalalert 2097152' failed with '400 42 Bandwidth command failed'
--------- beginning of main
03-06 01:39:25.821  1109  1109 W art     : Unexpected CPU variant for X86 using defaults: x86
03-06 01:39:25.822   579   728 I ActivityManager: Start proc 1109:android.process.media/u0a10 for broadcast com.android.providers.downloads/.DownloadReceiver
03-06 01:39:25.827   672   672 D         : HostConnection::get() New Host Connection established 0xd3512180, tid 672
03-06 01:39:25.842   579   728 I Telecom : PhoneAccountRegistrar: New phone account registered: [[ ] PhoneAccount: ComponentInfo{com.android.phone/com.android.services.telephony.TelephonyConnectionService}, [e0184adedf913b076626646d3f52c3b49c39ad6d], UserHandle{0} Capabilities: CallProvider MultiUser PlaceEmerg SimSub  Schemes: tel voicemail  Extras: null]: TSI.rPA@AAU
03-06 01:39:25.844   579   728 I Telecom : : Sending phone-account registered intent as user: TSI.rPA@AAU
03-06 01:39:25.848   784   784 I Telephony: AccountEntry: Registered phoneAccount: [[ ] PhoneAccount: ComponentInfo{com.android.phone/com.android.services.telephony.TelephonyConnectionService}, [e0184adedf913b076626646d3f52c3b49c39ad6d], UserHandle{0} Capabilities: CallProvider MultiUser PlaceEmerg SimSub  Schemes: tel voicemail  Extras: null] with handle: ComponentInfo{com.android.phone/com.android.services.telephony.TelephonyConnectionService}, [e0184adedf913b076626646d3f52c3b49c39ad6d], UserHandle{0}
03-06 01:39:25.853   672   672 D StorageNotification: Notifying about private volume: VolumeInfo{private}:
03-06 01:39:25.853   672   672 D StorageNotification:     type=PRIVATE diskId=null partGuid=null mountFlags=0 mountUserId=-1 
03-06 01:39:25.853   672   672 D StorageNotification:     state=MOUNTED 
03-06 01:39:25.853   672   672 D StorageNotification:     fsType=null fsUuid=null fsLabel=null 
03-06 01:39:25.853   672   672 D StorageNotification:     path=/data internalPath=null 
03-06 01:39:25.880  1109  1109 W System  : ClassLoader referenced unknown path: /system/priv-app/DownloadProvider/lib/x86
03-06 01:39:26.055  1109  1109 W System  : ClassLoader referenced unknown path: /system/priv-app/MediaProvider/lib/x86
03-06 01:39:26.137   579   595 W VoiceInteractionManagerService: no available voice interaction services found for user 0
03-06 01:39:26.137   579   595 W VoiceInteractionManagerService: no available voice recognition services found for user 0
03-06 01:39:26.138   579   595 I ActivityManager: Loading recents for user 0 into memory.
03-06 01:39:26.185  1130  1130 W art     : Unexpected CPU variant for X86 using defaults: x86
03-06 01:39:26.186   579   594 I ActivityManager: Start proc 1130:com.android.printspooler/u0a56 for service com.android.printspooler/.model.PrintSpoolerService
03-06 01:39:26.201  1143  1143 W art     : Unexpected CPU variant for X86 using defaults: x86
03-06 01:39:26.202   579   595 I ActivityManager: Start proc 1143:com.genymotion.systempatcher/1000 for added application com.genymotion.systempatcher
03-06 01:39:26.216  1158  1158 W art     : Unexpected CPU variant for X86 using defaults: x86
03-06 01:39:26.217   579   595 I ActivityManager: Start proc 1158:com.genymotion.genyd/1000 for added application com.genymotion.genyd
03-06 01:39:26.220   579   595 D ActivityManager: Sending BOOT_COMPLETE user #0
03-06 01:39:26.242   672  1062 I vol.Events: writeEvent internal_ringer_mode_changed normal
03-06 01:39:26.243   802   802 D FallbackHome: User unlocked and real home found; let's go!
03-06 01:39:26.246   579   591 I ActivityManager: START u0 {act=android.intent.action.MAIN cat=[android.intent.category.HOME] flg=0x10000100 cmp=com.android.launcher3/.Launcher} from uid 0 on display 0
03-06 01:39:26.257  1182  1182 W art     : Unexpected CPU variant for X86 using defaults: x86
03-06 01:39:26.259   579   591 I ActivityManager: Start proc 1182:com.android.launcher3/u0a14 for activity com.android.launcher3/.Launcher
03-06 01:39:26.273  1196  1196 W art     : Unexpected CPU variant for X86 using defaults: x86
03-06 01:39:26.276   579   657 I ActivityManager: Start proc 1196:com.android.keychain/1000 for service com.android.keychain/.KeyChainService
03-06 01:39:26.362  1158  1158 W System  : ClassLoader referenced unknown path: /system/app/GenydService/lib/x86
03-06 01:39:26.414   784   784 I Telephony: PstnIncomingCallNotifier: Registering: Handler (com.android.internal.telephony.GsmCdmaPhone) {a2ce9e}
03-06 01:39:26.470   672   672 I Choreographer: Skipped 37 frames!  The application may be doing too much work on its main thread.
03-06 01:39:26.513   784   784 I Telephony: TelecomAccountRegistry: Unregistering phone account ComponentInfo{com.android.phone/com.android.services.telephony.TelephonyConnectionService}, [e2f7d48dd2b5ca523e7313cf4ba0f6ea830b6281], UserHandle{0}.
03-06 01:39:26.514   579   881 I Telecom : : Sending phone-account unregistered intent as user: TSI.uPA@AAc
03-06 01:39:26.528   784   784 D MccTable: updateMccMncConfiguration mccmnc='310260' fromServiceState=true
03-06 01:39:26.529   784   784 D MccTable: updateMccMncConfiguration defaultMccMnc=
03-06 01:39:26.529   784   784 D MccTable: updateMccMncConfiguration: mcc=310, mnc=260
03-06 01:39:26.529   784   784 D MccTable: WIFI_COUNTRY_CODE set to us
03-06 01:39:26.529   579   916 I WifiService: WifiService trying to set country code to us with persist set to true
03-06 01:39:26.540   579   728 I StatusBarManagerService: registerStatusBar bar=com.android.internal.statusbar.IStatusBar$Stub$Proxy@39f5faf
03-06 01:39:26.607  1143  1143 W System  : ClassLoader referenced unknown path: /system/app/SystemPatcher/lib/x86
03-06 01:39:26.628  1182  1182 W System  : ClassLoader referenced unknown path: /system/priv-app/Launcher3/lib/x86
03-06 01:39:26.632   579   648 D ConnectivityService: NetworkAgentInfo [WIFI () - 100] validation passed
03-06 01:39:26.663  1196  1196 W System  : ClassLoader referenced unknown path: /system/app/KeyChain/lib/x86
03-06 01:39:26.679  1158  1158 D GenydService: GenydService startup
03-06 01:39:26.680  1158  1158 D GenydServiceApp: Registered [com.genymotion.genyd.GenydService] as [Genyd]
03-06 01:39:26.818   579   780 I chatty  : uid=1000(system) NetworkTimeUpda expire 2 lines
03-06 01:39:28.482   526   540 W SurfaceFlinger: Timed out waiting for hw vsync; faking it
03-06 01:39:28.482   526   538 W SurfaceFlinger: Timed out waiting for hw vsync; faking it
03-06 01:39:28.484   579   579 D ConditionProviders.SCP: onReceive android.intent.action.TIME_SET
03-06 01:39:28.486   579   579 D ConditionProviders.SCP: notifyCondition condition://android/schedule?days=6.7&start=23.30&end=10.0&exitAtAlarm=false STATE_FALSE reason=!meetsSchedule
03-06 01:39:28.486   579   579 D ConditionProviders.SCP: notifyCondition condition://android/schedule?days=1.2.3.4.5&start=22.0&end=7.0&exitAtAlarm=false STATE_TRUE reason=meetsSchedule
03-06 01:39:28.486   579   579 D ConditionProviders.SCP: Scheduling evaluate for Wed Mar 06 07:00:00 EST 2019 (1551873600000), in +5h20m31s516ms, now=Wed Mar 06 01:39:28 EST 2019 (1551854368484)
03-06 01:39:28.521   944   944 I CalendarProvider2: Sending notification intent: Intent { act=android.intent.action.PROVIDER_CHANGED dat=content://com.android.calendar flg=0x20000000 }
03-06 01:39:28.521   944   944 W ContentResolver: Failed to get type for: content://com.android.calendar (Unknown URL content://com.android.calendar)
03-06 01:39:28.544   784   784 D CarrierSvcBindHelper: Received android.intent.action.USER_UNLOCKED
03-06 01:39:28.545   784   784 D CarrierSvcBindHelper: No carrier app for: 0
03-06 01:39:28.547   784   784 I Telephony: PstnIncomingCallNotifier: Unregistering: Handler (com.android.internal.telephony.GsmCdmaPhone) {a2ce9e}
03-06 01:39:28.548   784   784 E PhoneInterfaceManager: [PhoneIntfMgr] getIccId: No UICC
03-06 01:39:28.552   579   728 I Telecom : PhoneAccountRegistrar: [ComponentInfo{com.android.phone/com.android.services.telephony.TelephonyConnectionService}, [e0184adedf913b076626646d3f52c3b49c39ad6d], UserHandle{0}(icon: Icon(typ=BITMAP size=38x48) -> Icon(typ=BITMAP size=38x48))]: TSI.rPA@AAo
03-06 01:39:28.554   579   728 I Telecom : : Sending phone-account registered intent as user: TSI.rPA@AAo
03-06 01:39:28.555   784   784 I Telephony: AccountEntry: Registered phoneAccount: [[ ] PhoneAccount: ComponentInfo{com.android.phone/com.android.services.telephony.TelephonyConnectionService}, [e0184adedf913b076626646d3f52c3b49c39ad6d], UserHandle{0} Capabilities: CallProvider MultiUser PlaceEmerg SimSub  Schemes: tel voicemail  Extras: null] with handle: ComponentInfo{com.android.phone/com.android.services.telephony.TelephonyConnectionService}, [e0184adedf913b076626646d3f52c3b49c39ad6d], UserHandle{0}
03-06 01:39:28.555   784   784 I Telephony: PstnIncomingCallNotifier: Registering: Handler (com.android.internal.telephony.GsmCdmaPhone) {a2ce9e}
03-06 01:39:28.629   784   784 D MccTable: updateMccMncConfiguration mccmnc='310270' fromServiceState=false
03-06 01:39:28.630   784   784 D MccTable: updateMccMncConfiguration defaultMccMnc=
03-06 01:39:28.630   784   784 D MccTable: updateMccMncConfiguration: mcc=310, mnc=270
03-06 01:39:28.630   784   784 D MccTable: updateMccMncConfiguration updateConfig config={1.0 310mcc270mnc ?localeList ?layoutDir ?swdp ?wdp ?hdp ?density ?lsize ?long ?orien ?uimode ?night ?touch ?keyb/?/? ?nav/?}
03-06 01:39:28.631   579   920 I ActivityManager: Config changes=3 {1.0 310mcc270mnc [en_US] ldltr sw384dp w384dp h568dp 320dpi nrml port finger qwerty/v/v dpad/v s.6}
03-06 01:39:28.651   526   535 D PermissionCache: checking android.permission.READ_FRAME_BUFFER for uid=1000 => granted (396 us)
03-06 01:39:28.688   526   526 E EGL_emulation: tid 526: eglCreateSyncKHR(1285): error 0x3004 (EGL_BAD_ATTRIBUTE)
03-06 01:39:28.771   784   784 I Telephony: PstnIncomingCallNotifier: Unregistering: Handler (com.android.internal.telephony.GsmCdmaPhone) {a2ce9e}
03-06 01:39:28.771   784   784 E PhoneInterfaceManager: [PhoneIntfMgr] getIccId: No UICC
03-06 01:39:28.772   579   916 I Telecom : PhoneAccountRegistrar: [ComponentInfo{com.android.phone/com.android.services.telephony.TelephonyConnectionService}, [e0184adedf913b076626646d3f52c3b49c39ad6d], UserHandle{0}(addr: tel:*********** -> tel:)(icon: Icon(typ=BITMAP size=38x48) -> Icon(typ=BITMAP size=38x48))(subAddr: tel:*********** -> tel:)]: TSI.rPA@AA4
03-06 01:39:28.773   579   916 I Telecom : : Sending phone-account registered intent as user: TSI.rPA@AA4
03-06 01:39:28.773   784   784 I Telephony: AccountEntry: Registered phoneAccount: [[ ] PhoneAccount: ComponentInfo{com.android.phone/com.android.services.telephony.TelephonyConnectionService}, [e0184adedf913b076626646d3f52c3b49c39ad6d], UserHandle{0} Capabilities: CallProvider MultiUser PlaceEmerg SimSub  Schemes: tel voicemail  Extras: null] with handle: ComponentInfo{com.android.phone/com.android.services.telephony.TelephonyConnectionService}, [e0184adedf913b076626646d3f52c3b49c39ad6d], UserHandle{0}
03-06 01:39:28.773   784   784 I Telephony: PstnIncomingCallNotifier: Registering: Handler (com.android.internal.telephony.GsmCdmaPhone) {a2ce9e}
03-06 01:39:28.778   784   784 I Telephony: PstnIncomingCallNotifier: Unregistering: Handler (com.android.internal.telephony.GsmCdmaPhone) {a2ce9e}
03-06 01:39:28.779   784   784 E PhoneInterfaceManager: [PhoneIntfMgr] getIccId: No UICC
03-06 01:39:28.783   579   590 I Telecom : PhoneAccountRegistrar: [ComponentInfo{com.android.phone/com.android.services.telephony.TelephonyConnectionService}, [e0184adedf913b076626646d3f52c3b49c39ad6d], UserHandle{0}(icon: Icon(typ=BITMAP size=38x48) -> Icon(typ=BITMAP size=38x48))]: TSI.rPA@ABI
03-06 01:39:28.784   579   590 I Telecom : : Sending phone-account registered intent as user: TSI.rPA@ABI
03-06 01:39:28.798   784   784 I Telephony: AccountEntry: Registered phoneAccount: [[ ] PhoneAccount: ComponentInfo{com.android.phone/com.android.services.telephony.TelephonyConnectionService}, [e0184adedf913b076626646d3f52c3b49c39ad6d], UserHandle{0} Capabilities: CallProvider MultiUser PlaceEmerg SimSub  Schemes: tel voicemail  Extras: null] with handle: ComponentInfo{com.android.phone/com.android.services.telephony.TelephonyConnectionService}, [e0184adedf913b076626646d3f52c3b49c39ad6d], UserHandle{0}
03-06 01:39:28.798   784   784 I Telephony: PstnIncomingCallNotifier: Registering: Handler (com.android.internal.telephony.GsmCdmaPhone) {a2ce9e}
03-06 01:39:28.814   784   784 D MccTable: updateMccMncConfiguration mccmnc='310270' fromServiceState=false
03-06 01:39:28.814   784   784 D MccTable: updateMccMncConfiguration defaultMccMnc=310270
03-06 01:39:28.814   784   784 D MccTable: updateMccMncConfiguration: mcc=310, mnc=270
03-06 01:39:28.814   784   784 D MccTable: updateMccMncConfiguration updateConfig config={1.0 310mcc270mnc ?localeList ?layoutDir ?swdp ?wdp ?hdp ?density ?lsize ?long ?orien ?uimode ?night ?touch ?keyb/?/? ?nav/?}
03-06 01:39:28.939   970  1004 I ContactLocale: AddressBook Labels [[en_US]]: [, A, B, C, D, E, F, G, H, I, J, K, L, M, N, O, P, Q, R, S, T, U, V, W, X, Y, Z, , , , , , , , , , , , , , , , , , , , , , , , , , , , , , , , , , , , , , , , , , , , , , , , , , , , , , , , , , , , , , , , , , , , , , , , , , , , , , , , , , , , , , , , , , , , , , , , , , , , , , , , , , , , , , , , , , , , , , , , , , , , , , , , , , , , , , , , , , , , , , , , , , , , , , , , , , , , , , , , , , , , , , , , , , , , , , , , , , , , , , , , , , , #, ]
03-06 01:39:29.179  1182  1182 V Launcher: LauncherAppState inited
03-06 01:39:29.252  1182  1182 D Launcher.Model: Old launcher provider: content://com.android.launcher2.settings/favorites?notify=true
03-06 01:39:29.252  1182  1182 D Launcher.Model: Old launcher provider does not exist.
03-06 01:39:29.255   672   672 W System  : ClassLoader referenced unknown path: 
03-06 01:39:29.405   672   672 E BluetoothAdapter: Bluetooth binder is null
03-06 01:39:29.435   672   672 I CameraManagerGlobal: Connecting to camera service
03-06 01:39:29.436   268   268 V EmulatedCamera_Camera: getCameraInfo
03-06 01:39:29.436   268   268 V EmulatedCamera_BaseCamera: getCameraInfo
03-06 01:39:29.436   268   268 I CameraService: getCameraCharacteristics: Switching to HAL1 shim implementation...
03-06 01:39:29.436   268   268 V EmulatedCamera_Camera: getCameraInfo
03-06 01:39:29.436   268   268 V EmulatedCamera_BaseCamera: getCameraInfo
03-06 01:39:29.436   268   268 I CameraService: CameraService::connect call (PID -1 "cameraserver", camera ID 0) for HAL version default and Camera API version 1
03-06 01:39:29.437   268   268 E CameraService: getCameraPriorityFromProcState: Received invalid process state -1 from ActivityManagerService!
03-06 01:39:29.437   268   268 V EmulatedCamera_Camera: getCameraInfo
03-06 01:39:29.437   268   268 V EmulatedCamera_BaseCamera: getCameraInfo
03-06 01:39:29.440   275   275 E linker  : library /system/lib/libavcodec.so with text relocation is whitelisted
03-06 01:39:29.440   275   275 W linker  : /system/lib/libavcodec.so has text relocations. This is wasting memory and prevents security hardening. Please fix.
03-06 01:39:29.440   275   275 E linker  : library /system/lib/libavcodec.so with text relocation is whitelisted
03-06 01:39:29.441   275   275 E linker  : library /system/lib/libswresample.so with text relocation is whitelisted
03-06 01:39:29.441   275   275 W linker  : /system/lib/libswresample.so has text relocations. This is wasting memory and prevents security hardening. Please fix.
03-06 01:39:29.441   275   275 E linker  : library /system/lib/libswresample.so with text relocation is whitelisted
03-06 01:39:29.442   275  1278 E WVMExtractor: Failed to open libwvm.so: dlopen failed: library "libwvm.so" not found
03-06 01:39:29.478   274   879 V FFmpegExtractor: SniffFFMPEG
03-06 01:39:29.478   274   879 I FFmpegExtractor: android-source:0xf4263800
03-06 01:39:29.478   274   879 D FFMPEG  : android source begin open
03-06 01:39:29.478   274   879 D FFMPEG  : android open, url: android-source:0xf4263800
03-06 01:39:29.478   274   879 D FFMPEG  : ffmpeg open android data source success, source ptr: 0xf4263800
03-06 01:39:29.478   274   879 D FFMPEG  : android source open success
03-06 01:39:29.481   274   879 I FFMPEG  : Input #0, ogg, from 'android-source:0xf4263800':
03-06 01:39:29.481   274   879 I FFMPEG  :   Duration: 00:00:00.42, start: 0.000000, bitrate: 113 kb/s
03-06 01:39:29.481   274   879 I FFMPEG  :     Stream #0:0: Audio: vorbis, 48000 Hz, mono, fltp, 48 kb/s
03-06 01:39:29.481   274   879 I FFMPEG  :     Metadata:
03-06 01:39:29.481   274   879 I FFMPEG  :       TITLE           : Camera Shutter
03-06 01:39:29.481   274   879 I FFMPEG  :       ARTIST          : (c) 2012 Android Open Source Project
03-06 01:39:29.481   274   879 I FFmpegExtractor: FFmpegExtrator, url: android-source:0xf4263800, format_name: ogg, format_long_name: Ogg
03-06 01:39:29.481   274   879 I FFmpegExtractor: list the formats suppoted by ffmpeg: 
03-06 01:39:29.481   274   879 I FFmpegExtractor: ========================================
03-06 01:39:29.481   274   879 V FFmpegExtractor: format_names[00]: mpeg
03-06 01:39:29.481   274   879 V FFmpegExtractor: format_names[01]: mpegts
03-06 01:39:29.481   274   879 V FFmpegExtractor: format_names[02]: mov,mp4,m4a,3gp,3g2,mj2
03-06 01:39:29.481   274   879 V FFmpegExtractor: format_names[03]: matroska,webm
03-06 01:39:29.481   274   879 V FFmpegExtractor: format_names[04]: asf
03-06 01:39:29.481   274   879 V FFmpegExtractor: format_names[05]: rm
03-06 01:39:29.481   274   879 V FFmpegExtractor: format_names[06]: flv
03-06 01:39:29.481   274   879 V FFmpegExtractor: format_names[07]: swf
03-06 01:39:29.481   274   879 V FFmpegExtractor: format_names[08]: avi
03-06 01:39:29.481   274   879 V FFmpegExtractor: format_names[09]: ape
03-06 01:39:29.481   274   879 V FFmpegExtractor: format_names[10]: dts
03-06 01:39:29.481   274   879 V FFmpegExtractor: format_names[11]: flac
03-06 01:39:29.481   274   879 V FFmpegExtractor: format_names[12]: ac3
03-06 01:39:29.481   274   879 V FFmpegExtractor: format_names[13]: wav
03-06 01:39:29.481   274   879 V FFmpegExtractor: format_names[14]: ogg
03-06 01:39:29.481   274   879 V FFmpegExtractor: format_names[15]: vc1
03-06 01:39:29.481   274   879 V FFmpegExtractor: format_names[16]: hevc
03-06 01:39:29.481   274   879 I FFmpegExtractor: ========================================
03-06 01:39:29.481   274   879 I FFmpegExtractor: adjust mime(application/ogg -> audio/vorbis)
03-06 01:39:29.481   274   879 D FFmpegExtractor: suppoted codec(vorbis) by official Stagefright
03-06 01:39:29.481   274   879 D FFMPEG  : android source close
03-06 01:39:29.481   274   879 I FFmpegExtractor: sniff through BetterSniffFFMPEG success
03-06 01:39:29.481   274   879 D FFmpegExtractor: ffmpeg detected media content as 'audio/vorbis' with confidence 0.08
03-06 01:39:29.486   275  1277 D NuPlayerDriver: notifyListener_l(0xf4a28a80), (1, 0, 0), loop setting(0, 0)
03-06 01:39:29.504   274   354 V FFmpegExtractor: SniffFFMPEG
03-06 01:39:29.504   274   354 I FFmpegExtractor: android-source:0xf425e800
03-06 01:39:29.504   274   354 D FFMPEG  : android source begin open
03-06 01:39:29.504   274   354 D FFMPEG  : android open, url: android-source:0xf425e800
03-06 01:39:29.504   274   354 D FFMPEG  : ffmpeg open android data source success, source ptr: 0xf425e800
03-06 01:39:29.504   274   354 D FFMPEG  : android source open success
03-06 01:39:29.506   274   354 I FFMPEG  : Input #0, ogg, from 'android-source:0xf425e800':
03-06 01:39:29.506   274   354 I FFMPEG  :   Duration: 00:00:00.54, start: 0.000000, bitrate: 95 kb/s
03-06 01:39:29.506   274   354 I FFMPEG  :     Stream #0:0: Audio: vorbis, 48000 Hz, mono, fltp, 48 kb/s
03-06 01:39:29.506   274   354 I FFMPEG  :     Metadata:
03-06 01:39:29.506   274   354 I FFMPEG  :       TITLE           : Video Record
03-06 01:39:29.506   274   354 I FFMPEG  :       ARTIST          : (c) 2012 Android Open Source Project
03-06 01:39:29.506   274   354 I FFmpegExtractor: FFmpegExtrator, url: android-source:0xf425e800, format_name: ogg, format_long_name: Ogg
03-06 01:39:29.506   274   354 I FFmpegExtractor: list the formats suppoted by ffmpeg: 
03-06 01:39:29.506   274   354 I FFmpegExtractor: ========================================
03-06 01:39:29.506   274   354 V FFmpegExtractor: format_names[00]: mpeg
03-06 01:39:29.506   274   354 V FFmpegExtractor: format_names[01]: mpegts
03-06 01:39:29.506   274   354 V FFmpegExtractor: format_names[02]: mov,mp4,m4a,3gp,3g2,mj2
03-06 01:39:29.506   274   354 V FFmpegExtractor: format_names[03]: matroska,webm
03-06 01:39:29.506   274   354 V FFmpegExtractor: format_names[04]: asf
03-06 01:39:29.506   274   354 V FFmpegExtractor: format_names[05]: rm
03-06 01:39:29.506   274   354 V FFmpegExtractor: format_names[06]: flv
03-06 01:39:29.506   274   354 V FFmpegExtractor: format_names[07]: swf
03-06 01:39:29.506   274   354 V FFmpegExtractor: format_names[08]: avi
03-06 01:39:29.506   274   354 V FFmpegExtractor: format_names[09]: ape
03-06 01:39:29.506   274   354 V FFmpegExtractor: format_names[10]: dts
03-06 01:39:29.506   274   354 V FFmpegExtractor: format_names[11]: flac
03-06 01:39:29.506   274   354 V FFmpegExtractor: format_names[12]: ac3
03-06 01:39:29.506   274   354 V FFmpegExtractor: format_names[13]: wav
03-06 01:39:29.506   274   354 V FFmpegExtractor: format_names[14]: ogg
03-06 01:39:29.506   274   354 V FFmpegExtractor: format_names[15]: vc1
03-06 01:39:29.506   274   354 V FFmpegExtractor: format_names[16]: hevc
03-06 01:39:29.506   274   354 I FFmpegExtractor: ========================================
03-06 01:39:29.506   274   354 I FFmpegExtractor: adjust mime(application/ogg -> audio/vorbis)
03-06 01:39:29.506   274   354 D FFmpegExtractor: suppoted codec(vorbis) by official Stagefright
03-06 01:39:29.506   274   354 D FFMPEG  : android source close
03-06 01:39:29.506   274   354 I FFmpegExtractor: sniff through BetterSniffFFMPEG success
03-06 01:39:29.506   274   354 D FFmpegExtractor: ffmpeg detected media content as 'audio/vorbis' with confidence 0.08
03-06 01:39:29.507   275  1280 D NuPlayerDriver: notifyListener_l(0xf4a28ae0), (1, 0, 0), loop setting(0, 0)
03-06 01:39:29.516  1182  1182 D         : HostConnection::get() New Host Connection established 0xee8bdc50, tid 1182
03-06 01:39:29.524   274   274 V FFmpegExtractor: SniffFFMPEG
03-06 01:39:29.524   274   274 I FFmpegExtractor: android-source:0xf4262400
03-06 01:39:29.524   274   274 D FFMPEG  : android source begin open
03-06 01:39:29.524   274   274 D FFMPEG  : android open, url: android-source:0xf4262400
03-06 01:39:29.524   274   274 D FFMPEG  : ffmpeg open android data source success, source ptr: 0xf4262400
03-06 01:39:29.524   274   274 D FFMPEG  : android source open success
03-06 01:39:29.525   274   274 I FFMPEG  : Input #0, ogg, from 'android-source:0xf4262400':
03-06 01:39:29.525   274   274 I FFMPEG  :   Duration: 00:00:00.51, start: 0.000000, bitrate: 101 kb/s
03-06 01:39:29.525   274   274 I FFMPEG  :     Stream #0:0: Audio: vorbis, 48000 Hz, mono, fltp, 48 kb/s
03-06 01:39:29.525   274   274 I FFMPEG  :     Metadata:
03-06 01:39:29.525   274   274 I FFMPEG  :       TITLE           : Video Stop
03-06 01:39:29.525   274   274 I FFMPEG  :       ARTIST          : (c) 2012 Android Open Source Project
03-06 01:39:29.525   274   274 I FFmpegExtractor: FFmpegExtrator, url: android-source:0xf4262400, format_name: ogg, format_long_name: Ogg
03-06 01:39:29.525   274   274 I FFmpegExtractor: list the formats suppoted by ffmpeg: 
03-06 01:39:29.525   274   274 I FFmpegExtractor: ========================================
03-06 01:39:29.525   274   274 V FFmpegExtractor: format_names[00]: mpeg
03-06 01:39:29.525   274   274 V FFmpegExtractor: format_names[01]: mpegts
03-06 01:39:29.525   274   274 V FFmpegExtractor: format_names[02]: mov,mp4,m4a,3gp,3g2,mj2
03-06 01:39:29.525   274   274 V FFmpegExtractor: format_names[03]: matroska,webm
03-06 01:39:29.525   274   274 V FFmpegExtractor: format_names[04]: asf
03-06 01:39:29.525   274   274 V FFmpegExtractor: format_names[05]: rm
03-06 01:39:29.525   274   274 V FFmpegExtractor: format_names[06]: flv
03-06 01:39:29.525   274   274 V FFmpegExtractor: format_names[07]: swf
03-06 01:39:29.525   274   274 V FFmpegExtractor: format_names[08]: avi
03-06 01:39:29.525   274   274 V FFmpegExtractor: format_names[09]: ape
03-06 01:39:29.525   274   274 V FFmpegExtractor: format_names[10]: dts
03-06 01:39:29.526   274   274 V FFmpegExtractor: format_names[11]: flac
03-06 01:39:29.526   274   274 V FFmpegExtractor: format_names[12]: ac3
03-06 01:39:29.526   274   274 V FFmpegExtractor: format_names[13]: wav
03-06 01:39:29.526   274   274 V FFmpegExtractor: format_names[14]: ogg
03-06 01:39:29.526   274   274 V FFmpegExtractor: format_names[15]: vc1
03-06 01:39:29.526   274   274 V FFmpegExtractor: format_names[16]: hevc
03-06 01:39:29.526   274   274 I FFmpegExtractor: ========================================
03-06 01:39:29.526   274   274 I FFmpegExtractor: adjust mime(application/ogg -> audio/vorbis)
03-06 01:39:29.526   274   274 D FFmpegExtractor: suppoted codec(vorbis) by official Stagefright
03-06 01:39:29.526   274   274 D FFMPEG  : android source close
03-06 01:39:29.526   274   274 I FFmpegExtractor: sniff through BetterSniffFFMPEG success
03-06 01:39:29.526   274   274 D FFmpegExtractor: ffmpeg detected media content as 'audio/vorbis' with confidence 0.08
03-06 01:39:29.527   275  1283 D NuPlayerDriver: notifyListener_l(0xf3213000), (1, 0, 0), loop setting(0, 0)
03-06 01:39:29.528   268   268 I CameraFlashlight: Opening camera 0
03-06 01:39:29.528   268   268 V EmulatedCamera_Camera: getCameraInfo
03-06 01:39:29.528   268   268 V EmulatedCamera_BaseCamera: getCameraInfo
03-06 01:39:29.528   268   268 V EmulatedCamera_Camera: connectCamera
03-06 01:39:29.528   268   268 V EmulatedCamera_GenyDevice: connectDevice
03-06 01:39:29.528   268   268 V EmulatedCamera_CallbackNotifier: setCallbacks: 0xf18bbeb0, 0xf18bbf00, 0xf18bc020, 0xf18bc140 (0xf0dc2280)
03-06 01:39:29.528   268   268 V EmulatedCamera_CallbackNotifier: enableMessage: msg_type = 0xc0d
03-06 01:39:29.528   268   268 V EmulatedCamera_CallbackNotifier:     CAMERA_MSG_ERROR
03-06 01:39:29.528   268   268 V EmulatedCamera_CallbackNotifier:     CAMERA_MSG_FOCUS
03-06 01:39:29.528   268   268 V EmulatedCamera_CallbackNotifier:     CAMERA_MSG_ZOOM
03-06 01:39:29.528   268   268 V EmulatedCamera_CallbackNotifier:     CAMERA_MSG_PREVIEW_METADATA
03-06 01:39:29.528   268   268 V EmulatedCamera_CallbackNotifier: **** Currently enabled messages:
03-06 01:39:29.528   268   268 V EmulatedCamera_CallbackNotifier:     CAMERA_MSG_ERROR
03-06 01:39:29.528   268   268 V EmulatedCamera_CallbackNotifier:     CAMERA_MSG_FOCUS
03-06 01:39:29.528   268   268 V EmulatedCamera_CallbackNotifier:     CAMERA_MSG_ZOOM
03-06 01:39:29.528   268   268 V EmulatedCamera_CallbackNotifier:     CAMERA_MSG_PREVIEW_METADATA
03-06 01:39:29.528   268   268 V EmulatedCamera_CallbackNotifier: disableMessage: msg_type = 0xffff
03-06 01:39:29.528   268   268 V EmulatedCamera_CallbackNotifier:     CAMERA_MSG_ERROR
03-06 01:39:29.528   268   268 V EmulatedCamera_CallbackNotifier:     CAMERA_MSG_SHUTTER
03-06 01:39:29.528   268   268 V EmulatedCamera_CallbackNotifier:     CAMERA_MSG_FOCUS
03-06 01:39:29.528   268   268 V EmulatedCamera_CallbackNotifier:     CAMERA_MSG_ZOOM
03-06 01:39:29.528   268   268 V EmulatedCamera_CallbackNotifier:     CAMERA_MSG_PREVIEW_FRAME
03-06 01:39:29.528   268   268 V EmulatedCamera_CallbackNotifier:     CAMERA_MSG_VIDEO_FRAME
03-06 01:39:29.528   268   268 V EmulatedCamera_CallbackNotifier:     CAMERA_MSG_POSTVIEW_FRAME
03-06 01:39:29.528   268   268 V EmulatedCamera_CallbackNotifier:     CAMERA_MSG_RAW_IMAGE
03-06 01:39:29.528   268   268 V EmulatedCamera_CallbackNotifier:     CAMERA_MSG_COMPRESSED_IMAGE
03-06 01:39:29.528   268   268 V EmulatedCamera_CallbackNotifier:     CAMERA_MSG_RAW_IMAGE_NOTIFY
03-06 01:39:29.528   268   268 V EmulatedCamera_CallbackNotifier:     CAMERA_MSG_PREVIEW_METADATA
03-06 01:39:29.528   268   268 V EmulatedCamera_CallbackNotifier: **** Currently enabled messages:
03-06 01:39:29.528   268   268 V EmulatedCamera_Camera: doStopPreview
03-06 01:39:29.528   268   268 V EmulatedCamera_Camera: cancelPicture
03-06 01:39:29.528   268   268 V EmulatedCamera_Camera: releaseCamera
03-06 01:39:29.528   268   268 V EmulatedCamera_Camera: doStopPreview
03-06 01:39:29.528   268   268 V EmulatedCamera_GenyDevice: disconnectDevice
03-06 01:39:29.528   268   268 I CameraFlashlight: Destroying camera 0
03-06 01:39:29.528   268   268 V EmulatedCamera_Camera: closeCamera
03-06 01:39:29.528   268   268 V EmulatedCamera_Camera: doStopPreview
03-06 01:39:29.532   268   268 I CameraService: disconnect: Disconnected client for camera 0 for PID 268
03-06 01:39:29.532   275   379 D NuPlayerDriver: reset(0xf4a28a80) at state 4
03-06 01:39:29.532   275   379 D NuPlayerDriver: notifyListener_l(0xf4a28a80), (8, 0, 0), loop setting(0, 0)
03-06 01:39:29.532   275  1277 D NuPlayerDriver: notifyResetComplete(0xf4a28a80)
03-06 01:39:29.535   275   746 D NuPlayerDriver: reset(0xf4a28ae0) at state 4
03-06 01:39:29.535   275   746 D NuPlayerDriver: notifyListener_l(0xf4a28ae0), (8, 0, 0), loop setting(0, 0)
03-06 01:39:29.536   275  1280 D NuPlayerDriver: notifyResetComplete(0xf4a28ae0)
03-06 01:39:29.538   275   379 D NuPlayerDriver: reset(0xf3213000) at state 4
03-06 01:39:29.538   275   379 D NuPlayerDriver: notifyListener_l(0xf3213000), (8, 0, 0), loop setting(0, 0)
03-06 01:39:29.541   275  1283 D NuPlayerDriver: notifyResetComplete(0xf3213000)
03-06 01:39:29.542   268   607 V EmulatedCamera_Camera: getCameraInfo
03-06 01:39:29.542   268   607 V EmulatedCamera_BaseCamera: getCameraInfo
03-06 01:39:29.542   268   607 I CameraService: getCameraCharacteristics: Switching to HAL1 shim implementation...
03-06 01:39:29.542   268   607 V EmulatedCamera_Camera: getCameraInfo
03-06 01:39:29.542   268   607 V EmulatedCamera_BaseCamera: getCameraInfo
03-06 01:39:29.542   268   607 I CameraService: CameraService::connect call (PID -1 "cameraserver", camera ID 1) for HAL version default and Camera API version 1
03-06 01:39:29.542   268   607 E CameraService: getCameraPriorityFromProcState: Received invalid process state -1 from ActivityManagerService!
03-06 01:39:29.542   268   607 V EmulatedCamera_Camera: getCameraInfo
03-06 01:39:29.542   268   607 V EmulatedCamera_BaseCamera: getCameraInfo
03-06 01:39:29.546   274   274 V FFmpegExtractor: SniffFFMPEG
03-06 01:39:29.546   274   274 I FFmpegExtractor: android-source:0xf425e800
03-06 01:39:29.546   274   274 D FFMPEG  : android source begin open
03-06 01:39:29.546   274   274 D FFMPEG  : android open, url: android-source:0xf425e800
03-06 01:39:29.546   274   274 D FFMPEG  : ffmpeg open android data source success, source ptr: 0xf425e800
03-06 01:39:29.546   274   274 D FFMPEG  : android source open success
03-06 01:39:29.551   274   274 I FFMPEG  : Input #0, ogg, from 'android-source:0xf425e800':
03-06 01:39:29.551   274   274 I FFMPEG  :   Duration: 00:00:00.42, start: 0.000000, bitrate: 113 kb/s
03-06 01:39:29.551   274   274 I FFMPEG  :     Stream #0:0: Audio: vorbis, 48000 Hz, mono, fltp, 48 kb/s
03-06 01:39:29.551   274   274 I FFMPEG  :     Metadata:
03-06 01:39:29.551   274   274 I FFMPEG  :       TITLE           : Camera Shutter
03-06 01:39:29.551   274   274 I FFMPEG  :       ARTIST          : (c) 2012 Android Open Source Project
03-06 01:39:29.551   274   274 I FFmpegExtractor: FFmpegExtrator, url: android-source:0xf425e800, format_name: ogg, format_long_name: Ogg
03-06 01:39:29.551   274   274 I FFmpegExtractor: list the formats suppoted by ffmpeg: 
03-06 01:39:29.551   274   274 I FFmpegExtractor: ========================================
03-06 01:39:29.551   274   274 V FFmpegExtractor: format_names[00]: mpeg
03-06 01:39:29.551   274   274 V FFmpegExtractor: format_names[01]: mpegts
03-06 01:39:29.551   274   274 V FFmpegExtractor: format_names[02]: mov,mp4,m4a,3gp,3g2,mj2
03-06 01:39:29.551   274   274 V FFmpegExtractor: format_names[03]: matroska,webm
03-06 01:39:29.551   274   274 V FFmpegExtractor: format_names[04]: asf
03-06 01:39:29.551   274   274 V FFmpegExtractor: format_names[05]: rm
03-06 01:39:29.551   274   274 V FFmpegExtractor: format_names[06]: flv
03-06 01:39:29.551   274   274 V FFmpegExtractor: format_names[07]: swf
03-06 01:39:29.551   274   274 V FFmpegExtractor: format_names[08]: avi
03-06 01:39:29.551   274   274 V FFmpegExtractor: format_names[09]: ape
03-06 01:39:29.551   274   274 V FFmpegExtractor: format_names[10]: dts
03-06 01:39:29.551   274   274 V FFmpegExtractor: format_names[11]: flac
03-06 01:39:29.551   274   274 V FFmpegExtractor: format_names[12]: ac3
03-06 01:39:29.551   274   274 V FFmpegExtractor: format_names[13]: wav
03-06 01:39:29.551   274   274 V FFmpegExtractor: format_names[14]: ogg
03-06 01:39:29.551   274   274 V FFmpegExtractor: format_names[15]: vc1
03-06 01:39:29.551   274   274 V FFmpegExtractor: format_names[16]: hevc
03-06 01:39:29.551   274   274 I FFmpegExtractor: ========================================
03-06 01:39:29.551   274   274 I FFmpegExtractor: adjust mime(application/ogg -> audio/vorbis)
03-06 01:39:29.551   274   274 D FFmpegExtractor: suppoted codec(vorbis) by official Stagefright
03-06 01:39:29.551   274   274 D FFMPEG  : android source close
03-06 01:39:29.551   274   274 I FFmpegExtractor: sniff through BetterSniffFFMPEG success
03-06 01:39:29.551   274   274 D FFmpegExtractor: ffmpeg detected media content as 'audio/vorbis' with confidence 0.08
03-06 01:39:29.554   275  1286 D NuPlayerDriver: notifyListener_l(0xf4a28ae0), (1, 0, 0), loop setting(0, 0)
03-06 01:39:29.558   274   879 V FFmpegExtractor: SniffFFMPEG
03-06 01:39:29.558   274   879 I FFmpegExtractor: android-source:0xf4263800
03-06 01:39:29.558   274   879 D FFMPEG  : android source begin open
03-06 01:39:29.558   274   879 D FFMPEG  : android open, url: android-source:0xf4263800
03-06 01:39:29.558   274   879 D FFMPEG  : ffmpeg open android data source success, source ptr: 0xf4263800
03-06 01:39:29.558   274   879 D FFMPEG  : android source open success
03-06 01:39:29.561   274   879 I FFMPEG  : Input #0, ogg, from 'android-source:0xf4263800':
03-06 01:39:29.561   274   879 I FFMPEG  :   Duration: 00:00:00.54, start: 0.000000, bitrate: 95 kb/s
03-06 01:39:29.561   274   879 I FFMPEG  :     Stream #0:0: Audio: vorbis, 48000 Hz, mono, fltp, 48 kb/s
03-06 01:39:29.561   274   879 I FFMPEG  :     Metadata:
03-06 01:39:29.561   274   879 I FFMPEG  :       TITLE           : Video Record
03-06 01:39:29.561   274   879 I FFMPEG  :       ARTIST          : (c) 2012 Android Open Source Project
03-06 01:39:29.561   274   879 I FFmpegExtractor: FFmpegExtrator, url: android-source:0xf4263800, format_name: ogg, format_long_name: Ogg
03-06 01:39:29.561   274   879 I FFmpegExtractor: list the formats suppoted by ffmpeg: 
03-06 01:39:29.561   274   879 I FFmpegExtractor: ========================================
03-06 01:39:29.561   274   879 V FFmpegExtractor: format_names[00]: mpeg
03-06 01:39:29.561   274   879 V FFmpegExtractor: format_names[01]: mpegts
03-06 01:39:29.561   274   879 V FFmpegExtractor: format_names[02]: mov,mp4,m4a,3gp,3g2,mj2
03-06 01:39:29.561   274   879 V FFmpegExtractor: format_names[03]: matroska,webm
03-06 01:39:29.561   274   879 V FFmpegExtractor: format_names[04]: asf
03-06 01:39:29.561   274   879 V FFmpegExtractor: format_names[05]: rm
03-06 01:39:29.561   274   879 V FFmpegExtractor: format_names[06]: flv
03-06 01:39:29.561   274   879 V FFmpegExtractor: format_names[07]: swf
03-06 01:39:29.561   274   879 V FFmpegExtractor: format_names[08]: avi
03-06 01:39:29.561   274   879 V FFmpegExtractor: format_names[09]: ape
03-06 01:39:29.561   274   879 V FFmpegExtractor: format_names[10]: dts
03-06 01:39:29.561   274   879 V FFmpegExtractor: format_names[11]: flac
03-06 01:39:29.561   274   879 V FFmpegExtractor: format_names[12]: ac3
03-06 01:39:29.561   274   879 V FFmpegExtractor: format_names[13]: wav
03-06 01:39:29.561   274   879 V FFmpegExtractor: format_names[14]: ogg
03-06 01:39:29.561   274   879 V FFmpegExtractor: format_names[15]: vc1
03-06 01:39:29.561   274   879 V FFmpegExtractor: format_names[16]: hevc
03-06 01:39:29.561   274   879 I FFmpegExtractor: ========================================
03-06 01:39:29.561   274   879 I FFmpegExtractor: adjust mime(application/ogg -> audio/vorbis)
03-06 01:39:29.561   274   879 D FFmpegExtractor: suppoted codec(vorbis) by official Stagefright
03-06 01:39:29.561   274   879 D FFMPEG  : android source close
03-06 01:39:29.561   274   879 I FFmpegExtractor: sniff through BetterSniffFFMPEG success
03-06 01:39:29.561   274   879 D FFmpegExtractor: ffmpeg detected media content as 'audio/vorbis' with confidence 0.08
03-06 01:39:29.564   275  1289 D NuPlayerDriver: notifyListener_l(0xf3213000), (1, 0, 0), loop setting(0, 0)
03-06 01:39:29.566   274   354 V FFmpegExtractor: SniffFFMPEG
03-06 01:39:29.566   274   354 I FFmpegExtractor: android-source:0xf4262400
03-06 01:39:29.566   274   354 D FFMPEG  : android source begin open
03-06 01:39:29.566   274   354 D FFMPEG  : android open, url: android-source:0xf4262400
03-06 01:39:29.566   274   354 D FFMPEG  : ffmpeg open android data source success, source ptr: 0xf4262400
03-06 01:39:29.566   274   354 D FFMPEG  : android source open success
03-06 01:39:29.568   274   354 I FFMPEG  : Input #0, ogg, from 'android-source:0xf4262400':
03-06 01:39:29.568   274   354 I FFMPEG  :   Duration: 00:00:00.51, start: 0.000000, bitrate: 101 kb/s
03-06 01:39:29.568   274   354 I FFMPEG  :     Stream #0:0: Audio: vorbis, 48000 Hz, mono, fltp, 48 kb/s
03-06 01:39:29.568   274   354 I FFMPEG  :     Metadata:
03-06 01:39:29.568   274   354 I FFMPEG  :       TITLE           : Video Stop
03-06 01:39:29.568   274   354 I FFMPEG  :       ARTIST          : (c) 2012 Android Open Source Project
03-06 01:39:29.568   274   354 I FFmpegExtractor: FFmpegExtrator, url: android-source:0xf4262400, format_name: ogg, format_long_name: Ogg
03-06 01:39:29.568   274   354 I FFmpegExtractor: list the formats suppoted by ffmpeg: 
03-06 01:39:29.568   274   354 I FFmpegExtractor: ========================================
03-06 01:39:29.568   274   354 V FFmpegExtractor: format_names[00]: mpeg
03-06 01:39:29.568   274   354 V FFmpegExtractor: format_names[01]: mpegts
03-06 01:39:29.568   274   354 V FFmpegExtractor: format_names[02]: mov,mp4,m4a,3gp,3g2,mj2
03-06 01:39:29.568   274   354 V FFmpegExtractor: format_names[03]: matroska,webm
03-06 01:39:29.568   274   354 V FFmpegExtractor: format_names[04]: asf
03-06 01:39:29.568   274   354 V FFmpegExtractor: format_names[05]: rm
03-06 01:39:29.568   274   354 V FFmpegExtractor: format_names[06]: flv
03-06 01:39:29.568   274   354 V FFmpegExtractor: format_names[07]: swf
03-06 01:39:29.568   274   354 V FFmpegExtractor: format_names[08]: avi
03-06 01:39:29.568   274   354 V FFmpegExtractor: format_names[09]: ape
03-06 01:39:29.568   274   354 V FFmpegExtractor: format_names[10]: dts
03-06 01:39:29.568   274   354 V FFmpegExtractor: format_names[11]: flac
03-06 01:39:29.568   274   354 V FFmpegExtractor: format_names[12]: ac3
