03-06 01:39:44.119  1788  1788 W art     : Verification of void com.google.android.configupdater.UpdateRequestReceiver.<init>(com.google.android.configupdater.Config, com.google.android.configupdater.StoredState, com.google.android.configupdater.DownloadManagerHelper, com.google.android.configupdater.GservicesHelper) took 177.996ms
03-06 01:39:44.125  1557  1568 W art     : Suspending all threads took: 11.282ms
03-06 01:39:44.126  1719  1821 I MessagingAppDataModel: SyncMessagesAction: All messages now in sync
03-06 01:39:44.128  1557  1557 W PrimesInit: Primes instant initialization
03-06 01:39:44.148  1557  1822 W Primes  : background initialization
03-06 01:39:44.154  1342  1398 I chatty  : uid=10063(com.android.vending) expire 132 lines
03-06 01:39:44.218   579   594 I chatty  : uid=1000(system) android.bg expire 18 lines
03-06 01:39:44.259  1557  1822 I PrimesTesting: GserviceFlagsSupplier.get()
03-06 01:39:44.265  1557  1557 W GAV2    : Thread[main,5,main]: Need to call initialize() and be in fallback mode to start dispatch.
03-06 01:39:44.299  1788  1788 E ConfigUpdater: ignoring update request
03-06 01:39:44.341  1788  1788 E ConfigUpdater: ignoring update request
03-06 01:39:44.398  1414  1837 I chatty  : uid=10066(com.google.android.gms) expire 16 lines
03-06 01:39:44.519  1788  1788 E ConfigUpdater: ignoring update request
03-06 01:39:44.522  1788  1788 E ConfigUpdater: ignoring update request
03-06 01:39:44.525  1788  1788 E ConfigUpdater: ignoring update request
03-06 01:39:44.530  1788  1788 E ConfigUpdater: ignoring update request
03-06 01:39:44.539  1788  1788 E ConfigUpdater: ignoring update request
03-06 01:39:44.551  1852  1852 W art     : Unexpected CPU variant for X86 using defaults: x86
03-06 01:39:44.559   579  1763 I ActivityManager: Start proc 1852:com.google.android.onetimeinitializer/u0a67 for broadcast com.google.android.onetimeinitializer/.OneTimeInitializerReceiver
03-06 01:39:44.573  1069  1607 I chatty  : uid=10066 com.google.android.gms.persistent expire 6 lines
03-06 01:39:44.939   579  1764 I chatty  : uid=1000(system) Binder:579_D expire 4 lines
03-06 01:39:45.401  1852  1852 I art     : Starting a blocking GC AddRemoveAppImageSpace
03-06 01:39:45.401  1852  1852 W System  : ClassLoader referenced unknown path: /system/priv-app/GoogleOneTimeInitializer/lib/x86
03-06 01:39:45.701  1414  1419 I chatty  : uid=10066(com.google.android.gms) expire 20 lines
03-06 01:39:45.713  1414  1678 I chatty  : uid=10066(com.google.android.gms) expire 1 line
03-06 01:39:45.756  1557  1867 W art     : Long monitor contention with owner Primes-init-1 (1822) at boolean android.os.BinderProxy.transactNative(int, android.os.Parcel, android.os.Parcel, int)(Binder.java:-2) waiters=0 in java.util.Map jis.a() for 1.188s
03-06 01:39:45.780  1852  1852 V OneTimeInitializerReceiver: OneTimeInitializerReceiver.onReceive
03-06 01:39:45.795   579  1755 I ActivityManager: Start proc 1884:com.google.android.partnersetup/u0a68 for broadcast com.google.android.partnersetup/.GooglePartnerSetup
03-06 01:39:45.796  1884  1884 W art     : Unexpected CPU variant for X86 using defaults: x86
03-06 01:39:45.800  1852  1882 V OneTimeService: OneTimeService.onHandleIntent
03-06 01:39:45.808  1852  1882 V OneTimeService: Already run, doing nothing.
03-06 01:39:45.821  1414  1414 I chatty  : uid=10066(com.google.android.gms) expire 2 lines
03-06 01:39:45.867  1884  1884 I art     : Starting a blocking GC AddRemoveAppImageSpace
03-06 01:39:45.867  1884  1884 W System  : ClassLoader referenced unknown path: /system/priv-app/GooglePartnerSetup/lib/x86
03-06 01:39:46.130  1884  1916 I RlzPingService: Setting next ping for 1545116181622
03-06 01:39:46.204  1069  1448 I chatty  : uid=10066 com.google.android.gms.persistent expire 10 lines
03-06 01:39:46.205  1069  1494 I chatty  : uid=10066 com.google.android.gms.persistent expire 11 lines
03-06 01:39:46.205  1069  1681 I chatty  : uid=10066 com.google.android.gms.persistent expire 10 lines
03-06 01:39:46.214  1928  1928 I chatty  : uid=10066 com.google.android.gms.unstable expire 10 lines
03-06 01:39:46.219   579   920 I ActivityManager: Start proc 1928:com.google.android.gms.unstable/u0a66 for service com.google.android.gms/.droidguard.DroidGuardService
03-06 01:39:46.259  1557  1568 W art     : Suspending all threads took: 8.184ms
03-06 01:39:46.262  1414  1851 I chatty  : uid=10066(com.google.android.gms) expire 11 lines
03-06 01:39:46.310  1884  1884 I RlzPingService: Setting next ping for 1552459186309
03-06 01:39:46.335  1342  1399 I chatty  : uid=10063(com.android.vending) expire 10 lines
03-06 01:39:46.389  1414  1876 I chatty  : uid=10066(com.google.android.gms) expire 11 lines
03-06 01:39:46.390  1414  1455 I chatty  : uid=10066(com.google.android.gms) expire 2 lines
03-06 01:39:46.410  1069  1949 I chatty  : uid=10066 com.google.android.gms.persistent expire 1 line
03-06 01:39:46.463  1928  1939 I chatty  : uid=10066 com.google.android.gms.unstable expire 3 lines
03-06 01:39:46.560   273   353 E Drm     : Failed to find drm plugin
03-06 01:39:46.561  1928  1969 I chatty  : uid=10066 com.google.android.gms.unstable expire 1 line
03-06 01:39:46.714  1557  1562 I art     : Do partial code cache collection, code=20KB, data=19KB
03-06 01:39:46.714  1557  1562 I art     : After code cache collection, code=19KB, data=19KB
03-06 01:39:46.714  1557  1562 I art     : Increasing code cache capacity to 128KB
03-06 01:39:46.725  1557  1562 I art     : Do partial code cache collection, code=19KB, data=45KB
03-06 01:39:46.740  1557  1562 I art     : After code cache collection, code=19KB, data=46KB
03-06 01:39:46.740  1557  1562 I art     : Increasing code cache capacity to 256KB
03-06 01:39:46.742  1557  1562 I art     : Compiler allocated 5MB to compile void aaqa.a(java.lang.Object, aaqk, aany)
03-06 01:39:46.779  1557  1921 W art     : Long monitor contention with owner AsyncTask #3 (1920) at long android.database.sqlite.SQLiteConnection.nativeOpen(java.lang.String, int, java.lang.String, boolean, boolean)(SQLiteConnection.java:-2) waiters=0 in android.database.sqlite.SQLiteDatabase com.android.email.provider.EmailProvider.a(android.content.Context) for 840ms
03-06 01:39:46.824   579  1764 W ActivityManager: Unable to start service Intent { cmp=com.google.android.gm/com.android.email.service.AttachmentService } U=0: not found
03-06 01:39:46.884  1414  1984 I chatty  : uid=10066(com.google.android.gms) expire 9 lines
03-06 01:39:46.906  1557  1557 W Gmail   : EasBundling:ExchangeUpgradeReceiver: action=android.intent.action.BOOT_COMPLETED data=null
03-06 01:39:46.907  1557  1557 W Gmail   : EasBundling:ExchangeUpgradeUtils: isExchangeLegacy=false
03-06 01:39:46.909  1476  1476 D CellBroadcastReceiver: Service state changed! 0 Full: 0 0 voice home data home Android Android 310260 Android Android 310260  Unknown UMTS CSS not supported -1 -1 RoamInd=-1 DefRoamInd=-1 EmergOnly=false IsDataRoamingFromRegistration=false Current state=3
03-06 01:39:46.910  1476  1476 D CellBroadcastReceiver: Start Cell Broadcast configuration.
03-06 01:39:46.917  1414  1983 I chatty  : uid=10066(com.google.android.gms) expire 11 lines
03-06 01:39:46.919  1476  1990 D CellBroadcastConfigService: Enable CellBroadcast on sub 1
03-06 01:39:46.956   929   929 I AlarmClock: AlarmInitReceiver android.intent.action.TIME_SET
03-06 01:39:47.006   929  1068 V AlarmClock: AlarmInitReceiver finished
03-06 01:39:47.019  1342  1426 I chatty  : uid=10063(com.android.vending) expire 13 lines
03-06 01:39:47.083  1618  1618 D AlertReceiver: onReceive: a=android.intent.action.PROVIDER_CHANGED Intent { act=android.intent.action.PROVIDER_CHANGED dat=content://com.android.calendar flg=0x20000010 cmp=com.android.calendar/.alerts.AlertReceiver }
03-06 01:39:47.097  1618  2007 D AlertService: 0 Action = android.intent.action.PROVIDER_CHANGED
03-06 01:39:47.099  1414  2005 I chatty  : uid=10066(com.google.android.gms) expire 13 lines
03-06 01:39:47.121  1069  1473 I chatty  : uid=10066 com.google.android.gms.persistent expire 18 lines
03-06 01:39:47.137   784   798 D IccSmsInterfaceManager: [IccSmsInterfaceManager] Calling setCdmaBroadcastConfig with 1 configurations
03-06 01:39:47.139   784   798 D IccSmsInterfaceManager: [IccSmsInterfaceManager] Failed to add cdma broadcast subscription for MID range 4096 to 4096 from client com.android.cellbroadcastreceiver
03-06 01:39:47.151  1069  1926 I chatty  : uid=10066 com.google.android.gms.persistent expire 10 lines
03-06 01:39:47.151   784  1279 D IccSmsInterfaceManager: [IccSmsInterfaceManager] Calling setCdmaBroadcastConfig with 1 configurations
03-06 01:39:47.153   784  1279 D IccSmsInterfaceManager: [IccSmsInterfaceManager] Failed to add cdma broadcast subscription for MID range 4097 to 4097 from client com.android.cellbroadcastreceiver
03-06 01:39:47.153  1557  1557 E wet     : Sync is not initialized yet
03-06 01:39:47.159   784   798 D IccSmsInterfaceManager: [IccSmsInterfaceManager] Calling setCdmaBroadcastConfig with 1 configurations
03-06 01:39:47.166   784   798 D IccSmsInterfaceManager: [IccSmsInterfaceManager] Failed to add cdma broadcast subscription for MID range 4098 to 4098 from client com.android.cellbroadcastreceiver
03-06 01:39:47.173   784  1279 D IccSmsInterfaceManager: [IccSmsInterfaceManager] Calling setCdmaBroadcastConfig with 1 configurations
03-06 01:39:47.177   784  1279 D IccSmsInterfaceManager: [IccSmsInterfaceManager] Failed to add cdma broadcast subscription for MID range 4099 to 4099 from client com.android.cellbroadcastreceiver
03-06 01:39:47.181   784   798 D IccSmsInterfaceManager: [IccSmsInterfaceManager] Failed to remove cdma broadcast subscription for MID range 4100 to 4100 from client com.android.cellbroadcastreceiver
03-06 01:39:47.192   784  1279 D IccSmsInterfaceManager: [IccSmsInterfaceManager] Calling setGsmBroadcastConfig with 1 configurations
03-06 01:39:47.193   784  1279 D IccSmsInterfaceManager: [IccSmsInterfaceManager] Failed to add GSM cell broadcast subscription for MID range 4352 to 4354 from client com.android.cellbroadcastreceiver
03-06 01:39:47.199   784   798 D IccSmsInterfaceManager: [IccSmsInterfaceManager] Failed to remove GSM cell broadcast subscription for MID range 4355 to 4355 from client com.android.cellbroadcastreceiver
03-06 01:39:47.202   784  1279 D IccSmsInterfaceManager: [IccSmsInterfaceManager] Calling setGsmBroadcastConfig with 1 configurations
03-06 01:39:47.203   784  1279 D IccSmsInterfaceManager: [IccSmsInterfaceManager] Failed to add GSM cell broadcast subscription for MID range 4370 to 4370 from client com.android.cellbroadcastreceiver
03-06 01:39:47.210   784   798 D IccSmsInterfaceManager: [IccSmsInterfaceManager] Calling setGsmBroadcastConfig with 1 configurations
03-06 01:39:47.211   784   798 D IccSmsInterfaceManager: [IccSmsInterfaceManager] Failed to add GSM cell broadcast subscription for MID range 4371 to 4372 from client com.android.cellbroadcastreceiver
03-06 01:39:47.215   784  1279 D IccSmsInterfaceManager: [IccSmsInterfaceManager] Calling setGsmBroadcastConfig with 1 configurations
03-06 01:39:47.216   784  1279 D IccSmsInterfaceManager: [IccSmsInterfaceManager] Failed to add GSM cell broadcast subscription for MID range 4373 to 4378 from client com.android.cellbroadcastreceiver
03-06 01:39:47.219   784   798 D IccSmsInterfaceManager: [IccSmsInterfaceManager] Calling setGsmBroadcastConfig with 1 configurations
03-06 01:39:47.219   784   798 D IccSmsInterfaceManager: [IccSmsInterfaceManager] Failed to add GSM cell broadcast subscription for MID range 4379 to 4379 from client com.android.cellbroadcastreceiver
03-06 01:39:47.223   784  1279 D IccSmsInterfaceManager: [IccSmsInterfaceManager] Failed to remove GSM cell broadcast subscription for MID range 4380 to 4382 from client com.android.cellbroadcastreceiver
03-06 01:39:47.226   784   798 D IccSmsInterfaceManager: [IccSmsInterfaceManager] Calling setGsmBroadcastConfig with 1 configurations
03-06 01:39:47.227   784   798 D IccSmsInterfaceManager: [IccSmsInterfaceManager] Failed to add GSM cell broadcast subscription for MID range 4383 to 4383 from client com.android.cellbroadcastreceiver
03-06 01:39:47.230   784  1279 D IccSmsInterfaceManager: [IccSmsInterfaceManager] Calling setGsmBroadcastConfig with 1 configurations
03-06 01:39:47.231   784  1279 D IccSmsInterfaceManager: [IccSmsInterfaceManager] Failed to add GSM cell broadcast subscription for MID range 4384 to 4385 from client com.android.cellbroadcastreceiver
03-06 01:39:47.234   784   798 D IccSmsInterfaceManager: [IccSmsInterfaceManager] Calling setGsmBroadcastConfig with 1 configurations
03-06 01:39:47.235   784   798 D IccSmsInterfaceManager: [IccSmsInterfaceManager] Failed to add GSM cell broadcast subscription for MID range 4386 to 4391 from client com.android.cellbroadcastreceiver
03-06 01:39:47.239   784  1279 D IccSmsInterfaceManager: [IccSmsInterfaceManager] Calling setGsmBroadcastConfig with 1 configurations
03-06 01:39:47.239   784  1279 D IccSmsInterfaceManager: [IccSmsInterfaceManager] Failed to add GSM cell broadcast subscription for MID range 4392 to 4392 from client com.android.cellbroadcastreceiver
03-06 01:39:47.243   784   798 D IccSmsInterfaceManager: [IccSmsInterfaceManager] Failed to remove GSM cell broadcast subscription for MID range 4393 to 4395 from client com.android.cellbroadcastreceiver
03-06 01:39:47.245   784  1279 D IccSmsInterfaceManager: [IccSmsInterfaceManager] Failed to remove GSM cell broadcast subscription for MID range 50 to 50 from client com.android.cellbroadcastreceiver
03-06 01:39:47.283  1414  1973 I chatty  : uid=10066(com.google.android.gms) expire 2 lines
03-06 01:39:47.302  1414  1974 I chatty  : uid=10066(com.google.android.gms) expire 7 lines
03-06 01:39:47.485  1414  1783 I chatty  : uid=10066(com.google.android.gms) expire 13 lines
03-06 01:39:47.608  1928  1931 I chatty  : uid=10066 com.google.android.gms.unstable expire 9 lines
03-06 01:39:47.819  1557  1847 V NativeCrypto: Registering com/google/android/gms/org/conscrypt/NativeCrypto's 287 native methods...
03-06 01:39:47.833  1557  1847 D NetworkSecurityConfig: Using Network Security Config from resource network_security_config debugBuild: false
03-06 01:39:47.838  1557  1847 I ProviderInstaller: Installed default security provider GmsCore_OpenSSL
03-06 01:39:48.936   579   595 I ActivityManager: Waited long enough for: ServiceRecord{e3a3b77 u0 com.google.android.gms/.stats.service.DropBoxEntryAddedService}
03-06 01:39:52.098  1618  2007 I GlobalDismissManager: no sender configured
03-06 01:39:52.098  1618  2007 D AlertService: Beginning updateAlertNotification
03-06 01:39:52.108  1618  2007 D AlertService: No fired or scheduled alerts
03-06 01:39:52.114  1618  2007 D AlertService: Scheduling next alarm with AlarmScheduler. sEventReminderReceived: null
03-06 01:39:52.119  1618  2007 D AlarmScheduler: No events found starting within 1 week.
03-06 01:39:52.332   579   595 I ActivityManager: Waited long enough for: ServiceRecord{321d30a u0 com.android.calendar/.alerts.InitAlarmsService}
03-06 01:39:53.227  1342  1355 I chatty  : uid=10063(com.android.vending) expire 1 line
03-06 01:39:54.254  2041  2041 I chatty  : uid=10066(com.google.android.gms) /system/bin/dex2oat expire 4 lines
03-06 01:39:55.177  1414  2044 I chatty  : uid=10066(com.google.android.gms) expire 1 line
03-06 01:39:55.215   579  1755 I chatty  : uid=1000(system) Binder:579_A expire 4 lines
03-06 01:39:55.264  1069  1072 I chatty  : uid=10066 com.google.android.gms.persistent expire 14 lines
03-06 01:39:55.357   579   801 W NetworkIdentity: Active mobile network without subscriber!
03-06 01:39:55.359   579  1755 W NetworkIdentity: Active mobile network without subscriber!
03-06 01:39:55.496  1069  1085 I chatty  : uid=10066 com.google.android.gms.persistent expire 2 lines
03-06 01:39:55.498  1928  1967 I chatty  : uid=10066 com.google.android.gms.unstable expire 6 lines
03-06 01:39:55.531  1069  1479 I chatty  : uid=10066 com.google.android.gms.persistent expire 10 lines
03-06 01:39:56.085  1342  2046 I chatty  : uid=10063(com.android.vending) expire 1 line
03-06 01:39:56.240  1069  2081 I chatty  : uid=10066 com.google.android.gms.persistent expire 1 line
03-06 01:39:56.351  1069  2082 I chatty  : uid=10066 com.google.android.gms.persistent expire 2 lines
03-06 01:39:56.398  1069  1713 I chatty  : uid=10066 com.google.android.gms.persistent expire 12 lines
03-06 01:39:57.030  1069  1086 I chatty  : uid=10066 com.google.android.gms.persistent expire 9 lines
03-06 01:39:57.141  1069  1517 I chatty  : uid=10066 com.google.android.gms.persistent expire 13 lines
03-06 01:39:57.242  1414  2042 I chatty  : uid=10066(com.google.android.gms) expire 17 lines
03-06 01:39:57.279  1557  1557 W twa     : Failed to find local clusters.
03-06 01:39:57.422  1414  2095 I chatty  : uid=10066(com.google.android.gms) expire 11 lines
03-06 01:39:57.450  1476  1476 D CellBroadcastReceiver: Start Cell Broadcast configuration.
03-06 01:39:57.453  1342  1403 I chatty  : uid=10063(com.android.vending) expire 9 lines
03-06 01:39:57.552  1476  2099 D CellBroadcastConfigService: Enable CellBroadcast on sub 1
03-06 01:39:57.630  1342  2105 I chatty  : uid=10063(com.android.vending) expire 4 lines
03-06 01:39:57.687  1414  2106 I chatty  : uid=10066(com.google.android.gms) expire 15 lines
03-06 01:39:57.764  1069  1472 I chatty  : uid=10066 com.google.android.gms.persistent expire 12 lines
03-06 01:39:57.779  1557  1557 W vra     : sections == null.  missed changes on list uss{type=SAPI_LL_TYPE_SECTIONED_INBOX_PRIMARY_UNREAD, priority=DEFAULT, pauseState=RESUMED, #elements=16}
03-06 01:39:57.781  1557  1557 W vra     : sections == null.  missed changes on list uss{type=SAPI_LL_TYPE_SECTIONED_INBOX_PRIMARY_UNREAD, priority=DEFAULT, pauseState=RESUMED, #elements=16}
03-06 01:39:57.784  1557  1952 W art     : Before Android 4.1, method double java.util.concurrent.ThreadLocalRandom.internalNextDouble(double, double) would have incorrectly overridden the package-private method in java.util.Random
03-06 01:39:57.784  1557  1952 W art     : Before Android 4.1, method int java.util.concurrent.ThreadLocalRandom.internalNextInt(int, int) would have incorrectly overridden the package-private method in java.util.Random
03-06 01:39:57.784  1557  1952 W art     : Before Android 4.1, method long java.util.concurrent.ThreadLocalRandom.internalNextLong(long, long) would have incorrectly overridden the package-private method in java.util.Random
03-06 01:39:57.800   784  1268 D IccSmsInterfaceManager: [IccSmsInterfaceManager] Calling setCdmaBroadcastConfig with 1 configurations
03-06 01:39:57.802   784  1268 D IccSmsInterfaceManager: [IccSmsInterfaceManager] Failed to add cdma broadcast subscription for MID range 4096 to 4096 from client com.android.cellbroadcastreceiver
03-06 01:39:57.852  1414  2097 I chatty  : uid=10066(com.google.android.gms) expire 1 line
03-06 01:39:57.872  1557  1952 W ouv     : Job(ItemMessageListService:setItemMessageListPriority#0.17) Unrecognized ItemMessageList itemMessageList-thread-f:1619489018268890514-0. Has it already been stopped?
03-06 01:39:57.885   784   797 D TelephonyProvider: getPreferredApnIdFromApn: for subId 1
03-06 01:39:57.938   784   797 D IccSmsInterfaceManager: [IccSmsInterfaceManager] Calling setCdmaBroadcastConfig with 1 configurations
03-06 01:39:57.938  1414  1466 I chatty  : uid=10066(com.google.android.gms) expire 11 lines
03-06 01:39:57.949   784   797 D IccSmsInterfaceManager: [IccSmsInterfaceManager] Failed to add cdma broadcast subscription for MID range 4097 to 4097 from client com.android.cellbroadcastreceiver
03-06 01:39:57.961  1342  1353 I chatty  : uid=10063(com.android.vending) expire 1 line
03-06 01:39:57.976  1557  1953 W ouv     : Job(ItemMessageListService:setItemMessageListPriority#0.20) Unrecognized ItemMessageList itemMessageList-thread-f:1619126587307968251-1. Has it already been stopped?
03-06 01:39:58.007  1557  1562 I art     : Do full code cache collection, code=96KB, data=102KB
03-06 01:39:58.014  1557  1562 I art     : After code cache collection, code=53KB, data=61KB
03-06 01:39:58.017   784   797 D IccSmsInterfaceManager: [IccSmsInterfaceManager] Calling setCdmaBroadcastConfig with 1 configurations
03-06 01:39:58.020   784   797 D IccSmsInterfaceManager: [IccSmsInterfaceManager] Failed to add cdma broadcast subscription for MID range 4098 to 4098 from client com.android.cellbroadcastreceiver
03-06 01:39:58.044  1557  1954 W ouv     : Job(ItemMessageListService:setItemMessageListPriority#0.23) Unrecognized ItemMessageList itemMessageList-thread-f:1618915669472652889-2. Has it already been stopped?
03-06 01:39:58.059   784   798 D IccSmsInterfaceManager: [IccSmsInterfaceManager] Calling setCdmaBroadcastConfig with 1 configurations
03-06 01:39:58.062   784   798 D IccSmsInterfaceManager: [IccSmsInterfaceManager] Failed to add cdma broadcast subscription for MID range 4099 to 4099 from client com.android.cellbroadcastreceiver
03-06 01:39:58.095  1557  1951 W ouv     : Job(ItemMessageListService:setItemMessageListPriority#0.26) Unrecognized ItemMessageList itemMessageList-thread-f:1618223531407067616-3. Has it already been stopped?
03-06 01:39:58.097  1414  2120 I chatty  : uid=10066(com.google.android.gms) expire 1 line
03-06 01:39:58.103   784   797 D IccSmsInterfaceManager: [IccSmsInterfaceManager] Failed to remove cdma broadcast subscription for MID range 4100 to 4100 from client com.android.cellbroadcastreceiver
03-06 01:39:58.147   784   784 I OmtpVvmCarrierCfgHlpr: Requesting VVM activation for subId: 1
03-06 01:39:58.150   784  1268 D IccSmsInterfaceManager: [IccSmsInterfaceManager] Calling setGsmBroadcastConfig with 1 configurations
03-06 01:39:58.188  1557  1951 W ouv     : Job(ItemMessageListService:setItemMessageListPriority#0.29) Unrecognized ItemMessageList itemMessageList-thread-f:1618162140666170712-4. Has it already been stopped?
03-06 01:39:58.250   579  1763 I ActivityManager: Start proc 2125:com.google.android.gms.ui/u0a66 for service com.google.android.gms/.chimera.UiIntentOperationService
03-06 01:39:58.251  2125  2125 I chatty  : uid=10066 com.google.android.gms.ui expire 10 lines
03-06 01:39:58.311   278   558 D baseband-sms: newsms
03-06 01:39:58.311   278   558 D baseband-sms: sender:(N/A)
03-06 01:39:58.311   278   558 D baseband-sms: receiver:122
03-06 01:39:58.519   579  1999 I chatty  : uid=1000(system) Binder:579_F expire 3 lines
03-06 01:39:58.628   784   784 V VvmPhoneStateListener: Signal returned: reattempting activation for 89014103211118510720
03-06 01:39:58.630   784   784 I OmtpVvmCarrierCfgHlpr: Requesting VVM activation for subId: 1
03-06 01:39:58.653  1414  2002 I chatty  : uid=10066(com.google.android.gms) expire 2 lines
03-06 01:39:58.677   579  1764 W NetworkIdentity: Active mobile network without subscriber!
03-06 01:39:58.686   579  1755 W NetworkIdentity: Active mobile network without subscriber!
03-06 01:39:58.695  1069  2080 I chatty  : uid=10066 com.google.android.gms.persistent expire 7 lines
03-06 01:39:58.757  1342  1347 I chatty  : uid=10063(com.android.vending) expire 12 lines
03-06 01:39:58.865   784  1268 D IccSmsInterfaceManager: [IccSmsInterfaceManager] Failed to add GSM cell broadcast subscription for MID range 4352 to 4354 from client com.android.cellbroadcastreceiver
03-06 01:39:58.915   784   798 D IccSmsInterfaceManager: [IccSmsInterfaceManager] Failed to remove GSM cell broadcast subscription for MID range 4355 to 4355 from client com.android.cellbroadcastreceiver
03-06 01:39:58.956  1414  2140 I chatty  : uid=10066(com.google.android.gms) expire 2 lines
03-06 01:39:58.979   784  1268 D IccSmsInterfaceManager: [IccSmsInterfaceManager] Calling setGsmBroadcastConfig with 1 configurations
03-06 01:39:59.083  1069  1446 I chatty  : uid=10066 com.google.android.gms.persistent expire 3 lines
03-06 01:39:59.135   579   920 W ActivityManager: Unable to start service Intent { act=com.google.android.gms.nearby.discovery:ACTION_INIT_MESSAGES_PATH cmp=com.google.android.gms/.nearby.discovery.service.DiscoveryService } U=0: not found
03-06 01:39:59.163  1571  1582 W art     : Suspending all threads took: 5.727ms
03-06 01:39:59.301  1557  2113 W uiu     : Attempted to read unclipped body before it was fetched for messageId: msg-f:1618162140666170712
03-06 01:39:59.308   579  1491 W NetworkIdentity: Active mobile network without subscriber!
03-06 01:39:59.367  1069  1926 I chatty  : uid=10066 com.google.android.gms.persistent expire 4 lines
03-06 01:39:59.433  1414  2094 I chatty  : uid=10066(com.google.android.gms) expire 14 lines
03-06 01:39:59.444  1069  1715 I chatty  : uid=10066 com.google.android.gms.persistent expire 6 lines
03-06 01:39:59.459  1069  2146 I chatty  : uid=10066 com.google.android.gms.persistent expire 6 lines
03-06 01:39:59.474  1069  1451 I chatty  : uid=10066 com.google.android.gms.persistent expire 2 lines
03-06 01:39:59.501  1069  1714 I chatty  : uid=10066 com.google.android.gms.persistent expire 6 lines
03-06 01:39:59.514   579  1755 W NetworkIdentity: Active mobile network without subscriber!
03-06 01:39:59.531   579   916 W NetworkIdentity: Active mobile network without subscriber!
03-06 01:39:59.532  2125  2185 I chatty  : uid=10066 com.google.android.gms.ui expire 2 lines
03-06 01:39:59.581  1557  2113 W uiu     : Attempted to read unclipped body before it was fetched for messageId: msg-f:1618223531407067616
03-06 01:39:59.598  1414  2119 I chatty  : uid=10066(com.google.android.gms) expire 7 lines
03-06 01:39:59.645  1069  1985 I chatty  : uid=10066 com.google.android.gms.persistent expire 10 lines
03-06 01:39:59.710  1414  2202 I chatty  : uid=10066(com.google.android.gms) expire 13 lines
03-06 01:39:59.716  1414  2154 I chatty  : uid=10066(com.google.android.gms) expire 12 lines
03-06 01:39:59.778  1414  1851 I chatty  : uid=10066(com.google.android.gms) expire 14 lines
03-06 01:39:59.785   579  1762 I chatty  : uid=1000(system) Binder:579_B expire 4 lines
03-06 01:39:59.841  1069  2047 I chatty  : uid=10066 com.google.android.gms.persistent expire 7 lines
03-06 01:39:59.844  1557  2113 W uiu     : Attempted to read unclipped body before it was fetched for messageId: msg-f:1618915669472652889
03-06 01:39:59.916  1571  1664 I CalendarSyncAdapter: Found no pending settings
03-06 01:39:59.937  1557  2113 W uiu     : Attempted to read unclipped body before it was fetched for messageId: msg-f:1619126587307968251
03-06 01:39:59.941  1414  2212 I chatty  : uid=10066(com.google.android.gms) expire 1 line
03-06 01:40:00.005  1069  1069 I chatty  : uid=10066 com.google.android.gms.persistent expire 15 lines
03-06 01:40:00.034  1557  2113 W uiu     : Attempted to read unclipped body before it was fetched for messageId: msg-f:1619489018268890514
03-06 01:40:00.071   784   784 I OmtpVvmCarrierCfgHlpr: Requesting VVM activation for subId: 1
03-06 01:40:00.087  1414  2203 I chatty  : uid=10066(com.google.android.gms) expire 1 line
03-06 01:40:00.163  1557  1951 W qoh     : Job(executeSyncTaskOnExecutionGuard#0.11) Restarting items sync with UPLOAD_AND_DOWNLOAD SyncMode because the server told us to.
03-06 01:40:00.163  1069  1871 I chatty  : uid=10066 com.google.android.gms.persistent expire 13 lines
03-06 01:40:00.230   274   354 V FFmpegExtractor: SniffFFMPEG
03-06 01:40:00.230   274   354 I FFmpegExtractor: android-source:0xf4263800
03-06 01:40:00.230   274   354 D FFMPEG  : android source begin open
03-06 01:40:00.230   274   354 D FFMPEG  : android open, url: android-source:0xf4263800
03-06 01:40:00.230   274   354 D FFMPEG  : ffmpeg open android data source success, source ptr: 0xf4263800
03-06 01:40:00.230   274   354 D FFMPEG  : android source open success
03-06 01:40:00.240   274   354 I FFMPEG  : Input #0, ogg, from 'android-source:0xf4263800':
03-06 01:40:00.240   274   354 I FFMPEG  :   Duration: 00:00:01.73, start: 0.000000, bitrate: 78 kb/s
03-06 01:40:00.240   274   354 I FFMPEG  :     Stream #0:0: Audio: vorbis, 48000 Hz, mono, fltp, 70 kb/s
03-06 01:40:00.240   274   354 I FFMPEG  :     Metadata:
03-06 01:40:00.240   274   354 I FFMPEG  :       TITLE           : Pixie Dust
03-06 01:40:00.240   274   354 I FFmpegExtractor: FFmpegExtrator, url: android-source:0xf4263800, format_name: ogg, format_long_name: Ogg
03-06 01:40:00.240   274   354 I FFmpegExtractor: list the formats suppoted by ffmpeg: 
03-06 01:40:00.240   274   354 I FFmpegExtractor: ========================================
03-06 01:40:00.240   274   354 V FFmpegExtractor: format_names[00]: mpeg
03-06 01:40:00.240   274   354 V FFmpegExtractor: format_names[01]: mpegts
03-06 01:40:00.240   274   354 V FFmpegExtractor: format_names[02]: mov,mp4,m4a,3gp,3g2,mj2
03-06 01:40:00.240   274   354 V FFmpegExtractor: format_names[03]: matroska,webm
03-06 01:40:00.240   274   354 V FFmpegExtractor: format_names[04]: asf
03-06 01:40:00.240   274   354 V FFmpegExtractor: format_names[05]: rm
03-06 01:40:00.240   274   354 V FFmpegExtractor: format_names[06]: flv
03-06 01:40:00.240   274   354 V FFmpegExtractor: format_names[07]: swf
03-06 01:40:00.240   274   354 V FFmpegExtractor: format_names[08]: avi
03-06 01:40:00.240   274   354 V FFmpegExtractor: format_names[09]: ape
03-06 01:40:00.240   274   354 V FFmpegExtractor: format_names[10]: dts
03-06 01:40:00.240   274   354 V FFmpegExtractor: format_names[11]: flac
03-06 01:40:00.240   274   354 V FFmpegExtractor: format_names[12]: ac3
03-06 01:40:00.240   274   354 V FFmpegExtractor: format_names[13]: wav
03-06 01:40:00.240   274   354 V FFmpegExtractor: format_names[14]: ogg
03-06 01:40:00.240   274   354 V FFmpegExtractor: format_names[15]: vc1
03-06 01:40:00.240   274   354 V FFmpegExtractor: format_names[16]: hevc
03-06 01:40:00.240   274   354 I FFmpegExtractor: ========================================
03-06 01:40:00.240   274   354 I FFmpegExtractor: adjust mime(application/ogg -> audio/vorbis)
03-06 01:40:00.240   274   354 D FFmpegExtractor: suppoted codec(vorbis) by official Stagefright
03-06 01:40:00.240   274   354 D FFMPEG  : android source close
03-06 01:40:00.240   274   354 I FFmpegExtractor: sniff through BetterSniffFFMPEG success
03-06 01:40:00.240   274   354 D FFmpegExtractor: ffmpeg detected media content as 'audio/vorbis' with confidence 0.08
03-06 01:40:00.250   275  2227 D NuPlayerDriver: notifyListener_l(0xf4a28f60), (1, 0, 0), loop setting(0, 0)
03-06 01:40:00.251   672  2220 D MediaPlayer: setSubtitleAnchor in MediaPlayer
03-06 01:40:00.270   275   379 D NuPlayerDriver: start(0xf4a28f60), state is 4, eos is 0
03-06 01:40:00.270   275  2227 I GenericSource: start
03-06 01:40:00.276   275  2238 I MediaPlayerService: MediaPlayerService::getOMX
03-06 01:40:00.277   275  2238 I OMXClient: MuxOMX ctor
03-06 01:40:00.277   272   272 I OMXMaster: makeComponentInstance(OMX.google.vorbis.decoder) in mediacodec process
03-06 01:40:00.296   272   762 E OMXNodeInstance: setConfig(1100023:google.vorbis.decoder, ConfigPriority(0x6f800002)) ERROR: Undefined(0x80001001)
03-06 01:40:00.296   275  2238 I ACodec  : codec does not support config priority (err -2147483648)
03-06 01:40:00.298   275  2238 I MediaCodec: MediaCodec will operate in async mode
03-06 01:40:00.312   275  2236 D AudioTrack: Client defaulted notificationFrames to 8169 for frameCount 24508
03-06 01:40:00.313   275  2227 D NuPlayerDriver: notifyListener_l(0xf4a28f60), (6, 0, 0), loop setting(0, 0)
03-06 01:40:00.392  1557  1568 W art     : Suspending all threads took: 12.959ms
03-06 01:40:00.468  1069  2060 I chatty  : uid=10066 com.google.android.gms.persistent expire 15 lines
03-06 01:40:00.474  1069  2246 I chatty  : uid=10066 com.google.android.gms.persistent expire 7 lines
03-06 01:40:00.555  1069  2009 I chatty  : uid=10066 com.google.android.gms.persistent expire 10 lines
03-06 01:40:00.572  1069  2239 I chatty  : uid=10066 com.google.android.gms.persistent expire 22 lines
03-06 01:40:00.798  1069  1448 I chatty  : uid=10066 com.google.android.gms.persistent expire 11 lines
03-06 01:40:00.825   784  2257 D SIP     : [SipPreferences] isReceivingCallsEnabled, option not set; use default value, exception: android.provider.Settings$SettingNotFoundException: sip_receive_calls
03-06 01:40:00.868   579  1754 W NetworkIdentity: Active mobile network without subscriber!
03-06 01:40:00.868   579  1754 W NetworkIdentity: Active mobile network without subscriber!
03-06 01:40:00.868   579  1754 W NetworkIdentity: Active mobile network without subscriber!
03-06 01:40:00.868   579  1754 W NetworkIdentity: Active mobile network without subscriber!
03-06 01:40:00.868   579  1754 W NetworkIdentity: Active mobile network without subscriber!
03-06 01:40:00.868   579  1754 W NetworkIdentity: Active mobile network without subscriber!
03-06 01:40:00.868   579  1754 W NetworkIdentity: Active mobile network without subscriber!
03-06 01:40:00.868   579  1754 W NetworkIdentity: Active mobile network without subscriber!
03-06 01:40:00.868   579  1754 W NetworkIdentity: Active mobile network without subscriber!
03-06 01:40:01.000  1069  1077 I chatty  : uid=10066 com.google.android.gms.persistent expire 1 line
03-06 01:40:01.004  1414  1710 I chatty  : uid=10066(com.google.android.gms) expire 26 lines
03-06 01:40:01.055  1069  1872 I chatty  : uid=10066 com.google.android.gms.persistent expire 4 lines
03-06 01:40:01.184   275  2236 W AudioTrack: getTimestamp() location moved from kernel to server
03-06 01:40:01.266   273   353 E Drm     : Failed to find drm plugin
03-06 01:40:01.272  1928  2268 I chatty  : uid=10066 com.google.android.gms.unstable expire 1 line
03-06 01:40:01.295  1414  2264 I chatty  : uid=10066(com.google.android.gms) expire 1 line
03-06 01:40:01.557   275  2237 I NuPlayerDecoder: [audio] saw output EOS
03-06 01:40:01.574  1557  1562 I art     : Do partial code cache collection, code=116KB, data=112KB
03-06 01:40:01.579  1557  1562 I art     : After code cache collection, code=114KB, data=111KB
03-06 01:40:01.579  1557  1562 I art     : Increasing code cache capacity to 512KB
03-06 01:40:01.853  1557  1562 I art     : JIT allocated 51KB for compiled code of int aaqa.b(java.lang.Object)
03-06 01:40:01.853  1557  1562 I art     : Compiler allocated 9MB to compile int aaqa.b(java.lang.Object)
03-06 01:40:01.874  1928  1943 I chatty  : uid=10066 com.google.android.gms.unstable expire 1 line
03-06 01:40:02.004   275  2227 D NuPlayerDriver: notifyListener_l(0xf4a28f60), (2, 0, 0), loop setting(0, 0)
03-06 01:40:02.060  1557  1562 I art     : Compiler allocated 6MB to compile void aaqa.a(java.lang.Object, aasb)
03-06 01:40:02.187  1557  1562 I art     : Do full code cache collection, code=251KB, data=222KB
03-06 01:40:02.187  1557  1562 I art     : After code cache collection, code=199KB, data=143KB
03-06 01:40:02.295  1414  2280 I chatty  : uid=10066(com.google.android.gms) expire 7 lines
03-06 01:40:02.457  1342  1398 I chatty  : uid=10063(com.android.vending) expire 149 lines
03-06 01:40:02.517  1069  2048 I chatty  : uid=10066 com.google.android.gms.persistent expire 12 lines
03-06 01:40:03.164  1414  1901 I chatty  : uid=10066(com.google.android.gms) expire 6 lines
03-06 01:40:03.431  1414  1493 I chatty  : uid=10066(com.google.android.gms) expire 10 lines
03-06 01:40:03.472  1069  2027 I chatty  : uid=10066 com.google.android.gms.persistent expire 5 lines
03-06 01:40:03.593   273   353 E Drm     : Failed to find drm plugin
03-06 01:40:03.606  1928  2300 I chatty  : uid=10066 com.google.android.gms.unstable expire 1 line
03-06 01:40:03.641  1414  2304 I chatty  : uid=10066(com.google.android.gms) expire 5 lines
03-06 01:40:03.690   579   881 W NetworkIdentity: Active mobile network without subscriber!
03-06 01:40:03.690   579   881 W NetworkIdentity: Active mobile network without subscriber!
03-06 01:40:03.690   579   881 W NetworkIdentity: Active mobile network without subscriber!
03-06 01:40:03.690   579   881 W NetworkIdentity: Active mobile network without subscriber!
03-06 01:40:03.690   579   881 W NetworkIdentity: Active mobile network without subscriber!
03-06 01:40:03.690   579   881 W NetworkIdentity: Active mobile network without subscriber!
03-06 01:40:03.690   579   881 W NetworkIdentity: Active mobile network without subscriber!
03-06 01:40:03.690   579   881 W NetworkIdentity: Active mobile network without subscriber!
03-06 01:40:03.690   579   881 W NetworkIdentity: Active mobile network without subscriber!
03-06 01:40:03.780  1069  2231 I chatty  : uid=10066 com.google.android.gms.persistent expire 12 lines
03-06 01:40:03.840  1414  2305 I chatty  : uid=10066(com.google.android.gms) expire 2 lines
03-06 01:40:03.877  1342  2084 I chatty  : uid=10063(com.android.vending) expire 1 line
03-06 01:40:04.025  1414  2271 I chatty  : uid=10066(com.google.android.gms) expire 15 lines
03-06 01:40:04.075   270   270 I chatty  : uid=0(root) /system/bin/installd expire 10 lines
03-06 01:40:04.143  1069  2145 I chatty  : uid=10066 com.google.android.gms.persistent expire 1 line
03-06 01:40:04.147  1109  2317 D DownloadManager: [157] Starting
03-06 01:40:04.177  1109  2317 W System  : ClassLoader referenced unknown path: 
03-06 01:40:04.182  1109  2317 D NetworkSecurityConfig: No Network Security Config specified, using platform default
03-06 01:40:04.184  1414  2320 I chatty  : uid=10066(com.google.android.gms) expire 2 lines
03-06 01:40:04.184  1109  2317 D NetworkSecurityConfig: No Network Security Config specified, using platform default
03-06 01:40:04.227  1414  2322 I chatty  : uid=10066(com.google.android.gms) expire 6 lines
03-06 01:40:04.347  1414  1783 I chatty  : uid=10066(com.google.android.gms) expire 6 lines
03-06 01:40:04.377  1414  1419 I chatty  : uid=10066(com.google.android.gms) expire 6 lines
03-06 01:40:04.563   579   920 W NetworkIdentity: Active mobile network without subscriber!
03-06 01:40:04.565   579  1764 W NetworkIdentity: Active mobile network without subscriber!
03-06 01:40:04.578   579  1754 W NetworkIdentity: Active mobile network without subscriber!
03-06 01:40:04.580   579  1764 W NetworkIdentity: Active mobile network without subscriber!
03-06 01:40:04.646  1342  2332 I chatty  : uid=10063(com.android.vending) expire 1 line
03-06 01:40:04.653   784   797 D TelephonyProvider: getPreferredApnIdFromApn: for subId 1
03-06 01:40:04.674  1571  2298 I CalendarSyncAdapter: Found no pending settings
03-06 01:40:04.686  2334  2334 I chatty  : uid=10063 com.android.vending:instant_app_installer expire 4 lines
03-06 01:40:04.691   579  1998 I ActivityManager: Start proc 2334:com.android.vending:instant_app_installer/u0a63 for service com.android.vending/com.google.android.finsky.instantapps.statussync.StatusSyncService
03-06 01:40:04.694  1318  1945 I chatty  : uid=10066(com.google.android.gms) Binder:1318_5 expire 1 line
03-06 01:40:04.826  1571  2357 W AbstractGoogleClient: Application name is not set. Call Builder#setApplicationName.
03-06 01:40:04.892  1788  1788 E ConfigUpdater: Received malformed URL while handling Gservices.CHANGED_ACTION intent_firewall: null null
03-06 01:40:04.909  1788  1788 E ConfigUpdater: Received malformed URL while handling Gservices.CHANGED_ACTION apn_db: null null
03-06 01:40:04.919  1788  1788 E ConfigUpdater: Received malformed URL while handling Gservices.CHANGED_ACTION tzdata: null null
03-06 01:40:04.937  1788  1788 E ConfigUpdater: Received malformed URL while handling Gservices.CHANGED_ACTION selinux: null null
03-06 01:40:04.951  1788  1788 E ConfigUpdater: Received malformed URL while handling Gservices.CHANGED_ACTION carrier_provisioning_urls: null null
03-06 01:40:05.049  2334  2373 I chatty  : uid=10063 com.android.vending:instant_app_installer expire 10 lines
03-06 01:40:05.594  2334  2381 I chatty  : uid=10063 com.android.vending:instant_app_installer expire 2 lines
03-06 01:40:05.725  1557  1562 I art     : Do partial code cache collection, code=249KB, data=188KB
03-06 01:40:05.731  1557  1562 I art     : After code cache collection, code=242KB, data=185KB
03-06 01:40:05.731  1557  1562 I art     : Increasing code cache capacity to 1024KB
03-06 01:40:05.879  2334  2382 I chatty  : uid=10063 com.android.vending:instant_app_installer expire 6 lines
03-06 01:40:05.958  1557  1557 W twa     : Already started: twa@d1bfa7
03-06 01:40:06.010   278   558 D baseband-sms: index:1/1
03-06 01:40:06.010   278   558 D baseband-sms: txt:'FQKf.:et#W'
03-06 01:40:06.019   278   558 D baseband-sms: newsms
03-06 01:40:06.019   278   558 D baseband-sms: sender:(N/A)
03-06 01:40:06.019   278   558 D baseband-sms: receiver:122
03-06 01:40:06.106  1557  1557 W vra     : sections == null.  missed changes on list uss{type=SAPI_LL_TYPE_SECTIONED_INBOX_PRIMARY_UNREAD, priority=DEFAULT, pauseState=RESUMED, #elements=31}
03-06 01:40:06.109  1557  1557 W vra     : sections == null.  missed changes on list uss{type=SAPI_LL_TYPE_SECTIONED_INBOX_PRIMARY_UNREAD, priority=DEFAULT, pauseState=RESUMED, #elements=31}
03-06 01:40:06.118  1557  1952 W ouv     : Job(ItemMessageListService:setItemMessageListPriority#0.39) Unrecognized ItemMessageList itemMessageList-thread-f:1627101627756984619-5. Has it already been stopped?
03-06 01:40:06.161  1557  1952 W ouv     : Job(ItemMessageListService:setItemMessageListPriority#0.42) Unrecognized ItemMessageList itemMessageList-thread-f:1627068875368664336-6. Has it already been stopped?
03-06 01:40:06.201  1557  1954 W ouv     : Job(ItemMessageListService:setItemMessageListPriority#0.45) Unrecognized ItemMessageList itemMessageList-thread-f:1626113751881089690-7. Has it already been stopped?
03-06 01:40:06.271  1557  1952 W ouv     : Job(ItemMessageListService:setItemMessageListPriority#0.48) Unrecognized ItemMessageList itemMessageList-thread-f:1625923980270338346-8. Has it already been stopped?
03-06 01:40:06.275  1557  1562 I art     : Compiler allocated 5MB to compile void aaqa.a(java.lang.Object, aaqk, aany)
03-06 01:40:06.321  1557  1954 W ouv     : Job(ItemMessageListService:setItemMessageListPriority#0.51) Unrecognized ItemMessageList itemMessageList-thread-f:1625804264564292608-9. Has it already been stopped?
03-06 01:40:06.365  1557  1951 W ouv     : Job(ItemMessageListService:setItemMessageListPriority#0.54) Unrecognized ItemMessageList itemMessageList-thread-f:1624565026068657650-10. Has it already been stopped?
03-06 01:40:06.448  1557  1951 W ouv     : Job(ItemMessageListService:setItemMessageListPriority#0.57) Unrecognized ItemMessageList itemMessageList-thread-f:1623397877526232996-11. Has it already been stopped?
03-06 01:40:06.484  1557  1953 W ouv     : Job(ItemMessageListService:setItemMessageListPriority#0.60) Unrecognized ItemMessageList itemMessageList-thread-f:1622028145769915391-12. Has it already been stopped?
03-06 01:40:06.510  1557  1952 W ouv     : Job(ItemMessageListService:setItemMessageListPriority#0.63) Unrecognized ItemMessageList itemMessageList-thread-f:1621391434491789788-13. Has it already been stopped?
03-06 01:40:06.554  1557  1951 W ouv     : Job(ItemMessageListService:setItemMessageListPriority#0.66) Unrecognized ItemMessageList itemMessageList-thread-f:1621175751738977948-14. Has it already been stopped?
03-06 01:40:06.603  1557  1954 W ouv     : Job(ItemMessageListService:setItemMessageListPriority#0.69) Unrecognized ItemMessageList itemMessageList-thread-f:1620462873276161915-15. Has it already been stopped?
03-06 01:40:06.647  1557  1951 W ouv     : Job(ItemMessageListService:setItemMessageListPriority#0.72) Unrecognized ItemMessageList itemMessageList-thread-f:1620419930706088397-16. Has it already been stopped?
03-06 01:40:06.712  1557  1954 W ouv     : Job(ItemMessageListService:setItemMessageListPriority#0.75) Unrecognized ItemMessageList itemMessageList-thread-f:1620383836992461261-17. Has it already been stopped?
03-06 01:40:06.841  1557  1953 W ouv     : Job(ItemMessageListService:setItemMessageListPriority#0.78) Unrecognized ItemMessageList itemMessageList-thread-f:1620124970854732540-18. Has it already been stopped?
03-06 01:40:06.888  1557  1953 W ouv     : Job(ItemMessageListService:setItemMessageListPriority#0.81) Unrecognized ItemMessageList itemMessageList-thread-f:1619635600081000314-19. Has it already been stopped?
03-06 01:40:06.936  1557  1954 W ouv     : Job(ItemMessageListService:setItemMessageListPriority#0.84) Unrecognized ItemMessageList itemMessageList-thread-f:1619489018268890514-20. Has it already been stopped?
03-06 01:40:06.967  1557  1952 W ouv     : Job(ItemMessageListService:setItemMessageListPriority#0.87) Unrecognized ItemMessageList itemMessageList-thread-f:1619126587307968251-21. Has it already been stopped?
03-06 01:40:07.023  1557  1953 W ouv     : Job(ItemMessageListService:setItemMessageListPriority#0.90) Unrecognized ItemMessageList itemMessageList-thread-f:1618915669472652889-22. Has it already been stopped?
03-06 01:40:07.068  1557  1951 W ouv     : Job(ItemMessageListService:setItemMessageListPriority#0.93) Unrecognized ItemMessageList itemMessageList-thread-f:1618223531407067616-23. Has it already been stopped?
03-06 01:40:07.111  1571  2362 I CalendarSyncAdapter: Found no pending settings
03-06 01:40:07.136  1557  1954 W ouv     : Job(ItemMessageListService:setItemMessageListPriority#0.96) Unrecognized ItemMessageList itemMessageList-thread-f:1618162140666170712-24. Has it already been stopped?
03-06 01:40:07.246  1557  1877 W uiu     : Attempted to read unclipped body before it was fetched for messageId: msg-f:1618162140666170712
03-06 01:40:07.327  1557  1877 W uiu     : Attempted to read unclipped body before it was fetched for messageId: msg-f:1618223531407067616
03-06 01:40:07.479  1557  1877 W uiu     : Attempted to read unclipped body before it was fetched for messageId: msg-f:1618915669472652889
03-06 01:40:07.562  1557  1877 W uiu     : Attempted to read unclipped body before it was fetched for messageId: msg-f:1619126587307968251
03-06 01:40:07.626  1557  1877 W uiu     : Attempted to read unclipped body before it was fetched for messageId: msg-f:1619489018268890514
03-06 01:40:07.655  1618  1672 D InitAlarmsService: Clearing and rescheduling alarms.
03-06 01:40:07.662   579  1763 I ActivityManager: Killing 1196:com.android.keychain/1000 (adj 906): empty #17
03-06 01:40:07.713  1557  1877 W uiu     : Attempted to read unclipped body before it was fetched for messageId: msg-f:1619635600081000314
03-06 01:40:07.749  1069  2398 I chatty  : uid=10066 com.google.android.gms.persistent expire 10 lines
03-06 01:40:07.842  2407  2407 W art     : Unexpected CPU variant for X86 using defaults: x86
03-06 01:40:07.843   579   881 I ActivityManager: Start proc 2407:com.android.chrome/u0a75 for broadcast com.android.chrome/com.google.android.apps.chrome.icing.AppIndexingUpdateReceiver
03-06 01:40:07.903  2407  2407 W ActivityThread: Application com.android.chrome can be debugged on port 8100...
03-06 01:40:07.941  1557  1877 W uiu     : Attempted to read unclipped body before it was fetched for messageId: msg-f:1620124970854732540
03-06 01:40:08.206  1557  1877 W uiu     : Attempted to read unclipped body before it was fetched for messageId: msg-f:1620383836992461261
03-06 01:40:08.258   579  1762 W ActivityManager: Unable to start service Intent { cmp=com.google.android.gms/.analytics.service.RefreshEnabledStateService } U=0: not found
03-06 01:40:08.328  1414  2426 I chatty  : uid=10066(com.google.android.gms) expire 29 lines
03-06 01:40:08.394  1557  1877 W uiu     : Attempted to read unclipped body before it was fetched for messageId: msg-f:1620419930706088397
03-06 01:40:08.560  1557  1877 W uiu     : Attempted to read unclipped body before it was fetched for messageId: msg-f:1620462873276161915
03-06 01:40:08.593  1414  2433 I chatty  : uid=10066(com.google.android.gms) expire 1 line
03-06 01:40:08.692  1557  1877 W uiu     : Attempted to read unclipped body before it was fetched for messageId: msg-f:1621175751738977948
03-06 01:40:08.730   579  1763 I ActivityManager: Killing 1130:com.android.printspooler/u0a56 (adj 906): empty #17
03-06 01:40:08.766  2407  2407 I cr_AppIndexingReceiver: Received broadcast "com.google.firebase.appindexing.UPDATE_INDEX"
03-06 01:40:08.780   579  1754 I ActivityManager: Killing 1526:com.android.dialer/u0a8 (adj 906): empty #17
03-06 01:40:08.811  1414  2429 I chatty  : uid=10066(com.google.android.gms) expire 7 lines
03-06 01:40:08.889  1414  2437 I chatty  : uid=10066(com.google.android.gms) expire 11 lines
03-06 01:40:08.923  1557  1877 W uiu     : Attempted to read unclipped body before it was fetched for messageId: msg-f:1621391434491789788
03-06 01:40:09.023  1557  1877 W uiu     : Attempted to read unclipped body before it was fetched for messageId: msg-f:1622028145769915391
03-06 01:40:09.154  1557  1877 W uiu     : Attempted to read unclipped body before it was fetched for messageId: msg-f:1623397877526232996
03-06 01:40:09.303  1557  1877 W uiu     : Attempted to read unclipped body before it was fetched for messageId: msg-f:1624565026068657650
03-06 01:40:09.403   273   353 E Drm     : Failed to find drm plugin
03-06 01:40:09.404  1928  2444 I chatty  : uid=10066 com.google.android.gms.unstable expire 8 lines
03-06 01:40:09.417  1557  1877 W uiu     : Attempted to read unclipped body before it was fetched for messageId: msg-f:1625804264564292608
03-06 01:40:09.481  1557  1877 W uiu     : Attempted to read unclipped body before it was fetched for messageId: msg-f:1625923980270338346
03-06 01:40:09.565  1557  1877 W uiu     : Attempted to read unclipped body before it was fetched for messageId: msg-f:1626113751881089690
03-06 01:40:09.697  1557  1877 W uiu     : Attempted to read unclipped body before it was fetched for messageId: msg-f:1627068875368664336
03-06 01:40:09.820  1557  1877 W uiu     : Attempted to read unclipped body before it was fetched for messageId: msg-f:1627101627756984619
